******************************************************************************
                  TI ARM Linker PC v16.9.1                     
******************************************************************************
>> Linked Tue Sep 12 12:03:14 2017

OUTPUT FILE NAME:   <calibration and lib testing.out>
ENTRY POINT SYMBOL: "_c_int00"  address: 000033d9


MEMORY CONFIGURATION

         name            origin    length      used     unused   attr    fill
----------------------  --------  ---------  --------  --------  ----  --------
  FLASH                 00000000   00040000  000038d2  0003c72e  R  X
  SRAM                  20000000   00008000  00000f10  000070f0  RW X


SEGMENT ALLOCATION MAP

run origin  load origin   length   init length attrs members
----------  ----------- ---------- ----------- ----- -------
00000000    00000000    000038d8   000038d8    r-x
  00000000    00000000    0000026c   0000026c    r-- .intvecs
  0000026c    0000026c    000034fe   000034fe    r-x .text
  0000376a    0000376a    00000118   00000118    r-- .const
  00003888    00003888    00000050   00000050    r-- .cinit
20000000    20000000    00000f14   00000000    rw-
  20000000    20000000    0000026c   00000000    rw- .vtable
  2000026c    2000026c    00000800   00000000    rw- .stack
  20000a70    20000a70    00000400   00000000    rw- .sysmem
  20000e70    20000e70    0000006c   00000000    rw- .bss
  20000edc    20000edc    00000038   00000000    rw- .data


SECTION ALLOCATION MAP

 output                                  attributes/
section   page    origin      length       input sections
--------  ----  ----------  ----------   ----------------
.intvecs   0    00000000    0000026c     
                  00000000    0000026c     tm4c123gh6pm_startup_ccs.obj (.intvecs)

.text      0    0000026c    000034fe     
                  0000026c    0000113e     rtsv7M4_T_le_v4SPD16_eabi.lib : _printfi.obj (.text)
                  000013aa    00000002                                   : mpu_init.obj (.text)
                  000013ac    00000a84     open_interface.obj (.text)
                  00001e30    000003d0     rtsv7M4_T_le_v4SPD16_eabi.lib : memory.obj (.text)
                  00002200    000002ec     lcd.obj (.text)
                  000024ec    000002d0     movement.obj (.text)
                  000027bc    000001f4     rtsv7M4_T_le_v4SPD16_eabi.lib : ull_div_t2.obj (.text)
                  000029b0    000001b6                                   : fd_add_t2.obj (.text)
                  00002b66    00000002                                   : startup.obj (.text)
                  00002b68    00000158     timer.obj (.text)
                  00002cc0    00000136     rtsv7M4_T_le_v4SPD16_eabi.lib : fd_div_t2.obj (.text)
                  00002df6    000000fc                                   : fd_mul_t2.obj (.text)
                  00002ef2    00000002     --HOLE-- [fill = 0]
                  00002ef4    000000fc                                   : s_scalbn.obj (.text)
                  00002ff0    0000009c                                   : memcpy_t2.obj (.text)
                  0000308c    00000088                                   : vsnprintf.obj (.text)
                  00003114    00000086                                   : fd_cmp_t2.obj (.text:__aeabi_cdcmple)
                  0000319a    00000086                                   : fd_cmp_t2.obj (.text:__aeabi_cdrcmple)
                  00003220    0000007a                                   : memset_t2.obj (.text)
                  0000329a    00000002     --HOLE-- [fill = 0]
                  0000329c    00000070                                   : autoinit.obj (.text)
                  0000330c    00000068                                   : copy_decompress_lzss.obj (.text:decompress:lzss)
                  00003374    00000064                                   : s_frexp.obj (.text)
                  000033d8    00000054                                   : boot.obj (.text)
                  0000342c    00000054                                   : exit.obj (.text)
                  00003480    00000054                                   : ltoa.obj (.text)
                  000034d4    0000004c                                   : atoi.obj (.text)
                  00003520    0000004c                                   : cpy_tbl.obj (.text)
                  0000356c    00000048                                   : fd_toi_t2.obj (.text)
                  000035b4    00000034     driverlib.lib : interrupt.obj (.text:IntRegister)
                  000035e8    00000032     helloworld.obj (.text)
                  0000361a    0000002e     rtsv7M4_T_le_v4SPD16_eabi.lib : i_tofd_t2.obj (.text)
                  00003648    0000001c                                   : memccpy.obj (.text)
                  00003664    00000018     open_interface.obj (.text:oi_parseInt)
                  0000367c    00000018     rtsv7M4_T_le_v4SPD16_eabi.lib : args_main.obj (.text)
                  00003694    00000018                                   : strcmp.obj (.text)
                  000036ac    00000016                                   : strchr.obj (.text)
                  000036c2    00000002     --HOLE-- [fill = 0]
                  000036c4    00000014                                   : _lock.obj (.text)
                  000036d8    00000014                                   : s_copysign.obj (.text)
                  000036ec    00000014                                   : strcpy.obj (.text)
                  00003700    00000014                                   : strlen.obj (.text)
                  00003714    00000010     driverlib.lib : interrupt.obj (.text:IntMasterEnable)
                  00003724    00000010     lcd.obj (.text:lcd_clear)
                  00003734    0000000e     rtsv7M4_T_le_v4SPD16_eabi.lib : copy_decompress_none.obj (.text:decompress:none)
                  00003742    0000000c     driverlib.lib : cpu.obj (.text:CPUcpsie)
                  0000374e    0000000c     rtsv7M4_T_le_v4SPD16_eabi.lib : copy_zero_init.obj (.text:decompress:ZI)
                  0000375a    0000000c     tm4c123gh6pm_startup_ccs.obj (.text)
                  00003766    00000004     rtsv7M4_T_le_v4SPD16_eabi.lib : pre_init.obj (.text)

.const     0    0000376a    00000118     
                  0000376a    00000101     rtsv7M4_T_le_v4SPD16_eabi.lib : ctype.obj (.const:.string:_ctypes_)
                  0000386b    0000000f     open_interface.obj (.const:.string:$P$T0$3)
                  0000387a    00000004     lcd.obj (.const:.string:lineAddress$1)
                  0000387e    00000004     lcd.obj (.const:.string:lineAddresses$2)

.cinit     0    00003888    00000050     
                  00003888    0000001c     (.cinit..data.load) [load image, compression = lzss]
                  000038a4    0000000c     (__TI_handler_table)
                  000038b0    00000008     (.cinit..bss.load) [load image, compression = zero_init]
                  000038b8    00000008     (.cinit..vtable.load) [load image, compression = zero_init]
                  000038c0    00000018     (__TI_cinit_table)

.init_array 
*          0    00000000    00000000     UNINITIALIZED

.vtable    0    20000000    0000026c     UNINITIALIZED
                  20000000    0000026c     driverlib.lib : interrupt.obj (.vtable)

.stack     0    2000026c    00000800     UNINITIALIZED
                  2000026c    00000800     --HOLE--

.sysmem    0    20000a70    00000400     UNINITIALIZED
                  20000a70    00000008     rtsv7M4_T_le_v4SPD16_eabi.lib : memory.obj (.sysmem)
                  20000a78    000003f8     --HOLE--

.bss       0    20000e70    0000006c     UNINITIALIZED
                  20000e70    00000054     lcd.obj (.bss:lastbuffer$3)
                  20000ec4    00000018     open_interface.obj (.bss:firmware$2)

.data      0    20000edc    00000038     UNINITIALIZED
                  20000edc    00000010     open_interface.obj (.data)
                  20000eec    0000000c     rtsv7M4_T_le_v4SPD16_eabi.lib : exit.obj (.data:$O1$$)
                  20000ef8    0000000c                                   : memory.obj (.data:$O1$$)
                  20000f04    00000008                                   : _lock.obj (.data:$O1$$)
                  20000f0c    00000004                                   : errno.obj (.data)
                  20000f10    00000004                                   : stkdepth_vars.obj (.data)

MODULE SUMMARY

       Module                         code    ro data   rw data
       ------                         ----    -------   -------
    .\
       open_interface.obj             2716    15        40     
       lcd.obj                        764     8         84     
       movement.obj                   720     0         0      
       tm4c123gh6pm_startup_ccs.obj   12      620       0      
       timer.obj                      344     0         0      
       helloworld.obj                 50      0         0      
    +--+------------------------------+-------+---------+---------+
       Total:                         4606    643       124    
                                                               
    C:/ti/TivaWare_C_Series-2.1.2.111/driverlib/ccs/Debug/driverlib.lib
       interrupt.obj                  68      0         620    
       cpu.obj                        12      0         0      
    +--+------------------------------+-------+---------+---------+
       Total:                         80      0         620    
                                                               
    C:\ti\ccsv7\tools\compiler\ti-cgt-arm_16.9.1.LTS\lib\rtsv7M4_T_le_v4SPD16_eabi.lib
       _printfi.obj                   4414    0         0      
       memory.obj                     976     0         12     
       ull_div_t2.obj                 500     0         0      
       fd_add_t2.obj                  438     0         0      
       fd_div_t2.obj                  310     0         0      
       fd_cmp_t2.obj                  268     0         0      
       ctype.obj                      0       257       0      
       fd_mul_t2.obj                  252     0         0      
       s_scalbn.obj                   252     0         0      
       memcpy_t2.obj                  156     0         0      
       vsnprintf.obj                  136     0         0      
       memset_t2.obj                  122     0         0      
       autoinit.obj                   112     0         0      
       copy_decompress_lzss.obj       104     0         0      
       s_frexp.obj                    100     0         0      
       exit.obj                       84      0         12     
       boot.obj                       84      0         0      
       ltoa.obj                       84      0         0      
       atoi.obj                       76      0         0      
       cpy_tbl.obj                    76      0         0      
       fd_toi_t2.obj                  72      0         0      
       i_tofd_t2.obj                  46      0         0      
       _lock.obj                      20      0         8      
       memccpy.obj                    28      0         0      
       args_main.obj                  24      0         0      
       strcmp.obj                     24      0         0      
       strchr.obj                     22      0         0      
       s_copysign.obj                 20      0         0      
       strcpy.obj                     20      0         0      
       strlen.obj                     20      0         0      
       copy_decompress_none.obj       14      0         0      
       copy_zero_init.obj             12      0         0      
       errno.obj                      0       0         4      
       pre_init.obj                   4       0         0      
       stkdepth_vars.obj              0       0         4      
       mpu_init.obj                   2       0         0      
       startup.obj                    2       0         0      
    +--+------------------------------+-------+---------+---------+
       Total:                         8874    257       40     
                                                               
       Heap:                          0       0         1024   
       Stack:                         0       0         2048   
       Linker Generated:              0       80        0      
    +--+------------------------------+-------+---------+---------+
       Grand Total:                   13560   980       3856   


LINKER GENERATED COPY TABLES

__TI_cinit_table @ 000038c0 records: 3, size/record: 8, table size: 24
	.data: load addr=00003888, load size=0000001c bytes, run addr=20000edc, run size=00000038 bytes, compression=lzss
	.bss: load addr=000038b0, load size=00000008 bytes, run addr=20000e70, run size=0000006c bytes, compression=zero_init
	.vtable: load addr=000038b8, load size=00000008 bytes, run addr=20000000, run size=0000026c bytes, compression=zero_init


LINKER GENERATED HANDLER TABLE

__TI_handler_table @ 000038a4 records: 3, size/record: 4, table size: 12
	index: 0, handler: __TI_zero_init
	index: 1, handler: __TI_decompress_lzss
	index: 2, handler: __TI_decompress_none


GLOBAL SYMBOLS: SORTED ALPHABETICALLY BY Name 

address   name                            
-------   ----                            
0000342d  C$$EXIT                         
00003743  CPUcpsie                        
00001ca3  GPIOF_Handler                   
00003715  IntMasterEnable                 
000035b5  IntRegister                     
0000375b  ResetISR                        
UNDEFED   SHT$$INIT_ARRAY$$Base           
UNDEFED   SHT$$INIT_ARRAY$$Limit          
20000a6c  __STACK_END                     
00000800  __STACK_SIZE                    
2000046c  __STACK_TOP                     
00000400  __SYSMEM_SIZE                   
000038c0  __TI_CINIT_Base                 
000038d8  __TI_CINIT_Limit                
000038a4  __TI_Handler_Table_Base         
000038b0  __TI_Handler_Table_Limit        
0000329d  __TI_auto_init                  
20000eec  __TI_cleanup_ptr                
0000330d  __TI_decompress_lzss            
00003735  __TI_decompress_none            
20000ef0  __TI_dtors_ptr                  
20000ef4  __TI_enable_exit_profile_output 
ffffffff  __TI_pprof_out_hndl             
00000ab1  __TI_printfi                    
ffffffff  __TI_prof_data_size             
ffffffff  __TI_prof_data_start            
00000000  __TI_static_base__              
0000374f  __TI_zero_init                  
00003115  __aeabi_cdcmpeq                 
00003115  __aeabi_cdcmple                 
0000319b  __aeabi_cdrcmple                
0000356d  __aeabi_d2iz                    
000029bb  __aeabi_dadd                    
00002cc1  __aeabi_ddiv                    
00002df7  __aeabi_dmul                    
000029b1  __aeabi_dsub                    
0000361b  __aeabi_i2d                     
00003221  __aeabi_memclr                  
00003221  __aeabi_memclr4                 
00003221  __aeabi_memclr8                 
00002ff1  __aeabi_memcpy                  
00002ff1  __aeabi_memcpy4                 
00002ff1  __aeabi_memcpy8                 
00003223  __aeabi_memset                  
00003223  __aeabi_memset4                 
00003223  __aeabi_memset8                 
000027bd  __aeabi_uldivmod                
ffffffff  __binit__                       
ffffffff  __c_args__                      
000013ab  __mpu_init                      
2000026c  __stack                         
0000367d  _args_main                      
000033d9  _c_int00                        
0000376a  _ctypes_                        
20000f04  _lock                           
000036d3  _nop                            
000036cb  _register_lock                  
000036c5  _register_unlock                
20000a70  _sys_memory                     
00002b67  _system_post_cinit              
00003767  _system_pre_init                
20000f08  _unlock                         
00003431  abort                           
000034d5  atoi                            
ffffffff  binit                           
000021d1  calloc                          
00003521  copy_in                         
000036d9  copysign                        
000036d9  copysignl                       
20000f0c  errno                           
00003439  exit                            
00001f1b  free                            
00003375  frexp                           
00003375  frexpl                          
20000000  g_pfnRAMVectors                 
00000000  g_pfnVectors                    
00001cc5  getDegrees                      
00001a51  go_charge                       
00003725  lcd_clear                       
00002399  lcd_gotoLine                    
00002201  lcd_init                        
000023ff  lcd_printf                      
000022c1  lcd_putc                        
000022f9  lcd_puts                        
00002317  lcd_sendCommand                 
00002355  lcd_sendNibble                  
000023c1  lcd_setCursorPos                
00002ef5  ldexp                           
00002ef5  ldexpl                          
00003481  ltoa                            
000035e9  main                            
20000f10  main_func_sp                    
00001eb1  malloc                          
000020e5  memalign                        
00003649  memccpy                         
00002ff1  memcpy                          
00003229  memset                          
00001e31  minit                           
00002551  move_back_mm_at_speed           
000024ed  move_cm_at_full_speed           
00002501  move_mm_at_speed                
000025a5  move_mm_at_speed_until_collision
000013ad  oi_alloc                        
00001b7b  oi_checkFirmware                
00001403  oi_close                        
000013b9  oi_free                         
000013ed  oi_init                         
000013c9  oi_init_noupdate                
000019e7  oi_loadSong                     
00003665  oi_parseInt                     
00001467  oi_parsePacket                  
00001a3d  oi_play_song                    
00001961  oi_setLeds                      
000019a5  oi_setWheels                    
00001c31  oi_shutoff_init                 
00001a5f  oi_uartInit                     
00001b03  oi_uartReceive                  
00001b49  oi_uartSendBuff                 
00001ae7  oi_uartSendChar                 
00001b2b  oi_uartSendStr                  
00001415  oi_update                       
00001fdd  realloc                         
00002ef5  scalbn                          
00002ef5  scalbnl                         
000036ad  strchr                          
00003695  strcmp                          
000036ed  strcpy                          
00003701  strlen                          
00002c79  timer_getClock                  
00002c2d  timer_startClock                
00002bc7  timer_startTimer                
00002c7f  timer_stopClock                 
00002c17  timer_stopTimer                 
00002b9d  timer_waitMicros                
00002b69  timer_waitMillis                
0000272b  turn_left                       
000026b7  turn_right                      
0000308d  vsnprintf                       


GLOBAL SYMBOLS: SORTED BY Symbol Address 

address   name                            
-------   ----                            
00000000  __TI_static_base__              
00000000  g_pfnVectors                    
00000400  __SYSMEM_SIZE                   
00000800  __STACK_SIZE                    
00000ab1  __TI_printfi                    
000013ab  __mpu_init                      
000013ad  oi_alloc                        
000013b9  oi_free                         
000013c9  oi_init_noupdate                
000013ed  oi_init                         
00001403  oi_close                        
00001415  oi_update                       
00001467  oi_parsePacket                  
00001961  oi_setLeds                      
000019a5  oi_setWheels                    
000019e7  oi_loadSong                     
00001a3d  oi_play_song                    
00001a51  go_charge                       
00001a5f  oi_uartInit                     
00001ae7  oi_uartSendChar                 
00001b03  oi_uartReceive                  
00001b2b  oi_uartSendStr                  
00001b49  oi_uartSendBuff                 
00001b7b  oi_checkFirmware                
00001c31  oi_shutoff_init                 
00001ca3  GPIOF_Handler                   
00001cc5  getDegrees                      
00001e31  minit                           
00001eb1  malloc                          
00001f1b  free                            
00001fdd  realloc                         
000020e5  memalign                        
000021d1  calloc                          
00002201  lcd_init                        
000022c1  lcd_putc                        
000022f9  lcd_puts                        
00002317  lcd_sendCommand                 
00002355  lcd_sendNibble                  
00002399  lcd_gotoLine                    
000023c1  lcd_setCursorPos                
000023ff  lcd_printf                      
000024ed  move_cm_at_full_speed           
00002501  move_mm_at_speed                
00002551  move_back_mm_at_speed           
000025a5  move_mm_at_speed_until_collision
000026b7  turn_right                      
0000272b  turn_left                       
000027bd  __aeabi_uldivmod                
000029b1  __aeabi_dsub                    
000029bb  __aeabi_dadd                    
00002b67  _system_post_cinit              
00002b69  timer_waitMillis                
00002b9d  timer_waitMicros                
00002bc7  timer_startTimer                
00002c17  timer_stopTimer                 
00002c2d  timer_startClock                
00002c79  timer_getClock                  
00002c7f  timer_stopClock                 
00002cc1  __aeabi_ddiv                    
00002df7  __aeabi_dmul                    
00002ef5  ldexp                           
00002ef5  ldexpl                          
00002ef5  scalbn                          
00002ef5  scalbnl                         
00002ff1  __aeabi_memcpy                  
00002ff1  __aeabi_memcpy4                 
00002ff1  __aeabi_memcpy8                 
00002ff1  memcpy                          
0000308d  vsnprintf                       
00003115  __aeabi_cdcmpeq                 
00003115  __aeabi_cdcmple                 
0000319b  __aeabi_cdrcmple                
00003221  __aeabi_memclr                  
00003221  __aeabi_memclr4                 
00003221  __aeabi_memclr8                 
00003223  __aeabi_memset                  
00003223  __aeabi_memset4                 
00003223  __aeabi_memset8                 
00003229  memset                          
0000329d  __TI_auto_init                  
0000330d  __TI_decompress_lzss            
00003375  frexp                           
00003375  frexpl                          
000033d9  _c_int00                        
0000342d  C$$EXIT                         
00003431  abort                           
00003439  exit                            
00003481  ltoa                            
000034d5  atoi                            
00003521  copy_in                         
0000356d  __aeabi_d2iz                    
000035b5  IntRegister                     
000035e9  main                            
0000361b  __aeabi_i2d                     
00003649  memccpy                         
00003665  oi_parseInt                     
0000367d  _args_main                      
00003695  strcmp                          
000036ad  strchr                          
000036c5  _register_unlock                
000036cb  _register_lock                  
000036d3  _nop                            
000036d9  copysign                        
000036d9  copysignl                       
000036ed  strcpy                          
00003701  strlen                          
00003715  IntMasterEnable                 
00003725  lcd_clear                       
00003735  __TI_decompress_none            
00003743  CPUcpsie                        
0000374f  __TI_zero_init                  
0000375b  ResetISR                        
00003767  _system_pre_init                
0000376a  _ctypes_                        
000038a4  __TI_Handler_Table_Base         
000038b0  __TI_Handler_Table_Limit        
000038c0  __TI_CINIT_Base                 
000038d8  __TI_CINIT_Limit                
20000000  g_pfnRAMVectors                 
2000026c  __stack                         
2000046c  __STACK_TOP                     
20000a6c  __STACK_END                     
20000a70  _sys_memory                     
20000eec  __TI_cleanup_ptr                
20000ef0  __TI_dtors_ptr                  
20000ef4  __TI_enable_exit_profile_output 
20000f04  _lock                           
20000f08  _unlock                         
20000f0c  errno                           
20000f10  main_func_sp                    
ffffffff  __TI_pprof_out_hndl             
ffffffff  __TI_prof_data_size             
ffffffff  __TI_prof_data_start            
ffffffff  __binit__                       
ffffffff  __c_args__                      
ffffffff  binit                           
UNDEFED   SHT$$INIT_ARRAY$$Base           
UNDEFED   SHT$$INIT_ARRAY$$Limit          

[138 symbols]
