******************************************************************************
                  TI ARM Linker PC v16.9.1                     
******************************************************************************
>> Linked Fri Sep 22 13:52:25 2017

OUTPUT FILE NAME:   <Digital Wall Clock And Exploring On-Chip Debugging.out>
ENTRY POINT SYMBOL: "_c_int00"  address: 000026d1


MEMORY CONFIGURATION

         name            origin    length      used     unused   attr    fill
----------------------  --------  ---------  --------  --------  ----  --------
  FLASH                 00000000   00040000  00002b73  0003d48d  R  X
  SRAM                  20000000   00008000  00000aea  00007516  RW X


SEGMENT ALLOCATION MAP

run origin  load origin   length   init length attrs members
----------  ----------- ---------- ----------- ----- -------
00000000    00000000    00002b78   00002b78    r-x
  00000000    00000000    0000026c   0000026c    r-- .intvecs
  0000026c    0000026c    000027ae   000027ae    r-x .text
  00002a1a    00002a1a    00000109   00000109    r-- .const
  00002b28    00002b28    00000050   00000050    r-- .cinit
20000000    20000000    00000aed   00000000    rw-
  20000000    20000000    0000026c   00000000    rw- .vtable
  2000026c    2000026c    00000800   00000000    rw- .stack
  20000a6c    20000a6c    00000055   00000000    rw- .bss
  20000ac4    20000ac4    00000029   00000000    rw- .data


SECTION ALLOCATION MAP

 output                                  attributes/
section   page    origin      length       input sections
--------  ----  ----------  ----------   ----------------
.intvecs   0    00000000    0000026c     
                  00000000    0000026c     tm4c123gh6pm_startup_ccs.obj (.intvecs)

.text      0    0000026c    000027ae     
                  0000026c    0000113e     rtsv7M4_T_le_v4SPD16_eabi.lib : _printfi.obj (.text)
                  000013aa    00000002                                   : mpu_init.obj (.text)
                  000013ac    000002ec     lcd.obj (.text)
                  00001698    000001f4     rtsv7M4_T_le_v4SPD16_eabi.lib : ull_div_t2.obj (.text)
                  0000188c    000001b6                                   : fd_add_t2.obj (.text)
                  00001a42    000001b0     clock.obj (.text)
                  00001bf2    00000002     rtsv7M4_T_le_v4SPD16_eabi.lib : startup.obj (.text)
                  00001bf4    00000184     helloworld.obj (.text)
                  00001d78    00000158     timer.obj (.text)
                  00001ed0    00000136     rtsv7M4_T_le_v4SPD16_eabi.lib : fd_div_t2.obj (.text)
                  00002006    000000fc                                   : fd_mul_t2.obj (.text)
                  00002102    00000002     --HOLE-- [fill = 0]
                  00002104    000000fc                                   : s_scalbn.obj (.text)
                  00002200    000000e8     button.obj (.text)
                  000022e8    0000009c     rtsv7M4_T_le_v4SPD16_eabi.lib : memcpy_t2.obj (.text)
                  00002384    00000088                                   : vsnprintf.obj (.text)
                  0000240c    00000086                                   : fd_cmp_t2.obj (.text:__aeabi_cdcmple)
                  00002492    00000086                                   : fd_cmp_t2.obj (.text:__aeabi_cdrcmple)
                  00002518    0000007a                                   : memset_t2.obj (.text)
                  00002592    00000002     --HOLE-- [fill = 0]
                  00002594    00000070                                   : autoinit.obj (.text)
                  00002604    00000068                                   : copy_decompress_lzss.obj (.text:decompress:lzss)
                  0000266c    00000064                                   : s_frexp.obj (.text)
                  000026d0    00000054                                   : boot.obj (.text)
                  00002724    00000054                                   : exit.obj (.text)
                  00002778    00000054                                   : ltoa.obj (.text)
                  000027cc    0000004c                                   : atoi.obj (.text)
                  00002818    0000004c                                   : cpy_tbl.obj (.text)
                  00002864    00000048                                   : fd_toi_t2.obj (.text)
                  000028ac    00000034     driverlib.lib : interrupt.obj (.text:IntRegister)
                  000028e0    0000002e     rtsv7M4_T_le_v4SPD16_eabi.lib : i_tofd_t2.obj (.text)
                  0000290e    0000001c                                   : memccpy.obj (.text)
                  0000292a    00000002     --HOLE-- [fill = 0]
                  0000292c    00000018                                   : args_main.obj (.text)
                  00002944    00000018                                   : strcmp.obj (.text)
                  0000295c    00000016                                   : strchr.obj (.text)
                  00002972    00000002     --HOLE-- [fill = 0]
                  00002974    00000014                                   : _lock.obj (.text)
                  00002988    00000014                                   : s_copysign.obj (.text)
                  0000299c    00000014                                   : strcpy.obj (.text)
                  000029b0    00000014                                   : strlen.obj (.text)
                  000029c4    00000010     driverlib.lib : interrupt.obj (.text:IntMasterEnable)
                  000029d4    00000010     lcd.obj (.text:lcd_clear)
                  000029e4    0000000e     rtsv7M4_T_le_v4SPD16_eabi.lib : copy_decompress_none.obj (.text:decompress:none)
                  000029f2    0000000c     driverlib.lib : cpu.obj (.text:CPUcpsie)
                  000029fe    0000000c     rtsv7M4_T_le_v4SPD16_eabi.lib : copy_zero_init.obj (.text:decompress:ZI)
                  00002a0a    0000000c     tm4c123gh6pm_startup_ccs.obj (.text)
                  00002a16    00000004     rtsv7M4_T_le_v4SPD16_eabi.lib : pre_init.obj (.text)

.const     0    00002a1a    00000109     
                  00002a1a    00000101     rtsv7M4_T_le_v4SPD16_eabi.lib : ctype.obj (.const:.string:_ctypes_)
                  00002b1b    00000004     lcd.obj (.const:.string:lineAddress$1)
                  00002b1f    00000004     lcd.obj (.const:.string:lineAddresses$2)

.cinit     0    00002b28    00000050     
                  00002b28    00000017     (.cinit..data.load) [load image, compression = lzss]
                  00002b3f    00000001     --HOLE-- [fill = 0]
                  00002b40    0000000c     (__TI_handler_table)
                  00002b4c    00000004     --HOLE-- [fill = 0]
                  00002b50    00000008     (.cinit..bss.load) [load image, compression = zero_init]
                  00002b58    00000008     (.cinit..vtable.load) [load image, compression = zero_init]
                  00002b60    00000018     (__TI_cinit_table)

.init_array 
*          0    00000000    00000000     UNINITIALIZED

.vtable    0    20000000    0000026c     UNINITIALIZED
                  20000000    0000026c     driverlib.lib : interrupt.obj (.vtable)

.stack     0    2000026c    00000800     UNINITIALIZED
                  2000026c    00000800     --HOLE--

.bss       0    20000a6c    00000055     UNINITIALIZED
                  20000a6c    00000054     lcd.obj (.bss:lastbuffer$3)
                  20000ac0    00000001     (.common:_prevButton)

.data      0    20000ac4    00000029     UNINITIALIZED
                  20000ac4    0000000c     rtsv7M4_T_le_v4SPD16_eabi.lib : exit.obj (.data:$O1$$)
                  20000ad0    0000000c     helloworld.obj (.data)
                  20000adc    00000008     rtsv7M4_T_le_v4SPD16_eabi.lib : _lock.obj (.data:$O1$$)
                  20000ae4    00000004                                   : errno.obj (.data)
                  20000ae8    00000004                                   : stkdepth_vars.obj (.data)
                  20000aec    00000001     button.obj (.data)

MODULE SUMMARY

       Module                         code    ro data   rw data
       ------                         ----    -------   -------
    .\
       lcd.obj                        764     8         84     
       tm4c123gh6pm_startup_ccs.obj   12      620       0      
       clock.obj                      432     0         0      
       helloworld.obj                 388     0         12     
       timer.obj                      344     0         0      
       button.obj                     232     0         2      
    +--+------------------------------+-------+---------+---------+
       Total:                         2172    628       98     
                                                               
    C:/ti/TivaWare_C_Series-2.1.2.111/driverlib/ccs/Debug/driverlib.lib
       interrupt.obj                  68      0         620    
       cpu.obj                        12      0         0      
    +--+------------------------------+-------+---------+---------+
       Total:                         80      0         620    
                                                               
    C:\ti\ccsv7\tools\compiler\ti-cgt-arm_16.9.1.LTS\lib\rtsv7M4_T_le_v4SPD16_eabi.lib
       _printfi.obj                   4414    0         0      
       ull_div_t2.obj                 500     0         0      
       fd_add_t2.obj                  438     0         0      
       fd_div_t2.obj                  310     0         0      
       fd_cmp_t2.obj                  268     0         0      
       ctype.obj                      0       257       0      
       fd_mul_t2.obj                  252     0         0      
       s_scalbn.obj                   252     0         0      
       memcpy_t2.obj                  156     0         0      
       vsnprintf.obj                  136     0         0      
       memset_t2.obj                  122     0         0      
       autoinit.obj                   112     0         0      
       copy_decompress_lzss.obj       104     0         0      
       s_frexp.obj                    100     0         0      
       exit.obj                       84      0         12     
       boot.obj                       84      0         0      
       ltoa.obj                       84      0         0      
       atoi.obj                       76      0         0      
       cpy_tbl.obj                    76      0         0      
       fd_toi_t2.obj                  72      0         0      
       i_tofd_t2.obj                  46      0         0      
       _lock.obj                      20      0         8      
       memccpy.obj                    28      0         0      
       args_main.obj                  24      0         0      
       strcmp.obj                     24      0         0      
       strchr.obj                     22      0         0      
       s_copysign.obj                 20      0         0      
       strcpy.obj                     20      0         0      
       strlen.obj                     20      0         0      
       copy_decompress_none.obj       14      0         0      
       copy_zero_init.obj             12      0         0      
       errno.obj                      0       0         4      
       pre_init.obj                   4       0         0      
       stkdepth_vars.obj              0       0         4      
       mpu_init.obj                   2       0         0      
       startup.obj                    2       0         0      
    +--+------------------------------+-------+---------+---------+
       Total:                         7898    257       28     
                                                               
       Stack:                         0       0         2048   
       Linker Generated:              0       75        0      
    +--+------------------------------+-------+---------+---------+
       Grand Total:                   10150   960       2794   


LINKER GENERATED COPY TABLES

__TI_cinit_table @ 00002b60 records: 3, size/record: 8, table size: 24
	.data: load addr=00002b28, load size=00000017 bytes, run addr=20000ac4, run size=00000029 bytes, compression=lzss
	.bss: load addr=00002b50, load size=00000008 bytes, run addr=20000a6c, run size=00000055 bytes, compression=zero_init
	.vtable: load addr=00002b58, load size=00000008 bytes, run addr=20000000, run size=0000026c bytes, compression=zero_init


LINKER GENERATED HANDLER TABLE

__TI_handler_table @ 00002b40 records: 3, size/record: 4, table size: 12
	index: 0, handler: __TI_zero_init
	index: 1, handler: __TI_decompress_lzss
	index: 2, handler: __TI_decompress_none


GLOBAL SYMBOLS: SORTED ALPHABETICALLY BY Name 

address   name                           
-------   ----                           
00002725  C$$EXIT                        
000029f3  CPUcpsie                       
000029c5  IntMasterEnable                
000028ad  IntRegister                    
00002a0b  ResetISR                       
UNDEFED   SHT$$INIT_ARRAY$$Base          
UNDEFED   SHT$$INIT_ARRAY$$Limit         
00001bf5  TIMER4A_Handler                
00001c09  TIMER4B_Handler                
20000a6c  __STACK_END                    
00000800  __STACK_SIZE                   
2000046c  __STACK_TOP                    
00002b60  __TI_CINIT_Base                
00002b78  __TI_CINIT_Limit               
00002b40  __TI_Handler_Table_Base        
00002b4c  __TI_Handler_Table_Limit       
00002595  __TI_auto_init                 
20000ac4  __TI_cleanup_ptr               
00002605  __TI_decompress_lzss           
000029e5  __TI_decompress_none           
20000ac8  __TI_dtors_ptr                 
20000acc  __TI_enable_exit_profile_output
ffffffff  __TI_pprof_out_hndl            
00000ab1  __TI_printfi                   
ffffffff  __TI_prof_data_size            
ffffffff  __TI_prof_data_start           
00000000  __TI_static_base__             
000029ff  __TI_zero_init                 
0000240d  __aeabi_cdcmpeq                
0000240d  __aeabi_cdcmple                
00002493  __aeabi_cdrcmple               
00002865  __aeabi_d2iz                   
00001897  __aeabi_dadd                   
00001ed1  __aeabi_ddiv                   
00002007  __aeabi_dmul                   
0000188d  __aeabi_dsub                   
000028e1  __aeabi_i2d                    
00002519  __aeabi_memclr                 
00002519  __aeabi_memclr4                
00002519  __aeabi_memclr8                
000022e9  __aeabi_memcpy                 
000022e9  __aeabi_memcpy4                
000022e9  __aeabi_memcpy8                
0000251b  __aeabi_memset                 
0000251b  __aeabi_memset4                
0000251b  __aeabi_memset8                
00001699  __aeabi_uldivmod               
ffffffff  __binit__                      
ffffffff  __c_args__                     
000013ab  __mpu_init                     
2000026c  __stack                        
0000292d  _args_main                     
000026d1  _c_int00                       
00002a1a  _ctypes_                       
20000adc  _lock                          
00002983  _nop                           
20000ac0  _prevButton                    
0000297b  _register_lock                 
00002975  _register_unlock               
00001bf3  _system_post_cinit             
00002a17  _system_pre_init               
20000ae0  _unlock                        
00002729  abort                          
00001a43  add_hour                       
00001b21  add_hour_no_wrap               
00001a63  add_minute                     
00001b41  add_minute_no_wrap             
00001a87  add_second                     
00001b63  add_second_no_wrap             
000027cd  atoi                           
ffffffff  binit                          
0000222d  button_checkButtons            
00002237  button_getButton               
0000227d  button_getButtonBlocking       
00002291  button_getButtonChange         
000022bb  button_getButtonChangeBlocking 
00002201  button_init                    
00001c75  clock_timer_init               
00002819  copy_in                        
00002989  copysign                       
00002989  copysignl                      
20000ae4  errno                          
00002731  exit                           
0000266d  frexp                          
0000266d  frexpl                         
20000000  g_pfnRAMVectors                
00000000  g_pfnVectors                   
20000ad0  hours                          
000029d5  lcd_clear                      
00001545  lcd_gotoLine                   
000013ad  lcd_init                       
000015ab  lcd_printf                     
0000146d  lcd_putc                       
000014a5  lcd_puts                       
000014c3  lcd_sendCommand                
00001501  lcd_sendNibble                 
0000156d  lcd_setCursorPos               
00002105  ldexp                          
00002105  ldexpl                         
00002779  ltoa                           
00001cfd  main                           
20000ae8  main_func_sp                   
0000290f  memccpy                        
000022e9  memcpy                         
00002521  memset                         
20000ad4  mins                           
00002105  scalbn                         
00002105  scalbnl                        
20000ad8  secs                           
0000295d  strchr                         
00002945  strcmp                         
0000299d  strcpy                         
000029b1  strlen                         
00001aaf  subtract_hour                  
00001b87  subtract_hour_no_wrap          
00001ad1  subtract_minute                
00001ba9  subtract_minute_no_wrap        
00001af7  subtract_second                
00001bcd  subtract_second_no_wrap        
00001e89  timer_getClock                 
00001e3d  timer_startClock               
00001dd7  timer_startTimer               
00001e8f  timer_stopClock                
00001e27  timer_stopTimer                
00001dad  timer_waitMicros               
00001d79  timer_waitMillis               
00002385  vsnprintf                      


GLOBAL SYMBOLS: SORTED BY Symbol Address 

address   name                           
-------   ----                           
00000000  __TI_static_base__             
00000000  g_pfnVectors                   
00000800  __STACK_SIZE                   
00000ab1  __TI_printfi                   
000013ab  __mpu_init                     
000013ad  lcd_init                       
0000146d  lcd_putc                       
000014a5  lcd_puts                       
000014c3  lcd_sendCommand                
00001501  lcd_sendNibble                 
00001545  lcd_gotoLine                   
0000156d  lcd_setCursorPos               
000015ab  lcd_printf                     
00001699  __aeabi_uldivmod               
0000188d  __aeabi_dsub                   
00001897  __aeabi_dadd                   
00001a43  add_hour                       
00001a63  add_minute                     
00001a87  add_second                     
00001aaf  subtract_hour                  
00001ad1  subtract_minute                
00001af7  subtract_second                
00001b21  add_hour_no_wrap               
00001b41  add_minute_no_wrap             
00001b63  add_second_no_wrap             
00001b87  subtract_hour_no_wrap          
00001ba9  subtract_minute_no_wrap        
00001bcd  subtract_second_no_wrap        
00001bf3  _system_post_cinit             
00001bf5  TIMER4A_Handler                
00001c09  TIMER4B_Handler                
00001c75  clock_timer_init               
00001cfd  main                           
00001d79  timer_waitMillis               
00001dad  timer_waitMicros               
00001dd7  timer_startTimer               
00001e27  timer_stopTimer                
00001e3d  timer_startClock               
00001e89  timer_getClock                 
00001e8f  timer_stopClock                
00001ed1  __aeabi_ddiv                   
00002007  __aeabi_dmul                   
00002105  ldexp                          
00002105  ldexpl                         
00002105  scalbn                         
00002105  scalbnl                        
00002201  button_init                    
0000222d  button_checkButtons            
00002237  button_getButton               
0000227d  button_getButtonBlocking       
00002291  button_getButtonChange         
000022bb  button_getButtonChangeBlocking 
000022e9  __aeabi_memcpy                 
000022e9  __aeabi_memcpy4                
000022e9  __aeabi_memcpy8                
000022e9  memcpy                         
00002385  vsnprintf                      
0000240d  __aeabi_cdcmpeq                
0000240d  __aeabi_cdcmple                
00002493  __aeabi_cdrcmple               
00002519  __aeabi_memclr                 
00002519  __aeabi_memclr4                
00002519  __aeabi_memclr8                
0000251b  __aeabi_memset                 
0000251b  __aeabi_memset4                
0000251b  __aeabi_memset8                
00002521  memset                         
00002595  __TI_auto_init                 
00002605  __TI_decompress_lzss           
0000266d  frexp                          
0000266d  frexpl                         
000026d1  _c_int00                       
00002725  C$$EXIT                        
00002729  abort                          
00002731  exit                           
00002779  ltoa                           
000027cd  atoi                           
00002819  copy_in                        
00002865  __aeabi_d2iz                   
000028ad  IntRegister                    
000028e1  __aeabi_i2d                    
0000290f  memccpy                        
0000292d  _args_main                     
00002945  strcmp                         
0000295d  strchr                         
00002975  _register_unlock               
0000297b  _register_lock                 
00002983  _nop                           
00002989  copysign                       
00002989  copysignl                      
0000299d  strcpy                         
000029b1  strlen                         
000029c5  IntMasterEnable                
000029d5  lcd_clear                      
000029e5  __TI_decompress_none           
000029f3  CPUcpsie                       
000029ff  __TI_zero_init                 
00002a0b  ResetISR                       
00002a17  _system_pre_init               
00002a1a  _ctypes_                       
00002b40  __TI_Handler_Table_Base        
00002b4c  __TI_Handler_Table_Limit       
00002b60  __TI_CINIT_Base                
00002b78  __TI_CINIT_Limit               
20000000  g_pfnRAMVectors                
2000026c  __stack                        
2000046c  __STACK_TOP                    
20000a6c  __STACK_END                    
20000ac0  _prevButton                    
20000ac4  __TI_cleanup_ptr               
20000ac8  __TI_dtors_ptr                 
20000acc  __TI_enable_exit_profile_output
20000ad0  hours                          
20000ad4  mins                           
20000ad8  secs                           
20000adc  _lock                          
20000ae0  _unlock                        
20000ae4  errno                          
20000ae8  main_func_sp                   
ffffffff  __TI_pprof_out_hndl            
ffffffff  __TI_prof_data_size            
ffffffff  __TI_prof_data_start           
ffffffff  __binit__                      
ffffffff  __c_args__                     
ffffffff  binit                          
UNDEFED   SHT$$INIT_ARRAY$$Base          
UNDEFED   SHT$$INIT_ARRAY$$Limit         

[127 symbols]
