******************************************************************************
                  TI ARM Linker PC v16.9.1                     
******************************************************************************
>> Linked Mon Oct 16 23:48:58 2017

OUTPUT FILE NAME:   <Distance Determination Using Ultrasonic Sensor.out>
ENTRY POINT SYMBOL: "_c_int00"  address: 00002475


MEMORY CONFIGURATION

         name            origin    length      used     unused   attr    fill
----------------------  --------  ---------  --------  --------  ----  --------
  FLASH                 00000000   00040000  000029a3  0003d65d  R  X
  SRAM                  20000000   00008000  00000ae4  0000751c  RW X


SEGMENT ALLOCATION MAP

run origin  load origin   length   init length attrs members
----------  ----------- ---------- ----------- ----- -------
00000000    00000000    000029a8   000029a8    r-x
  00000000    00000000    0000026c   0000026c    r-- .intvecs
  0000026c    0000026c    000025e6   000025e6    r-x .text
  00002852    00002852    00000109   00000109    r-- .const
  00002960    00002960    00000048   00000048    r-- .cinit
20000000    20000000    00000ae4   00000000    rw-
  20000000    20000000    0000026c   00000000    rw- .vtable
  2000026c    2000026c    00000800   00000000    rw- .stack
  20000a6c    20000a6c    00000054   00000000    rw- .bss
  20000ac0    20000ac0    00000024   00000000    rw- .data


SECTION ALLOCATION MAP

 output                                  attributes/
section   page    origin      length       input sections
--------  ----  ----------  ----------   ----------------
.intvecs   0    00000000    0000026c     
                  00000000    0000026c     tm4c123gh6pm_startup_ccs.obj (.intvecs)

.text      0    0000026c    000025e6     
                  0000026c    0000113e     rtsv7M4_T_le_v4SPD16_eabi.lib : _printfi.obj (.text)
                  000013aa    00000002                                   : mpu_init.obj (.text)
                  000013ac    000002ec     lcd.obj (.text)
                  00001698    000001f4     rtsv7M4_T_le_v4SPD16_eabi.lib : ull_div_t2.obj (.text)
                  0000188c    000001c0     ping.obj (.text)
                  00001a4c    000001b6     rtsv7M4_T_le_v4SPD16_eabi.lib : fd_add_t2.obj (.text)
                  00001c02    00000002                                   : startup.obj (.text)
                  00001c04    00000158     timer.obj (.text)
                  00001d5c    00000136     rtsv7M4_T_le_v4SPD16_eabi.lib : fd_div_t2.obj (.text)
                  00001e92    000000fc                                   : fd_mul_t2.obj (.text)
                  00001f8e    00000002     --HOLE-- [fill = 0]
                  00001f90    000000fc                                   : s_scalbn.obj (.text)
                  0000208c    0000009c                                   : memcpy_t2.obj (.text)
                  00002128    00000088                                   : vsnprintf.obj (.text)
                  000021b0    00000086                                   : fd_cmp_t2.obj (.text:__aeabi_cdcmple)
                  00002236    00000086                                   : fd_cmp_t2.obj (.text:__aeabi_cdrcmple)
                  000022bc    0000007a                                   : memset_t2.obj (.text)
                  00002336    00000002     --HOLE-- [fill = 0]
                  00002338    00000070                                   : autoinit.obj (.text)
                  000023a8    00000068                                   : copy_decompress_lzss.obj (.text:decompress:lzss)
                  00002410    00000064                                   : s_frexp.obj (.text)
                  00002474    00000054                                   : boot.obj (.text)
                  000024c8    00000054                                   : exit.obj (.text)
                  0000251c    00000054                                   : ltoa.obj (.text)
                  00002570    0000004c                                   : atoi.obj (.text)
                  000025bc    0000004c                                   : cpy_tbl.obj (.text)
                  00002608    00000048                                   : fd_toi_t2.obj (.text)
                  00002650    00000044                                   : fd_tou_t2.obj (.text)
                  00002694    00000034     driverlib.lib : interrupt.obj (.text:IntRegister)
                  000026c8    00000030     helloworld.obj (.text)
                  000026f8    0000002e     rtsv7M4_T_le_v4SPD16_eabi.lib : i_tofd_t2.obj (.text)
                  00002726    00000020                                   : u_tofd_t2.obj (.text)
                  00002746    0000001c                                   : memccpy.obj (.text)
                  00002762    00000002     --HOLE-- [fill = 0]
                  00002764    00000018                                   : args_main.obj (.text)
                  0000277c    00000018                                   : strcmp.obj (.text)
                  00002794    00000016                                   : strchr.obj (.text)
                  000027aa    00000002     --HOLE-- [fill = 0]
                  000027ac    00000014                                   : _lock.obj (.text)
                  000027c0    00000014                                   : s_copysign.obj (.text)
                  000027d4    00000014                                   : strcpy.obj (.text)
                  000027e8    00000014                                   : strlen.obj (.text)
                  000027fc    00000010     driverlib.lib : interrupt.obj (.text:IntMasterEnable)
                  0000280c    00000010     lcd.obj (.text:lcd_clear)
                  0000281c    0000000e     rtsv7M4_T_le_v4SPD16_eabi.lib : copy_decompress_none.obj (.text:decompress:none)
                  0000282a    0000000c     driverlib.lib : cpu.obj (.text:CPUcpsie)
                  00002836    0000000c     rtsv7M4_T_le_v4SPD16_eabi.lib : copy_zero_init.obj (.text:decompress:ZI)
                  00002842    0000000c     tm4c123gh6pm_startup_ccs.obj (.text)
                  0000284e    00000004     rtsv7M4_T_le_v4SPD16_eabi.lib : pre_init.obj (.text)

.const     0    00002852    00000109     
                  00002852    00000101     rtsv7M4_T_le_v4SPD16_eabi.lib : ctype.obj (.const:.string:_ctypes_)
                  00002953    00000004     lcd.obj (.const:.string:lineAddress$1)
                  00002957    00000004     lcd.obj (.const:.string:lineAddresses$2)

.cinit     0    00002960    00000048     
                  00002960    00000011     (.cinit..data.load) [load image, compression = lzss]
                  00002971    00000003     --HOLE-- [fill = 0]
                  00002974    0000000c     (__TI_handler_table)
                  00002980    00000008     (.cinit..bss.load) [load image, compression = zero_init]
                  00002988    00000008     (.cinit..vtable.load) [load image, compression = zero_init]
                  00002990    00000018     (__TI_cinit_table)

.init_array 
*          0    00000000    00000000     UNINITIALIZED

.vtable    0    20000000    0000026c     UNINITIALIZED
                  20000000    0000026c     driverlib.lib : interrupt.obj (.vtable)

.stack     0    2000026c    00000800     UNINITIALIZED
                  2000026c    00000800     --HOLE--

.bss       0    20000a6c    00000054     UNINITIALIZED
                  20000a6c    00000054     lcd.obj (.bss:lastbuffer$3)

.data      0    20000ac0    00000024     UNINITIALIZED
                  20000ac0    0000000c     rtsv7M4_T_le_v4SPD16_eabi.lib : exit.obj (.data:$O1$$)
                  20000acc    00000008                                   : _lock.obj (.data:$O1$$)
                  20000ad4    00000008     ping.obj (.data)
                  20000adc    00000004     rtsv7M4_T_le_v4SPD16_eabi.lib : errno.obj (.data)
                  20000ae0    00000004                                   : stkdepth_vars.obj (.data)

MODULE SUMMARY

       Module                         code   ro data   rw data
       ------                         ----   -------   -------
    .\
       lcd.obj                        764    8         84     
       tm4c123gh6pm_startup_ccs.obj   12     620       0      
       ping.obj                       448    0         8      
       timer.obj                      344    0         0      
       helloworld.obj                 48     0         0      
    +--+------------------------------+------+---------+---------+
       Total:                         1616   628       92     
                                                              
    C:/ti/TivaWare_C_Series-2.1.2.111/driverlib/ccs/Debug/driverlib.lib
       interrupt.obj                  68     0         620    
       cpu.obj                        12     0         0      
    +--+------------------------------+------+---------+---------+
       Total:                         80     0         620    
                                                              
    C:\ti\ccsv7\tools\compiler\ti-cgt-arm_16.9.1.LTS\lib\rtsv7M4_T_le_v4SPD16_eabi.lib
       _printfi.obj                   4414   0         0      
       ull_div_t2.obj                 500    0         0      
       fd_add_t2.obj                  438    0         0      
       fd_div_t2.obj                  310    0         0      
       fd_cmp_t2.obj                  268    0         0      
       ctype.obj                      0      257       0      
       fd_mul_t2.obj                  252    0         0      
       s_scalbn.obj                   252    0         0      
       memcpy_t2.obj                  156    0         0      
       vsnprintf.obj                  136    0         0      
       memset_t2.obj                  122    0         0      
       autoinit.obj                   112    0         0      
       copy_decompress_lzss.obj       104    0         0      
       s_frexp.obj                    100    0         0      
       exit.obj                       84     0         12     
       boot.obj                       84     0         0      
       ltoa.obj                       84     0         0      
       atoi.obj                       76     0         0      
       cpy_tbl.obj                    76     0         0      
       fd_toi_t2.obj                  72     0         0      
       fd_tou_t2.obj                  68     0         0      
       i_tofd_t2.obj                  46     0         0      
       u_tofd_t2.obj                  32     0         0      
       _lock.obj                      20     0         8      
       memccpy.obj                    28     0         0      
       args_main.obj                  24     0         0      
       strcmp.obj                     24     0         0      
       strchr.obj                     22     0         0      
       s_copysign.obj                 20     0         0      
       strcpy.obj                     20     0         0      
       strlen.obj                     20     0         0      
       copy_decompress_none.obj       14     0         0      
       copy_zero_init.obj             12     0         0      
       errno.obj                      0      0         4      
       pre_init.obj                   4      0         0      
       stkdepth_vars.obj              0      0         4      
       mpu_init.obj                   2      0         0      
       startup.obj                    2      0         0      
    +--+------------------------------+------+---------+---------+
       Total:                         7998   257       28     
                                                              
       Stack:                         0      0         2048   
       Linker Generated:              0      69        0      
    +--+------------------------------+------+---------+---------+
       Grand Total:                   9694   954       2788   


LINKER GENERATED COPY TABLES

__TI_cinit_table @ 00002990 records: 3, size/record: 8, table size: 24
	.data: load addr=00002960, load size=00000011 bytes, run addr=20000ac0, run size=00000024 bytes, compression=lzss
	.bss: load addr=00002980, load size=00000008 bytes, run addr=20000a6c, run size=00000054 bytes, compression=zero_init
	.vtable: load addr=00002988, load size=00000008 bytes, run addr=20000000, run size=0000026c bytes, compression=zero_init


LINKER GENERATED HANDLER TABLE

__TI_handler_table @ 00002974 records: 3, size/record: 4, table size: 12
	index: 0, handler: __TI_zero_init
	index: 1, handler: __TI_decompress_lzss
	index: 2, handler: __TI_decompress_none


GLOBAL SYMBOLS: SORTED ALPHABETICALLY BY Name 

address   name                           
-------   ----                           
000024c9  C$$EXIT                        
0000282b  CPUcpsie                       
000027fd  IntMasterEnable                
00002695  IntRegister                    
00002843  ResetISR                       
UNDEFED   SHT$$INIT_ARRAY$$Base          
UNDEFED   SHT$$INIT_ARRAY$$Limit         
20000a6c  __STACK_END                    
00000800  __STACK_SIZE                   
2000046c  __STACK_TOP                    
00002990  __TI_CINIT_Base                
000029a8  __TI_CINIT_Limit               
00002974  __TI_Handler_Table_Base        
00002980  __TI_Handler_Table_Limit       
00002339  __TI_auto_init                 
20000ac0  __TI_cleanup_ptr               
000023a9  __TI_decompress_lzss           
0000281d  __TI_decompress_none           
20000ac4  __TI_dtors_ptr                 
20000ac8  __TI_enable_exit_profile_output
ffffffff  __TI_pprof_out_hndl            
00000ab1  __TI_printfi                   
ffffffff  __TI_prof_data_size            
ffffffff  __TI_prof_data_start           
00000000  __TI_static_base__             
00002837  __TI_zero_init                 
000021b1  __aeabi_cdcmpeq                
000021b1  __aeabi_cdcmple                
00002237  __aeabi_cdrcmple               
00002609  __aeabi_d2iz                   
00002651  __aeabi_d2uiz                  
00001a57  __aeabi_dadd                   
00001d5d  __aeabi_ddiv                   
00001e93  __aeabi_dmul                   
00001a4d  __aeabi_dsub                   
000026f9  __aeabi_i2d                    
000022bd  __aeabi_memclr                 
000022bd  __aeabi_memclr4                
000022bd  __aeabi_memclr8                
0000208d  __aeabi_memcpy                 
0000208d  __aeabi_memcpy4                
0000208d  __aeabi_memcpy8                
000022bf  __aeabi_memset                 
000022bf  __aeabi_memset4                
000022bf  __aeabi_memset8                
00002727  __aeabi_ui2d                   
00001699  __aeabi_uldivmod               
ffffffff  __binit__                      
ffffffff  __c_args__                     
000013ab  __mpu_init                     
2000026c  __stack                        
00002765  _args_main                     
00002475  _c_int00                       
00002852  _ctypes_                       
20000acc  _lock                          
000027bb  _nop                           
000027b3  _register_lock                 
000027ad  _register_unlock               
00001c03  _system_post_cinit             
0000284f  _system_pre_init               
20000ad0  _unlock                        
000024cd  abort                          
00002571  atoi                           
ffffffff  binit                          
000025bd  copy_in                        
000027c1  copysign                       
000027c1  copysignl                      
20000ad4  current_distance               
0000192f  delta_with_overflow            
20000adc  errno                          
000024d5  exit                           
00002411  frexp                          
00002411  frexpl                         
20000000  g_pfnRAMVectors                
00000000  g_pfnVectors                   
000018b1  gpio_init                      
000018fd  gpio_ping_micros               
000018f1  gpio_ping_off                  
000018e5  gpio_ping_on                   
0000188d  gpio_read                      
000018a5  gpio_set_in                    
00001899  gpio_set_out                   
0000197d  input_capture_interrupt        
20000ad8  last_distance                  
0000280d  lcd_clear                      
00001545  lcd_gotoLine                   
000013ad  lcd_init                       
000015ab  lcd_printf                     
0000146d  lcd_putc                       
000014a5  lcd_puts                       
000014c3  lcd_sendCommand                
00001501  lcd_sendNibble                 
0000156d  lcd_setCursorPos               
00001f91  ldexp                          
00001f91  ldexpl                         
0000251d  ltoa                           
000026c9  main                           
20000ae0  main_func_sp                   
00002747  memccpy                        
0000208d  memcpy                         
000022c5  memset                         
00001959  read_distance                  
00001f91  scalbn                         
00001f91  scalbnl                        
00002795  strchr                         
0000277d  strcmp                         
000027d5  strcpy                         
000027e9  strlen                         
00001999  timer_3_init                   
00001d15  timer_getClock                 
00001cc9  timer_startClock               
00001c63  timer_startTimer               
00001d1b  timer_stopClock                
00001cb3  timer_stopTimer                
00001c39  timer_waitMicros               
00001c05  timer_waitMillis               
00002129  vsnprintf                      


GLOBAL SYMBOLS: SORTED BY Symbol Address 

address   name                           
-------   ----                           
00000000  __TI_static_base__             
00000000  g_pfnVectors                   
00000800  __STACK_SIZE                   
00000ab1  __TI_printfi                   
000013ab  __mpu_init                     
000013ad  lcd_init                       
0000146d  lcd_putc                       
000014a5  lcd_puts                       
000014c3  lcd_sendCommand                
00001501  lcd_sendNibble                 
00001545  lcd_gotoLine                   
0000156d  lcd_setCursorPos               
000015ab  lcd_printf                     
00001699  __aeabi_uldivmod               
0000188d  gpio_read                      
00001899  gpio_set_out                   
000018a5  gpio_set_in                    
000018b1  gpio_init                      
000018e5  gpio_ping_on                   
000018f1  gpio_ping_off                  
000018fd  gpio_ping_micros               
0000192f  delta_with_overflow            
00001959  read_distance                  
0000197d  input_capture_interrupt        
00001999  timer_3_init                   
00001a4d  __aeabi_dsub                   
00001a57  __aeabi_dadd                   
00001c03  _system_post_cinit             
00001c05  timer_waitMillis               
00001c39  timer_waitMicros               
00001c63  timer_startTimer               
00001cb3  timer_stopTimer                
00001cc9  timer_startClock               
00001d15  timer_getClock                 
00001d1b  timer_stopClock                
00001d5d  __aeabi_ddiv                   
00001e93  __aeabi_dmul                   
00001f91  ldexp                          
00001f91  ldexpl                         
00001f91  scalbn                         
00001f91  scalbnl                        
0000208d  __aeabi_memcpy                 
0000208d  __aeabi_memcpy4                
0000208d  __aeabi_memcpy8                
0000208d  memcpy                         
00002129  vsnprintf                      
000021b1  __aeabi_cdcmpeq                
000021b1  __aeabi_cdcmple                
00002237  __aeabi_cdrcmple               
000022bd  __aeabi_memclr                 
000022bd  __aeabi_memclr4                
000022bd  __aeabi_memclr8                
000022bf  __aeabi_memset                 
000022bf  __aeabi_memset4                
000022bf  __aeabi_memset8                
000022c5  memset                         
00002339  __TI_auto_init                 
000023a9  __TI_decompress_lzss           
00002411  frexp                          
00002411  frexpl                         
00002475  _c_int00                       
000024c9  C$$EXIT                        
000024cd  abort                          
000024d5  exit                           
0000251d  ltoa                           
00002571  atoi                           
000025bd  copy_in                        
00002609  __aeabi_d2iz                   
00002651  __aeabi_d2uiz                  
00002695  IntRegister                    
000026c9  main                           
000026f9  __aeabi_i2d                    
00002727  __aeabi_ui2d                   
00002747  memccpy                        
00002765  _args_main                     
0000277d  strcmp                         
00002795  strchr                         
000027ad  _register_unlock               
000027b3  _register_lock                 
000027bb  _nop                           
000027c1  copysign                       
000027c1  copysignl                      
000027d5  strcpy                         
000027e9  strlen                         
000027fd  IntMasterEnable                
0000280d  lcd_clear                      
0000281d  __TI_decompress_none           
0000282b  CPUcpsie                       
00002837  __TI_zero_init                 
00002843  ResetISR                       
0000284f  _system_pre_init               
00002852  _ctypes_                       
00002974  __TI_Handler_Table_Base        
00002980  __TI_Handler_Table_Limit       
00002990  __TI_CINIT_Base                
000029a8  __TI_CINIT_Limit               
20000000  g_pfnRAMVectors                
2000026c  __stack                        
2000046c  __STACK_TOP                    
20000a6c  __STACK_END                    
20000ac0  __TI_cleanup_ptr               
20000ac4  __TI_dtors_ptr                 
20000ac8  __TI_enable_exit_profile_output
20000acc  _lock                          
20000ad0  _unlock                        
20000ad4  current_distance               
20000ad8  last_distance                  
20000adc  errno                          
20000ae0  main_func_sp                   
ffffffff  __TI_pprof_out_hndl            
ffffffff  __TI_prof_data_size            
ffffffff  __TI_prof_data_start           
ffffffff  __binit__                      
ffffffff  __c_args__                     
ffffffff  binit                          
UNDEFED   SHT$$INIT_ARRAY$$Base          
UNDEFED   SHT$$INIT_ARRAY$$Limit         

[117 symbols]
