<?xml version="1.0"?>
<link_info>
   <banner>TI ARM Linker PC v16.9.4.LTS</banner>
   <copyright>Copyright (c) 1996-2017 Texas Instruments Incorporated</copyright>
   <link_time>0x5a1ce48d</link_time>
   <link_errors>0x0</link_errors>
   <output_file>Final Project CyBot.out</output_file>
   <entry_point>
      <name>_c_int00</name>
      <address>0x55e1</address>
   </entry_point>
   <input_file_list>
      <input_file id="fl-2">
         <path>.\</path>
         <kind>object</kind>
         <file>button.obj</file>
         <name>button.obj</name>
      </input_file>
      <input_file id="fl-3">
         <path>.\</path>
         <kind>object</kind>
         <file>cmd_executer.obj</file>
         <name>cmd_executer.obj</name>
      </input_file>
      <input_file id="fl-4">
         <path>.\</path>
         <kind>object</kind>
         <file>command_parser.obj</file>
         <name>command_parser.obj</name>
      </input_file>
      <input_file id="fl-5">
         <path>.\</path>
         <kind>object</kind>
         <file>helloworld.obj</file>
         <name>helloworld.obj</name>
      </input_file>
      <input_file id="fl-6">
         <path>.\</path>
         <kind>object</kind>
         <file>ir.obj</file>
         <name>ir.obj</name>
      </input_file>
      <input_file id="fl-7">
         <path>.\</path>
         <kind>object</kind>
         <file>lcd.obj</file>
         <name>lcd.obj</name>
      </input_file>
      <input_file id="fl-8">
         <path>.\</path>
         <kind>object</kind>
         <file>movement.obj</file>
         <name>movement.obj</name>
      </input_file>
      <input_file id="fl-9">
         <path>.\</path>
         <kind>object</kind>
         <file>objectcounter.obj</file>
         <name>objectcounter.obj</name>
      </input_file>
      <input_file id="fl-a">
         <path>.\</path>
         <kind>object</kind>
         <file>open_interface.obj</file>
         <name>open_interface.obj</name>
      </input_file>
      <input_file id="fl-b">
         <path>.\</path>
         <kind>object</kind>
         <file>ping.obj</file>
         <name>ping.obj</name>
      </input_file>
      <input_file id="fl-c">
         <path>.\</path>
         <kind>object</kind>
         <file>ping2.obj</file>
         <name>ping2.obj</name>
      </input_file>
      <input_file id="fl-d">
         <path>.\</path>
         <kind>object</kind>
         <file>servo.obj</file>
         <name>servo.obj</name>
      </input_file>
      <input_file id="fl-e">
         <path>.\</path>
         <kind>object</kind>
         <file>timer.obj</file>
         <name>timer.obj</name>
      </input_file>
      <input_file id="fl-f">
         <path>.\</path>
         <kind>object</kind>
         <file>tm4c123gh6pm_startup_ccs.obj</file>
         <name>tm4c123gh6pm_startup_ccs.obj</name>
      </input_file>
      <input_file id="fl-10">
         <path>.\</path>
         <kind>object</kind>
         <file>uart.obj</file>
         <name>uart.obj</name>
      </input_file>
      <input_file id="fl-11">
         <path>.\</path>
         <kind>object</kind>
         <file>wifi.obj</file>
         <name>wifi.obj</name>
      </input_file>
      <input_file id="fl-16">
         <kind>object</kind>
         <file>&lt;internal&gt;</file>
         <name>&lt;internal&gt;</name>
      </input_file>
      <input_file id="fl-cc">
         <path>C:\ti\ccsv7\tools\compiler\ti-cgt-arm_16.9.4.LTS\lib\</path>
         <kind>archive</kind>
         <file>rtsv7M4_T_le_v4SPD16_eabi.lib</file>
         <name>boot.obj</name>
      </input_file>
      <input_file id="fl-cd">
         <path>C:\ti\ccsv7\tools\compiler\ti-cgt-arm_16.9.4.LTS\lib\</path>
         <kind>archive</kind>
         <file>rtsv7M4_T_le_v4SPD16_eabi.lib</file>
         <name>copy_decompress_lzss.obj</name>
      </input_file>
      <input_file id="fl-ce">
         <path>C:\ti\ccsv7\tools\compiler\ti-cgt-arm_16.9.4.LTS\lib\</path>
         <kind>archive</kind>
         <file>rtsv7M4_T_le_v4SPD16_eabi.lib</file>
         <name>copy_decompress_none.obj</name>
      </input_file>
      <input_file id="fl-cf">
         <path>C:\ti\ccsv7\tools\compiler\ti-cgt-arm_16.9.4.LTS\lib\</path>
         <kind>archive</kind>
         <file>rtsv7M4_T_le_v4SPD16_eabi.lib</file>
         <name>copy_zero_init.obj</name>
      </input_file>
      <input_file id="fl-d0">
         <path>C:\ti\ccsv7\tools\compiler\ti-cgt-arm_16.9.4.LTS\lib\</path>
         <kind>archive</kind>
         <file>rtsv7M4_T_le_v4SPD16_eabi.lib</file>
         <name>exit.obj</name>
      </input_file>
      <input_file id="fl-d1">
         <path>C:\ti\ccsv7\tools\compiler\ti-cgt-arm_16.9.4.LTS\lib\</path>
         <kind>archive</kind>
         <file>rtsv7M4_T_le_v4SPD16_eabi.lib</file>
         <name>fd_add_t2.obj</name>
      </input_file>
      <input_file id="fl-d2">
         <path>C:\ti\ccsv7\tools\compiler\ti-cgt-arm_16.9.4.LTS\lib\</path>
         <kind>archive</kind>
         <file>rtsv7M4_T_le_v4SPD16_eabi.lib</file>
         <name>fd_div_t2.obj</name>
      </input_file>
      <input_file id="fl-d3">
         <path>C:\ti\ccsv7\tools\compiler\ti-cgt-arm_16.9.4.LTS\lib\</path>
         <kind>archive</kind>
         <file>rtsv7M4_T_le_v4SPD16_eabi.lib</file>
         <name>fd_mul_t2.obj</name>
      </input_file>
      <input_file id="fl-d4">
         <path>C:\ti\ccsv7\tools\compiler\ti-cgt-arm_16.9.4.LTS\lib\</path>
         <kind>archive</kind>
         <file>rtsv7M4_T_le_v4SPD16_eabi.lib</file>
         <name>fd_toi_t2.obj</name>
      </input_file>
      <input_file id="fl-d5">
         <path>C:\ti\ccsv7\tools\compiler\ti-cgt-arm_16.9.4.LTS\lib\</path>
         <kind>archive</kind>
         <file>rtsv7M4_T_le_v4SPD16_eabi.lib</file>
         <name>fd_tou_t2.obj</name>
      </input_file>
      <input_file id="fl-d6">
         <path>C:\ti\ccsv7\tools\compiler\ti-cgt-arm_16.9.4.LTS\lib\</path>
         <kind>archive</kind>
         <file>rtsv7M4_T_le_v4SPD16_eabi.lib</file>
         <name>fs_tod_t2.obj</name>
      </input_file>
      <input_file id="fl-d7">
         <path>C:\ti\ccsv7\tools\compiler\ti-cgt-arm_16.9.4.LTS\lib\</path>
         <kind>archive</kind>
         <file>rtsv7M4_T_le_v4SPD16_eabi.lib</file>
         <name>i_tofd_t2.obj</name>
      </input_file>
      <input_file id="fl-d8">
         <path>C:\ti\ccsv7\tools\compiler\ti-cgt-arm_16.9.4.LTS\lib\</path>
         <kind>archive</kind>
         <file>rtsv7M4_T_le_v4SPD16_eabi.lib</file>
         <name>memcpy_t2.obj</name>
      </input_file>
      <input_file id="fl-d9">
         <path>C:\ti\ccsv7\tools\compiler\ti-cgt-arm_16.9.4.LTS\lib\</path>
         <kind>archive</kind>
         <file>rtsv7M4_T_le_v4SPD16_eabi.lib</file>
         <name>memory.obj</name>
      </input_file>
      <input_file id="fl-da">
         <path>C:\ti\ccsv7\tools\compiler\ti-cgt-arm_16.9.4.LTS\lib\</path>
         <kind>archive</kind>
         <file>rtsv7M4_T_le_v4SPD16_eabi.lib</file>
         <name>memset_t2.obj</name>
      </input_file>
      <input_file id="fl-db">
         <path>C:\ti\ccsv7\tools\compiler\ti-cgt-arm_16.9.4.LTS\lib\</path>
         <kind>archive</kind>
         <file>rtsv7M4_T_le_v4SPD16_eabi.lib</file>
         <name>mpu_init.obj</name>
      </input_file>
      <input_file id="fl-dc">
         <path>C:\ti\ccsv7\tools\compiler\ti-cgt-arm_16.9.4.LTS\lib\</path>
         <kind>archive</kind>
         <file>rtsv7M4_T_le_v4SPD16_eabi.lib</file>
         <name>pre_init.obj</name>
      </input_file>
      <input_file id="fl-dd">
         <path>C:\ti\ccsv7\tools\compiler\ti-cgt-arm_16.9.4.LTS\lib\</path>
         <kind>archive</kind>
         <file>rtsv7M4_T_le_v4SPD16_eabi.lib</file>
         <name>s_tan.obj</name>
      </input_file>
      <input_file id="fl-de">
         <path>C:\ti\ccsv7\tools\compiler\ti-cgt-arm_16.9.4.LTS\lib\</path>
         <kind>archive</kind>
         <file>rtsv7M4_T_le_v4SPD16_eabi.lib</file>
         <name>sprintf.obj</name>
      </input_file>
      <input_file id="fl-df">
         <path>C:\ti\ccsv7\tools\compiler\ti-cgt-arm_16.9.4.LTS\lib\</path>
         <kind>archive</kind>
         <file>rtsv7M4_T_le_v4SPD16_eabi.lib</file>
         <name>stkdepth_vars.obj</name>
      </input_file>
      <input_file id="fl-e0">
         <path>C:\ti\ccsv7\tools\compiler\ti-cgt-arm_16.9.4.LTS\lib\</path>
         <kind>archive</kind>
         <file>rtsv7M4_T_le_v4SPD16_eabi.lib</file>
         <name>strcmp.obj</name>
      </input_file>
      <input_file id="fl-e1">
         <path>C:\ti\ccsv7\tools\compiler\ti-cgt-arm_16.9.4.LTS\lib\</path>
         <kind>archive</kind>
         <file>rtsv7M4_T_le_v4SPD16_eabi.lib</file>
         <name>strcpy.obj</name>
      </input_file>
      <input_file id="fl-e2">
         <path>C:\ti\ccsv7\tools\compiler\ti-cgt-arm_16.9.4.LTS\lib\</path>
         <kind>archive</kind>
         <file>rtsv7M4_T_le_v4SPD16_eabi.lib</file>
         <name>strlen.obj</name>
      </input_file>
      <input_file id="fl-e3">
         <path>C:\ti\ccsv7\tools\compiler\ti-cgt-arm_16.9.4.LTS\lib\</path>
         <kind>archive</kind>
         <file>rtsv7M4_T_le_v4SPD16_eabi.lib</file>
         <name>u_tofd_t2.obj</name>
      </input_file>
      <input_file id="fl-e4">
         <path>C:\ti\ccsv7\tools\compiler\ti-cgt-arm_16.9.4.LTS\lib\</path>
         <kind>archive</kind>
         <file>rtsv7M4_T_le_v4SPD16_eabi.lib</file>
         <name>vsnprintf.obj</name>
      </input_file>
      <input_file id="fl-e5">
         <path>C:\ti\ccsv7\tools\compiler\ti-cgt-arm_16.9.4.LTS\lib\</path>
         <kind>archive</kind>
         <file>rtsv7M4_T_le_v4SPD16_eabi.lib</file>
         <name>_lock.obj</name>
      </input_file>
      <input_file id="fl-e6">
         <path>C:\ti\ccsv7\tools\compiler\ti-cgt-arm_16.9.4.LTS\lib\</path>
         <kind>archive</kind>
         <file>rtsv7M4_T_le_v4SPD16_eabi.lib</file>
         <name>_printfi.obj</name>
      </input_file>
      <input_file id="fl-e7">
         <path>C:\ti\ccsv7\tools\compiler\ti-cgt-arm_16.9.4.LTS\lib\</path>
         <kind>archive</kind>
         <file>rtsv7M4_T_le_v4SPD16_eabi.lib</file>
         <name>args_main.obj</name>
      </input_file>
      <input_file id="fl-e8">
         <path>C:\ti\ccsv7\tools\compiler\ti-cgt-arm_16.9.4.LTS\lib\</path>
         <kind>archive</kind>
         <file>rtsv7M4_T_le_v4SPD16_eabi.lib</file>
         <name>atoi.obj</name>
      </input_file>
      <input_file id="fl-e9">
         <path>C:\ti\ccsv7\tools\compiler\ti-cgt-arm_16.9.4.LTS\lib\</path>
         <kind>archive</kind>
         <file>rtsv7M4_T_le_v4SPD16_eabi.lib</file>
         <name>autoinit.obj</name>
      </input_file>
      <input_file id="fl-ea">
         <path>C:\ti\ccsv7\tools\compiler\ti-cgt-arm_16.9.4.LTS\lib\</path>
         <kind>archive</kind>
         <file>rtsv7M4_T_le_v4SPD16_eabi.lib</file>
         <name>cpy_tbl.obj</name>
      </input_file>
      <input_file id="fl-eb">
         <path>C:\ti\ccsv7\tools\compiler\ti-cgt-arm_16.9.4.LTS\lib\</path>
         <kind>archive</kind>
         <file>rtsv7M4_T_le_v4SPD16_eabi.lib</file>
         <name>ctype.obj</name>
      </input_file>
      <input_file id="fl-ec">
         <path>C:\ti\ccsv7\tools\compiler\ti-cgt-arm_16.9.4.LTS\lib\</path>
         <kind>archive</kind>
         <file>rtsv7M4_T_le_v4SPD16_eabi.lib</file>
         <name>errno.obj</name>
      </input_file>
      <input_file id="fl-ed">
         <path>C:\ti\ccsv7\tools\compiler\ti-cgt-arm_16.9.4.LTS\lib\</path>
         <kind>archive</kind>
         <file>rtsv7M4_T_le_v4SPD16_eabi.lib</file>
         <name>fd_cmp_t2.obj</name>
      </input_file>
      <input_file id="fl-ee">
         <path>C:\ti\ccsv7\tools\compiler\ti-cgt-arm_16.9.4.LTS\lib\</path>
         <kind>archive</kind>
         <file>rtsv7M4_T_le_v4SPD16_eabi.lib</file>
         <name>k_rem_pio2.obj</name>
      </input_file>
      <input_file id="fl-ef">
         <path>C:\ti\ccsv7\tools\compiler\ti-cgt-arm_16.9.4.LTS\lib\</path>
         <kind>archive</kind>
         <file>rtsv7M4_T_le_v4SPD16_eabi.lib</file>
         <name>k_tan.obj</name>
      </input_file>
      <input_file id="fl-f0">
         <path>C:\ti\ccsv7\tools\compiler\ti-cgt-arm_16.9.4.LTS\lib\</path>
         <kind>archive</kind>
         <file>rtsv7M4_T_le_v4SPD16_eabi.lib</file>
         <name>ltoa.obj</name>
      </input_file>
      <input_file id="fl-f1">
         <path>C:\ti\ccsv7\tools\compiler\ti-cgt-arm_16.9.4.LTS\lib\</path>
         <kind>archive</kind>
         <file>rtsv7M4_T_le_v4SPD16_eabi.lib</file>
         <name>memccpy.obj</name>
      </input_file>
      <input_file id="fl-f2">
         <path>C:\ti\ccsv7\tools\compiler\ti-cgt-arm_16.9.4.LTS\lib\</path>
         <kind>archive</kind>
         <file>rtsv7M4_T_le_v4SPD16_eabi.lib</file>
         <name>s_floor.obj</name>
      </input_file>
      <input_file id="fl-f3">
         <path>C:\ti\ccsv7\tools\compiler\ti-cgt-arm_16.9.4.LTS\lib\</path>
         <kind>archive</kind>
         <file>rtsv7M4_T_le_v4SPD16_eabi.lib</file>
         <name>s_frexp.obj</name>
      </input_file>
      <input_file id="fl-f4">
         <path>C:\ti\ccsv7\tools\compiler\ti-cgt-arm_16.9.4.LTS\lib\</path>
         <kind>archive</kind>
         <file>rtsv7M4_T_le_v4SPD16_eabi.lib</file>
         <name>s_scalbn.obj</name>
      </input_file>
      <input_file id="fl-f5">
         <path>C:\ti\ccsv7\tools\compiler\ti-cgt-arm_16.9.4.LTS\lib\</path>
         <kind>archive</kind>
         <file>rtsv7M4_T_le_v4SPD16_eabi.lib</file>
         <name>startup.obj</name>
      </input_file>
      <input_file id="fl-f6">
         <path>C:\ti\ccsv7\tools\compiler\ti-cgt-arm_16.9.4.LTS\lib\</path>
         <kind>archive</kind>
         <file>rtsv7M4_T_le_v4SPD16_eabi.lib</file>
         <name>strchr.obj</name>
      </input_file>
      <input_file id="fl-f7">
         <path>C:\ti\ccsv7\tools\compiler\ti-cgt-arm_16.9.4.LTS\lib\</path>
         <kind>archive</kind>
         <file>rtsv7M4_T_le_v4SPD16_eabi.lib</file>
         <name>ull_div_t2.obj</name>
      </input_file>
      <input_file id="fl-f8">
         <path>C:\ti\ccsv7\tools\compiler\ti-cgt-arm_16.9.4.LTS\lib\</path>
         <kind>archive</kind>
         <file>rtsv7M4_T_le_v4SPD16_eabi.lib</file>
         <name>s_copysign.obj</name>
      </input_file>
      <input_file id="fl-f9">
         <path>C:\ti\TivaWare_C_Series-2.1.2.111\driverlib\ccs\Debug\</path>
         <kind>archive</kind>
         <file>driverlib.lib</file>
         <name>interrupt.obj</name>
      </input_file>
      <input_file id="fl-fa">
         <path>C:\ti\TivaWare_C_Series-2.1.2.111\driverlib\ccs\Debug\</path>
         <kind>archive</kind>
         <file>driverlib.lib</file>
         <name>cpu.obj</name>
      </input_file>
   </input_file_list>
   <object_component_list>
      <object_component id="oc-f">
         <name>.intvecs</name>
         <load_address>0x0</load_address>
         <run_address>0x0</run_address>
         <size>0x26c</size>
         <input_file_ref idref="fl-f"/>
      </object_component>
      <object_component id="oc-1f3">
         <name>.text</name>
         <load_address>0x26c</load_address>
         <run_address>0x26c</run_address>
         <size>0x113e</size>
         <input_file_ref idref="fl-e6"/>
      </object_component>
      <object_component id="oc-5a">
         <name>.text</name>
         <load_address>0x13aa</load_address>
         <run_address>0x13aa</run_address>
         <size>0x2</size>
         <input_file_ref idref="fl-db"/>
      </object_component>
      <object_component id="oc-102">
         <name>.text</name>
         <load_address>0x13ac</load_address>
         <run_address>0x13ac</run_address>
         <size>0xa84</size>
         <input_file_ref idref="fl-a"/>
      </object_component>
      <object_component id="oc-2d6">
         <name>.text</name>
         <load_address>0x1e30</load_address>
         <run_address>0x1e30</run_address>
         <size>0x738</size>
         <input_file_ref idref="fl-ee"/>
      </object_component>
      <object_component id="oc-295">
         <name>.text</name>
         <load_address>0x2568</load_address>
         <run_address>0x2568</run_address>
         <size>0x508</size>
         <input_file_ref idref="fl-dd"/>
      </object_component>
      <object_component id="oc-ae">
         <name>.text</name>
         <load_address>0x2a70</load_address>
         <run_address>0x2a70</run_address>
         <size>0x424</size>
         <input_file_ref idref="fl-5"/>
      </object_component>
      <object_component id="oc-1a6">
         <name>.text</name>
         <load_address>0x2e94</load_address>
         <run_address>0x2e94</run_address>
         <size>0x3d0</size>
         <input_file_ref idref="fl-d9"/>
      </object_component>
      <object_component id="oc-2dc">
         <name>.text</name>
         <load_address>0x3264</load_address>
         <run_address>0x3264</run_address>
         <size>0x320</size>
         <input_file_ref idref="fl-ef"/>
      </object_component>
      <object_component id="oc-ea">
         <name>.text</name>
         <load_address>0x3584</load_address>
         <run_address>0x3584</run_address>
         <size>0x2ec</size>
         <input_file_ref idref="fl-7"/>
      </object_component>
      <object_component id="oc-226">
         <name>.text</name>
         <load_address>0x3870</load_address>
         <run_address>0x3870</run_address>
         <size>0x2e4</size>
         <input_file_ref idref="fl-9"/>
      </object_component>
      <object_component id="oc-22c">
         <name>.text</name>
         <load_address>0x3b54</load_address>
         <run_address>0x3b54</run_address>
         <size>0x2d0</size>
         <input_file_ref idref="fl-8"/>
      </object_component>
      <object_component id="oc-de">
         <name>.text</name>
         <load_address>0x3e24</load_address>
         <run_address>0x3e24</run_address>
         <size>0x230</size>
         <input_file_ref idref="fl-10"/>
      </object_component>
      <object_component id="oc-fc">
         <name>.text</name>
         <load_address>0x4054</load_address>
         <run_address>0x4054</run_address>
         <size>0x200</size>
         <input_file_ref idref="fl-c"/>
      </object_component>
      <object_component id="oc-23d">
         <name>.text</name>
         <load_address>0x4254</load_address>
         <run_address>0x4254</run_address>
         <size>0x1f4</size>
         <input_file_ref idref="fl-f7"/>
      </object_component>
      <object_component id="oc-f0">
         <name>.text</name>
         <load_address>0x4448</load_address>
         <run_address>0x4448</run_address>
         <size>0x1c8</size>
         <input_file_ref idref="fl-d"/>
      </object_component>
      <object_component id="oc-159">
         <name>.text</name>
         <load_address>0x4610</load_address>
         <run_address>0x4610</run_address>
         <size>0x1b6</size>
         <input_file_ref idref="fl-d1"/>
      </object_component>
      <object_component id="oc-a6">
         <name>.text</name>
         <load_address>0x47c6</load_address>
         <run_address>0x47c6</run_address>
         <size>0x2</size>
         <input_file_ref idref="fl-f5"/>
      </object_component>
      <object_component id="oc-164">
         <name>.text</name>
         <load_address>0x47c8</load_address>
         <run_address>0x47c8</run_address>
         <size>0x158</size>
         <input_file_ref idref="fl-e"/>
      </object_component>
      <object_component id="oc-e4">
         <name>.text</name>
         <load_address>0x4920</load_address>
         <run_address>0x4920</run_address>
         <size>0x148</size>
         <input_file_ref idref="fl-6"/>
      </object_component>
      <object_component id="oc-198">
         <name>.text</name>
         <load_address>0x4a68</load_address>
         <run_address>0x4a68</run_address>
         <size>0x136</size>
         <input_file_ref idref="fl-d2"/>
      </object_component>
      <object_component id="oc-154">
         <name>.text</name>
         <load_address>0x4b9e</load_address>
         <run_address>0x4b9e</run_address>
         <size>0xfc</size>
         <input_file_ref idref="fl-d3"/>
      </object_component>
      <object_component id="oc-258">
         <name>.text</name>
         <load_address>0x4c9c</load_address>
         <run_address>0x4c9c</run_address>
         <size>0xfc</size>
         <input_file_ref idref="fl-f4"/>
      </object_component>
      <object_component id="oc-308">
         <name>.text</name>
         <load_address>0x4d98</load_address>
         <run_address>0x4d98</run_address>
         <size>0xf8</size>
         <input_file_ref idref="fl-f2"/>
      </object_component>
      <object_component id="oc-f6">
         <name>.text</name>
         <load_address>0x4e90</load_address>
         <run_address>0x4e90</run_address>
         <size>0xe8</size>
         <input_file_ref idref="fl-2"/>
      </object_component>
      <object_component id="oc-10e">
         <name>.text</name>
         <load_address>0x4f78</load_address>
         <run_address>0x4f78</run_address>
         <size>0xe8</size>
         <input_file_ref idref="fl-4"/>
      </object_component>
      <object_component id="oc-108">
         <name>.text</name>
         <load_address>0x5060</load_address>
         <run_address>0x5060</run_address>
         <size>0xd8</size>
         <input_file_ref idref="fl-11"/>
      </object_component>
      <object_component id="oc-42">
         <name>.text</name>
         <load_address>0x5138</load_address>
         <run_address>0x5138</run_address>
         <size>0x9c</size>
         <input_file_ref idref="fl-d8"/>
      </object_component>
      <object_component id="oc-171">
         <name>.text</name>
         <load_address>0x51d4</load_address>
         <run_address>0x51d4</run_address>
         <size>0x88</size>
         <input_file_ref idref="fl-e4"/>
      </object_component>
      <object_component id="oc-242">
         <name>.text:__aeabi_cdcmple</name>
         <load_address>0x525c</load_address>
         <run_address>0x525c</run_address>
         <size>0x86</size>
         <input_file_ref idref="fl-ed"/>
      </object_component>
      <object_component id="oc-247">
         <name>.text:__aeabi_cdrcmple</name>
         <load_address>0x52e2</load_address>
         <run_address>0x52e2</run_address>
         <size>0x86</size>
         <input_file_ref idref="fl-ed"/>
      </object_component>
      <object_component id="oc-4e">
         <name>.text</name>
         <load_address>0x5368</load_address>
         <run_address>0x5368</run_address>
         <size>0x7a</size>
         <input_file_ref idref="fl-da"/>
      </object_component>
      <object_component id="oc-66">
         <name>.text</name>
         <load_address>0x53e4</load_address>
         <run_address>0x53e4</run_address>
         <size>0x70</size>
         <input_file_ref idref="fl-e9"/>
      </object_component>
      <object_component id="oc-12">
         <name>.text:decompress:lzss</name>
         <load_address>0x5454</load_address>
         <run_address>0x5454</run_address>
         <size>0x68</size>
         <input_file_ref idref="fl-cd"/>
      </object_component>
      <object_component id="oc-252">
         <name>.text</name>
         <load_address>0x54bc</load_address>
         <run_address>0x54bc</run_address>
         <size>0x64</size>
         <input_file_ref idref="fl-f3"/>
      </object_component>
      <object_component id="oc-1c2">
         <name>.text</name>
         <load_address>0x5520</load_address>
         <run_address>0x5520</run_address>
         <size>0x60</size>
         <input_file_ref idref="fl-3"/>
      </object_component>
      <object_component id="oc-28a">
         <name>.text</name>
         <load_address>0x5580</load_address>
         <run_address>0x5580</run_address>
         <size>0x60</size>
         <input_file_ref idref="fl-de"/>
      </object_component>
      <object_component id="oc-24">
         <name>.text</name>
         <load_address>0x55e0</load_address>
         <run_address>0x55e0</run_address>
         <size>0x54</size>
         <input_file_ref idref="fl-cc"/>
      </object_component>
      <object_component id="oc-72">
         <name>.text</name>
         <load_address>0x5634</load_address>
         <run_address>0x5634</run_address>
         <size>0x54</size>
         <input_file_ref idref="fl-d0"/>
      </object_component>
      <object_component id="oc-24c">
         <name>.text</name>
         <load_address>0x5688</load_address>
         <run_address>0x5688</run_address>
         <size>0x54</size>
         <input_file_ref idref="fl-f0"/>
      </object_component>
      <object_component id="oc-264">
         <name>.text</name>
         <load_address>0x56dc</load_address>
         <run_address>0x56dc</run_address>
         <size>0x4c</size>
         <input_file_ref idref="fl-e8"/>
      </object_component>
      <object_component id="oc-a0">
         <name>.text</name>
         <load_address>0x5728</load_address>
         <run_address>0x5728</run_address>
         <size>0x4c</size>
         <input_file_ref idref="fl-ea"/>
      </object_component>
      <object_component id="oc-15e">
         <name>.text</name>
         <load_address>0x5774</load_address>
         <run_address>0x5774</run_address>
         <size>0x48</size>
         <input_file_ref idref="fl-d4"/>
      </object_component>
      <object_component id="oc-19d">
         <name>.text</name>
         <load_address>0x57bc</load_address>
         <run_address>0x57bc</run_address>
         <size>0x44</size>
         <input_file_ref idref="fl-d5"/>
      </object_component>
      <object_component id="oc-290">
         <name>.text</name>
         <load_address>0x5800</load_address>
         <run_address>0x5800</run_address>
         <size>0x38</size>
         <input_file_ref idref="fl-d6"/>
      </object_component>
      <object_component id="oc-13c">
         <name>.text:IntRegister</name>
         <load_address>0x5838</load_address>
         <run_address>0x5838</run_address>
         <size>0x34</size>
         <input_file_ref idref="fl-f9"/>
      </object_component>
      <object_component id="oc-14f">
         <name>.text</name>
         <load_address>0x586c</load_address>
         <run_address>0x586c</run_address>
         <size>0x2e</size>
         <input_file_ref idref="fl-d7"/>
      </object_component>
      <object_component id="oc-193">
         <name>.text</name>
         <load_address>0x589a</load_address>
         <run_address>0x589a</run_address>
         <size>0x20</size>
         <input_file_ref idref="fl-e3"/>
      </object_component>
      <object_component id="oc-26a">
         <name>.text</name>
         <load_address>0x58ba</load_address>
         <run_address>0x58ba</run_address>
         <size>0x1c</size>
         <input_file_ref idref="fl-f1"/>
      </object_component>
      <object_component id="oc-1ac">
         <name>.text:oi_parseInt</name>
         <load_address>0x58d6</load_address>
         <run_address>0x58d6</run_address>
         <size>0x18</size>
         <input_file_ref idref="fl-a"/>
      </object_component>
      <object_component id="oc-6c">
         <name>.text</name>
         <load_address>0x58f0</load_address>
         <run_address>0x58f0</run_address>
         <size>0x18</size>
         <input_file_ref idref="fl-e7"/>
      </object_component>
      <object_component id="oc-177">
         <name>.text</name>
         <load_address>0x5908</load_address>
         <run_address>0x5908</run_address>
         <size>0x18</size>
         <input_file_ref idref="fl-e0"/>
      </object_component>
      <object_component id="oc-25e">
         <name>.text</name>
         <load_address>0x5920</load_address>
         <run_address>0x5920</run_address>
         <size>0x16</size>
         <input_file_ref idref="fl-f6"/>
      </object_component>
      <object_component id="oc-124">
         <name>.text</name>
         <load_address>0x5938</load_address>
         <run_address>0x5938</run_address>
         <size>0x14</size>
         <input_file_ref idref="fl-e5"/>
      </object_component>
      <object_component id="oc-2b8">
         <name>.text</name>
         <load_address>0x594c</load_address>
         <run_address>0x594c</run_address>
         <size>0x14</size>
         <input_file_ref idref="fl-f8"/>
      </object_component>
      <object_component id="oc-17d">
         <name>.text</name>
         <load_address>0x5960</load_address>
         <run_address>0x5960</run_address>
         <size>0x14</size>
         <input_file_ref idref="fl-e1"/>
      </object_component>
      <object_component id="oc-1ba">
         <name>.text</name>
         <load_address>0x5974</load_address>
         <run_address>0x5974</run_address>
         <size>0x14</size>
         <input_file_ref idref="fl-e2"/>
      </object_component>
      <object_component id="oc-142">
         <name>.text:IntMasterEnable</name>
         <load_address>0x5988</load_address>
         <run_address>0x5988</run_address>
         <size>0x10</size>
         <input_file_ref idref="fl-f9"/>
      </object_component>
      <object_component id="oc-16a">
         <name>.text:lcd_clear</name>
         <load_address>0x5998</load_address>
         <run_address>0x5998</run_address>
         <size>0x10</size>
         <input_file_ref idref="fl-7"/>
      </object_component>
      <object_component id="oc-18">
         <name>.text:decompress:none</name>
         <load_address>0x59a8</load_address>
         <run_address>0x59a8</run_address>
         <size>0xe</size>
         <input_file_ref idref="fl-ce"/>
      </object_component>
      <object_component id="oc-1de">
         <name>.text:CPUcpsie</name>
         <load_address>0x59b6</load_address>
         <run_address>0x59b6</run_address>
         <size>0xc</size>
         <input_file_ref idref="fl-fa"/>
      </object_component>
      <object_component id="oc-1e">
         <name>.text:decompress:ZI</name>
         <load_address>0x59c2</load_address>
         <run_address>0x59c2</run_address>
         <size>0xc</size>
         <input_file_ref idref="fl-cf"/>
      </object_component>
      <object_component id="oc-2e">
         <name>.text</name>
         <load_address>0x59ce</load_address>
         <run_address>0x59ce</run_address>
         <size>0xc</size>
         <input_file_ref idref="fl-f"/>
      </object_component>
      <object_component id="oc-60">
         <name>.text</name>
         <load_address>0x59da</load_address>
         <run_address>0x59da</run_address>
         <size>0x4</size>
         <input_file_ref idref="fl-dc"/>
      </object_component>
      <object_component id="oc-30e">
         <name>.const:$O1$$</name>
         <load_address>0x59e0</load_address>
         <run_address>0x59e0</run_address>
         <size>0x158</size>
         <input_file_ref idref="fl-ee"/>
      </object_component>
      <object_component id="oc-2c5">
         <name>.const:.string:_ctypes_</name>
         <load_address>0x5b38</load_address>
         <run_address>0x5b38</run_address>
         <size>0x101</size>
         <input_file_ref idref="fl-eb"/>
      </object_component>
      <object_component id="oc-183">
         <name>.const:.string:lineAddress$1</name>
         <load_address>0x5c39</load_address>
         <run_address>0x5c39</run_address>
         <size>0x4</size>
         <input_file_ref idref="fl-7"/>
      </object_component>
      <object_component id="oc-314">
         <name>.const:xxx</name>
         <load_address>0x5c40</load_address>
         <run_address>0x5c40</run_address>
         <size>0x80</size>
         <input_file_ref idref="fl-ef"/>
      </object_component>
      <object_component id="oc-1b4">
         <name>.const:.string:$P$T0$3</name>
         <load_address>0x5cc0</load_address>
         <run_address>0x5cc0</run_address>
         <size>0xf</size>
         <input_file_ref idref="fl-a"/>
      </object_component>
      <object_component id="oc-184">
         <name>.const:.string:lineAddresses$2</name>
         <load_address>0x5ccf</load_address>
         <run_address>0x5ccf</run_address>
         <size>0x4</size>
         <input_file_ref idref="fl-7"/>
      </object_component>
      <object_component id="oc-34b">
         <name>.cinit..data.load</name>
         <load_address>0x5cd8</load_address>
         <run_address>0x5cd8</run_address>
         <size>0x30</size>
      </object_component>
      <object_component id="oc-348">
         <name>__TI_handler_table</name>
         <load_address>0x5d08</load_address>
         <run_address>0x5d08</run_address>
         <size>0xc</size>
      </object_component>
      <object_component id="oc-34c">
         <name>.cinit..bss.load</name>
         <load_address>0x5d18</load_address>
         <run_address>0x5d18</run_address>
         <size>0x8</size>
      </object_component>
      <object_component id="oc-34a">
         <name>.cinit..vtable.load</name>
         <load_address>0x5d20</load_address>
         <run_address>0x5d20</run_address>
         <size>0x8</size>
      </object_component>
      <object_component id="oc-349">
         <name>__TI_cinit_table</name>
         <load_address>0x5d28</load_address>
         <run_address>0x5d28</run_address>
         <size>0x18</size>
      </object_component>
      <object_component id="oc-1d9">
         <name>.vtable</name>
         <uninitialized>true</uninitialized>
         <run_address>0x20000000</run_address>
         <size>0x26c</size>
         <input_file_ref idref="fl-f9"/>
      </object_component>
      <object_component id="oc-18e">
         <name>.data</name>
         <load_address>0x200014dd</load_address>
         <run_address>0x200014dd</run_address>
         <size>0x1</size>
         <input_file_ref idref="fl-2"/>
      </object_component>
      <object_component id="oc-1cb">
         <name>.data</name>
         <load_address>0x200014e8</load_address>
         <run_address>0x200014e8</run_address>
         <size>0x8</size>
         <input_file_ref idref="fl-4"/>
      </object_component>
      <object_component id="oc-29b">
         <name>.data</name>
         <load_address>0x20001498</load_address>
         <run_address>0x20001498</run_address>
         <size>0x14</size>
         <input_file_ref idref="fl-9"/>
      </object_component>
      <object_component id="oc-1b3">
         <name>.data</name>
         <load_address>0x200014ac</load_address>
         <run_address>0x200014ac</run_address>
         <size>0x10</size>
         <input_file_ref idref="fl-a"/>
      </object_component>
      <object_component id="oc-1a2">
         <name>.data</name>
         <load_address>0x200014d4</load_address>
         <run_address>0x200014d4</run_address>
         <size>0x9</size>
         <input_file_ref idref="fl-c"/>
      </object_component>
      <object_component id="oc-14b">
         <name>.data</name>
         <load_address>0x200014de</load_address>
         <run_address>0x200014de</run_address>
         <size>0x1</size>
         <input_file_ref idref="fl-10"/>
      </object_component>
      <object_component id="oc-b6">
         <name>.data:$O1$$</name>
         <load_address>0x200014bc</load_address>
         <run_address>0x200014bc</run_address>
         <size>0xc</size>
         <input_file_ref idref="fl-d0"/>
      </object_component>
      <object_component id="oc-21a">
         <name>.data:$O1$$</name>
         <load_address>0x200014c8</load_address>
         <run_address>0x200014c8</run_address>
         <size>0xc</size>
         <input_file_ref idref="fl-d9"/>
      </object_component>
      <object_component id="oc-78">
         <name>.data</name>
         <load_address>0x200014f4</load_address>
         <run_address>0x200014f4</run_address>
         <size>0x4</size>
         <input_file_ref idref="fl-df"/>
      </object_component>
      <object_component id="oc-b9">
         <name>.data:$O1$$</name>
         <load_address>0x200014e0</load_address>
         <run_address>0x200014e0</run_address>
         <size>0x8</size>
         <input_file_ref idref="fl-e5"/>
      </object_component>
      <object_component id="oc-2be">
         <name>.data</name>
         <load_address>0x200014f0</load_address>
         <run_address>0x200014f0</run_address>
         <size>0x4</size>
         <input_file_ref idref="fl-ec"/>
      </object_component>
      <object_component id="oc-185">
         <name>.bss:lastbuffer$3</name>
         <uninitialized>true</uninitialized>
         <run_address>0x20001014</run_address>
         <size>0x54</size>
         <input_file_ref idref="fl-7"/>
      </object_component>
      <object_component id="oc-1b7">
         <name>.bss:firmware$2</name>
         <uninitialized>true</uninitialized>
         <run_address>0x20001068</run_address>
         <size>0x18</size>
         <input_file_ref idref="fl-a"/>
      </object_component>
      <object_component id="oc-18f">
         <name>.common:_prevButton</name>
         <uninitialized>true</uninitialized>
         <run_address>0x20001094</run_address>
         <size>0x1</size>
      </object_component>
      <object_component id="oc-232">
         <name>.common:sensor_data</name>
         <uninitialized>true</uninitialized>
         <run_address>0x20001090</run_address>
         <size>0x4</size>
      </object_component>
      <object_component id="oc-1c8">
         <name>.common:command</name>
         <uninitialized>true</uninitialized>
         <run_address>0x20001080</run_address>
         <size>0x8</size>
      </object_component>
      <object_component id="oc-2a2">
         <name>.common:data</name>
         <uninitialized>true</uninitialized>
         <run_address>0x20000a6c</run_address>
         <size>0x5a8</size>
      </object_component>
      <object_component id="oc-2a3">
         <name>.common:state</name>
         <uninitialized>true</uninitialized>
         <run_address>0x20001096</run_address>
         <size>0x1</size>
      </object_component>
      <object_component id="oc-2a1">
         <name>.common:newObjectStart</name>
         <uninitialized>true</uninitialized>
         <run_address>0x2000108c</run_address>
         <size>0x4</size>
      </object_component>
      <object_component id="oc-29e">
         <name>.common:newObjectEnd</name>
         <uninitialized>true</uninitialized>
         <run_address>0x20001088</run_address>
         <size>0x4</size>
      </object_component>
      <object_component id="oc-148">
         <name>.common:lastCharacter</name>
         <uninitialized>true</uninitialized>
         <run_address>0x20001095</run_address>
         <size>0x1</size>
      </object_component>
      <object_component id="oc-2b">
         <name>.sysmem</name>
         <uninitialized>true</uninitialized>
         <run_address>0x20001098</run_address>
         <size>0x8</size>
         <input_file_ref idref="fl-d9"/>
      </object_component>
      <object_component id="oc-34e">
         <name>.sysmem</name>
         <uninitialized>true</uninitialized>
         <run_address>0x20001098</run_address>
         <size>0x0</size>
      </object_component>
      <object_component id="oc-2a">
         <name>.stack</name>
         <uninitialized>true</uninitialized>
         <run_address>0x2000026c</run_address>
         <size>0x0</size>
         <input_file_ref idref="fl-cc"/>
      </object_component>
      <object_component id="oc-34d">
         <name>.stack</name>
         <uninitialized>true</uninitialized>
         <run_address>0x2000026c</run_address>
         <size>0x0</size>
      </object_component>
      <object_component id="oc-190">
         <name>.debug_info</name>
         <load_address>0x0</load_address>
         <run_address>0x0</run_address>
         <size>0xc9</size>
         <input_file_ref idref="fl-2"/>
      </object_component>
      <object_component id="oc-f7">
         <name>.debug_info</name>
         <load_address>0xc9</load_address>
         <run_address>0xc9</run_address>
         <size>0x40a</size>
         <input_file_ref idref="fl-2"/>
      </object_component>
      <object_component id="oc-3d">
         <name>.debug_info</name>
         <load_address>0x4d3</load_address>
         <run_address>0x4d3</run_address>
         <size>0x84</size>
         <input_file_ref idref="fl-2"/>
      </object_component>
      <object_component id="oc-83">
         <name>.debug_info</name>
         <load_address>0x557</load_address>
         <run_address>0x557</run_address>
         <size>0x18b</size>
         <input_file_ref idref="fl-2"/>
      </object_component>
      <object_component id="oc-210">
         <name>.debug_info</name>
         <load_address>0x6e2</load_address>
         <run_address>0x6e2</run_address>
         <size>0x39c</size>
         <input_file_ref idref="fl-3"/>
      </object_component>
      <object_component id="oc-1c3">
         <name>.debug_info</name>
         <load_address>0xa7e</load_address>
         <run_address>0xa7e</run_address>
         <size>0x306</size>
         <input_file_ref idref="fl-3"/>
      </object_component>
      <object_component id="oc-1d1">
         <name>.debug_info</name>
         <load_address>0xd84</load_address>
         <run_address>0xd84</run_address>
         <size>0x5aa</size>
         <input_file_ref idref="fl-3"/>
      </object_component>
      <object_component id="oc-20b">
         <name>.debug_info</name>
         <load_address>0x132e</load_address>
         <run_address>0x132e</run_address>
         <size>0xc8</size>
         <input_file_ref idref="fl-3"/>
      </object_component>
      <object_component id="oc-2a7">
         <name>.debug_info</name>
         <load_address>0x13f6</load_address>
         <run_address>0x13f6</run_address>
         <size>0x69</size>
         <input_file_ref idref="fl-3"/>
      </object_component>
      <object_component id="oc-115">
         <name>.debug_info</name>
         <load_address>0x145f</load_address>
         <run_address>0x145f</run_address>
         <size>0x8b</size>
         <input_file_ref idref="fl-3"/>
      </object_component>
      <object_component id="oc-1ee">
         <name>.debug_info</name>
         <load_address>0x14ea</load_address>
         <run_address>0x14ea</run_address>
         <size>0x2c</size>
         <input_file_ref idref="fl-3"/>
      </object_component>
      <object_component id="oc-188">
         <name>.debug_info</name>
         <load_address>0x1516</load_address>
         <run_address>0x1516</run_address>
         <size>0x4e</size>
         <input_file_ref idref="fl-3"/>
      </object_component>
      <object_component id="oc-1c9">
         <name>.debug_info</name>
         <load_address>0x1564</load_address>
         <run_address>0x1564</run_address>
         <size>0x35b</size>
         <input_file_ref idref="fl-4"/>
      </object_component>
      <object_component id="oc-1cc">
         <name>.debug_info</name>
         <load_address>0x18bf</load_address>
         <run_address>0x18bf</run_address>
         <size>0x10a</size>
         <input_file_ref idref="fl-4"/>
      </object_component>
      <object_component id="oc-110">
         <name>.debug_info</name>
         <load_address>0x19c9</load_address>
         <run_address>0x19c9</run_address>
         <size>0x2a7</size>
         <input_file_ref idref="fl-4"/>
      </object_component>
      <object_component id="oc-11a">
         <name>.debug_info</name>
         <load_address>0x1c70</load_address>
         <run_address>0x1c70</run_address>
         <size>0x517</size>
         <input_file_ref idref="fl-5"/>
      </object_component>
      <object_component id="oc-af">
         <name>.debug_info</name>
         <load_address>0x2187</load_address>
         <run_address>0x2187</run_address>
         <size>0x43d</size>
         <input_file_ref idref="fl-5"/>
      </object_component>
      <object_component id="oc-e5">
         <name>.debug_info</name>
         <load_address>0x25c4</load_address>
         <run_address>0x25c4</run_address>
         <size>0x1e6</size>
         <input_file_ref idref="fl-6"/>
      </object_component>
      <object_component id="oc-187">
         <name>.debug_info</name>
         <load_address>0x27aa</load_address>
         <run_address>0x27aa</run_address>
         <size>0x1cc</size>
         <input_file_ref idref="fl-7"/>
      </object_component>
      <object_component id="oc-16c">
         <name>.debug_info</name>
         <load_address>0x2976</load_address>
         <run_address>0x2976</run_address>
         <size>0x117</size>
         <input_file_ref idref="fl-7"/>
      </object_component>
      <object_component id="oc-ed">
         <name>.debug_info</name>
         <load_address>0x2a8d</load_address>
         <run_address>0x2a8d</run_address>
         <size>0x835</size>
         <input_file_ref idref="fl-7"/>
      </object_component>
      <object_component id="oc-2a6">
         <name>.debug_info</name>
         <load_address>0x32c2</load_address>
         <run_address>0x32c2</run_address>
         <size>0x352</size>
         <input_file_ref idref="fl-8"/>
      </object_component>
      <object_component id="oc-22d">
         <name>.debug_info</name>
         <load_address>0x3614</load_address>
         <run_address>0x3614</run_address>
         <size>0x8fa</size>
         <input_file_ref idref="fl-8"/>
      </object_component>
      <object_component id="oc-29f">
         <name>.debug_info</name>
         <load_address>0x3f0e</load_address>
         <run_address>0x3f0e</run_address>
         <size>0x4bb</size>
         <input_file_ref idref="fl-9"/>
      </object_component>
      <object_component id="oc-29c">
         <name>.debug_info</name>
         <load_address>0x43c9</load_address>
         <run_address>0x43c9</run_address>
         <size>0x14c</size>
         <input_file_ref idref="fl-9"/>
      </object_component>
      <object_component id="oc-22a">
         <name>.debug_info</name>
         <load_address>0x4515</load_address>
         <run_address>0x4515</run_address>
         <size>0x6fd</size>
         <input_file_ref idref="fl-9"/>
      </object_component>
      <object_component id="oc-2ed">
         <name>.debug_info</name>
         <load_address>0x4c12</load_address>
         <run_address>0x4c12</run_address>
         <size>0xec</size>
         <input_file_ref idref="fl-9"/>
      </object_component>
      <object_component id="oc-1b9">
         <name>.debug_info</name>
         <load_address>0x4cfe</load_address>
         <run_address>0x4cfe</run_address>
         <size>0x27d</size>
         <input_file_ref idref="fl-a"/>
      </object_component>
      <object_component id="oc-1b5">
         <name>.debug_info</name>
         <load_address>0x4f7b</load_address>
         <run_address>0x4f7b</run_address>
         <size>0xc9</size>
         <input_file_ref idref="fl-a"/>
      </object_component>
      <object_component id="oc-1ad">
         <name>.debug_info</name>
         <load_address>0x5044</load_address>
         <run_address>0x5044</run_address>
         <size>0x141</size>
         <input_file_ref idref="fl-a"/>
      </object_component>
      <object_component id="oc-103">
         <name>.debug_info</name>
         <load_address>0x5185</load_address>
         <run_address>0x5185</run_address>
         <size>0x14db</size>
         <input_file_ref idref="fl-a"/>
      </object_component>
      <object_component id="oc-219">
         <name>.debug_info</name>
         <load_address>0x6660</load_address>
         <run_address>0x6660</run_address>
         <size>0x2e2</size>
         <input_file_ref idref="fl-c"/>
      </object_component>
      <object_component id="oc-1a3">
         <name>.debug_info</name>
         <load_address>0x6942</load_address>
         <run_address>0x6942</run_address>
         <size>0x126</size>
         <input_file_ref idref="fl-c"/>
      </object_component>
      <object_component id="oc-fe">
         <name>.debug_info</name>
         <load_address>0x6a68</load_address>
         <run_address>0x6a68</run_address>
         <size>0x635</size>
         <input_file_ref idref="fl-c"/>
      </object_component>
      <object_component id="oc-f2">
         <name>.debug_info</name>
         <load_address>0x709d</load_address>
         <run_address>0x709d</run_address>
         <size>0x408</size>
         <input_file_ref idref="fl-d"/>
      </object_component>
      <object_component id="oc-167">
         <name>.debug_info</name>
         <load_address>0x74a5</load_address>
         <run_address>0x74a5</run_address>
         <size>0x3e7</size>
         <input_file_ref idref="fl-e"/>
      </object_component>
      <object_component id="oc-36">
         <name>.debug_info</name>
         <load_address>0x788c</load_address>
         <run_address>0x788c</run_address>
         <size>0xf2</size>
         <input_file_ref idref="fl-f"/>
      </object_component>
      <object_component id="oc-10">
         <name>.debug_info</name>
         <load_address>0x797e</load_address>
         <run_address>0x797e</run_address>
         <size>0xdd</size>
         <input_file_ref idref="fl-f"/>
      </object_component>
      <object_component id="oc-2f">
         <name>.debug_info</name>
         <load_address>0x7a5b</load_address>
         <run_address>0x7a5b</run_address>
         <size>0x259</size>
         <input_file_ref idref="fl-f"/>
      </object_component>
      <object_component id="oc-149">
         <name>.debug_info</name>
         <load_address>0x7cb4</load_address>
         <run_address>0x7cb4</run_address>
         <size>0x2cd</size>
         <input_file_ref idref="fl-10"/>
      </object_component>
      <object_component id="oc-14c">
         <name>.debug_info</name>
         <load_address>0x7f81</load_address>
         <run_address>0x7f81</run_address>
         <size>0xd3</size>
         <input_file_ref idref="fl-10"/>
      </object_component>
      <object_component id="oc-df">
         <name>.debug_info</name>
         <load_address>0x8054</load_address>
         <run_address>0x8054</run_address>
         <size>0x55d</size>
         <input_file_ref idref="fl-10"/>
      </object_component>
      <object_component id="oc-1c1">
         <name>.debug_info</name>
         <load_address>0x85b1</load_address>
         <run_address>0x85b1</run_address>
         <size>0x350</size>
         <input_file_ref idref="fl-11"/>
      </object_component>
      <object_component id="oc-10a">
         <name>.debug_info</name>
         <load_address>0x8901</load_address>
         <run_address>0x8901</run_address>
         <size>0x311</size>
         <input_file_ref idref="fl-11"/>
      </object_component>
      <object_component id="oc-97">
         <name>.debug_info</name>
         <load_address>0x8c12</load_address>
         <run_address>0x8c12</run_address>
         <size>0x2c</size>
         <input_file_ref idref="fl-11"/>
      </object_component>
      <object_component id="oc-25">
         <name>.debug_info</name>
         <load_address>0x8c3e</load_address>
         <run_address>0x8c3e</run_address>
         <size>0x160</size>
         <input_file_ref idref="fl-cc"/>
      </object_component>
      <object_component id="oc-8d">
         <name>.debug_info</name>
         <load_address>0x8d9e</load_address>
         <run_address>0x8d9e</run_address>
         <size>0x293</size>
         <input_file_ref idref="fl-cd"/>
      </object_component>
      <object_component id="oc-14">
         <name>.debug_info</name>
         <load_address>0x9031</load_address>
         <run_address>0x9031</run_address>
         <size>0x245</size>
         <input_file_ref idref="fl-cd"/>
      </object_component>
      <object_component id="oc-38">
         <name>.debug_info</name>
         <load_address>0x9276</load_address>
         <run_address>0x9276</run_address>
         <size>0x60</size>
         <input_file_ref idref="fl-cd"/>
      </object_component>
      <object_component id="oc-88">
         <name>.debug_info</name>
         <load_address>0x92d6</load_address>
         <run_address>0x92d6</run_address>
         <size>0x46</size>
         <input_file_ref idref="fl-cd"/>
      </object_component>
      <object_component id="oc-4d">
         <name>.debug_info</name>
         <load_address>0x931c</load_address>
         <run_address>0x931c</run_address>
         <size>0x2da</size>
         <input_file_ref idref="fl-ce"/>
      </object_component>
      <object_component id="oc-19">
         <name>.debug_info</name>
         <load_address>0x95f6</load_address>
         <run_address>0x95f6</run_address>
         <size>0x1df</size>
         <input_file_ref idref="fl-ce"/>
      </object_component>
      <object_component id="oc-48">
         <name>.debug_info</name>
         <load_address>0x97d5</load_address>
         <run_address>0x97d5</run_address>
         <size>0x46</size>
         <input_file_ref idref="fl-ce"/>
      </object_component>
      <object_component id="oc-8f">
         <name>.debug_info</name>
         <load_address>0x981b</load_address>
         <run_address>0x981b</run_address>
         <size>0x2c</size>
         <input_file_ref idref="fl-ce"/>
      </object_component>
      <object_component id="oc-59">
         <name>.debug_info</name>
         <load_address>0x9847</load_address>
         <run_address>0x9847</run_address>
         <size>0x2c9</size>
         <input_file_ref idref="fl-cf"/>
      </object_component>
      <object_component id="oc-22">
         <name>.debug_info</name>
         <load_address>0x9b10</load_address>
         <run_address>0x9b10</run_address>
         <size>0x1aa</size>
         <input_file_ref idref="fl-cf"/>
      </object_component>
      <object_component id="oc-54">
         <name>.debug_info</name>
         <load_address>0x9cba</load_address>
         <run_address>0x9cba</run_address>
         <size>0x46</size>
         <input_file_ref idref="fl-cf"/>
      </object_component>
      <object_component id="oc-bd">
         <name>.debug_info</name>
         <load_address>0x9d00</load_address>
         <run_address>0x9d00</run_address>
         <size>0x3ce</size>
         <input_file_ref idref="fl-d0"/>
      </object_component>
      <object_component id="oc-b7">
         <name>.debug_info</name>
         <load_address>0xa0ce</load_address>
         <run_address>0xa0ce</run_address>
         <size>0x185</size>
         <input_file_ref idref="fl-d0"/>
      </object_component>
      <object_component id="oc-75">
         <name>.debug_info</name>
         <load_address>0xa253</load_address>
         <run_address>0xa253</run_address>
         <size>0x214</size>
         <input_file_ref idref="fl-d0"/>
      </object_component>
      <object_component id="oc-15a">
         <name>.debug_info</name>
         <load_address>0xa467</load_address>
         <run_address>0xa467</run_address>
         <size>0x144</size>
         <input_file_ref idref="fl-d1"/>
      </object_component>
      <object_component id="oc-199">
         <name>.debug_info</name>
         <load_address>0xa5ab</load_address>
         <run_address>0xa5ab</run_address>
         <size>0x132</size>
         <input_file_ref idref="fl-d2"/>
      </object_component>
      <object_component id="oc-157">
         <name>.debug_info</name>
         <load_address>0xa6dd</load_address>
         <run_address>0xa6dd</run_address>
         <size>0x132</size>
         <input_file_ref idref="fl-d3"/>
      </object_component>
      <object_component id="oc-160">
         <name>.debug_info</name>
         <load_address>0xa80f</load_address>
         <run_address>0xa80f</run_address>
         <size>0x126</size>
         <input_file_ref idref="fl-d4"/>
      </object_component>
      <object_component id="oc-19f">
         <name>.debug_info</name>
         <load_address>0xa935</load_address>
         <run_address>0xa935</run_address>
         <size>0x131</size>
         <input_file_ref idref="fl-d5"/>
      </object_component>
      <object_component id="oc-291">
         <name>.debug_info</name>
         <load_address>0xaa66</load_address>
         <run_address>0xaa66</run_address>
         <size>0x124</size>
         <input_file_ref idref="fl-d6"/>
      </object_component>
      <object_component id="oc-152">
         <name>.debug_info</name>
         <load_address>0xab8a</load_address>
         <run_address>0xab8a</run_address>
         <size>0x124</size>
         <input_file_ref idref="fl-d7"/>
      </object_component>
      <object_component id="oc-43">
         <name>.debug_info</name>
         <load_address>0xacae</load_address>
         <run_address>0xacae</run_address>
         <size>0x111</size>
         <input_file_ref idref="fl-d8"/>
      </object_component>
      <object_component id="oc-7e">
         <name>.debug_info</name>
         <load_address>0xadbf</load_address>
         <run_address>0xadbf</run_address>
         <size>0x3bc</size>
         <input_file_ref idref="fl-d9"/>
      </object_component>
      <object_component id="oc-2c">
         <name>.debug_info</name>
         <load_address>0xb17b</load_address>
         <run_address>0xb17b</run_address>
         <size>0x101</size>
         <input_file_ref idref="fl-d9"/>
      </object_component>
      <object_component id="oc-21b">
         <name>.debug_info</name>
         <load_address>0xb27c</load_address>
         <run_address>0xb27c</run_address>
         <size>0x14c</size>
         <input_file_ref idref="fl-d9"/>
      </object_component>
      <object_component id="oc-1a7">
         <name>.debug_info</name>
         <load_address>0xb3c8</load_address>
         <run_address>0xb3c8</run_address>
         <size>0x885</size>
         <input_file_ref idref="fl-d9"/>
      </object_component>
      <object_component id="oc-c3">
         <name>.debug_info</name>
         <load_address>0xbc4d</load_address>
         <run_address>0xbc4d</run_address>
         <size>0x2c</size>
         <input_file_ref idref="fl-d9"/>
      </object_component>
      <object_component id="oc-c8">
         <name>.debug_info</name>
         <load_address>0xbc79</load_address>
         <run_address>0xbc79</run_address>
         <size>0x62</size>
         <input_file_ref idref="fl-d9"/>
      </object_component>
      <object_component id="oc-50">
         <name>.debug_info</name>
         <load_address>0xbcdb</load_address>
         <run_address>0xbcdb</run_address>
         <size>0x13f</size>
         <input_file_ref idref="fl-da"/>
      </object_component>
      <object_component id="oc-5b">
         <name>.debug_info</name>
         <load_address>0xbe1a</load_address>
         <run_address>0xbe1a</run_address>
         <size>0x138</size>
         <input_file_ref idref="fl-db"/>
      </object_component>
      <object_component id="oc-61">
         <name>.debug_info</name>
         <load_address>0xbf52</load_address>
         <run_address>0xbf52</run_address>
         <size>0x148</size>
         <input_file_ref idref="fl-dc"/>
      </object_component>
      <object_component id="oc-2e3">
         <name>.debug_info</name>
         <load_address>0xc09a</load_address>
         <run_address>0xc09a</run_address>
         <size>0x388</size>
         <input_file_ref idref="fl-dd"/>
      </object_component>
      <object_component id="oc-296">
         <name>.debug_info</name>
         <load_address>0xc422</load_address>
         <run_address>0xc422</run_address>
         <size>0x5b0</size>
         <input_file_ref idref="fl-dd"/>
      </object_component>
      <object_component id="oc-2e4">
         <name>.debug_info</name>
         <load_address>0xc9d2</load_address>
         <run_address>0xc9d2</run_address>
         <size>0x39</size>
         <input_file_ref idref="fl-dd"/>
      </object_component>
      <object_component id="oc-2d4">
         <name>.debug_info</name>
         <load_address>0xca0b</load_address>
         <run_address>0xca0b</run_address>
         <size>0x355</size>
         <input_file_ref idref="fl-de"/>
      </object_component>
      <object_component id="oc-28b">
         <name>.debug_info</name>
         <load_address>0xcd60</load_address>
         <run_address>0xcd60</run_address>
         <size>0x2e4</size>
         <input_file_ref idref="fl-de"/>
      </object_component>
      <object_component id="oc-1fb">
         <name>.debug_info</name>
         <load_address>0xd044</load_address>
         <run_address>0xd044</run_address>
         <size>0x2c</size>
         <input_file_ref idref="fl-de"/>
      </object_component>
      <object_component id="oc-79">
         <name>.debug_info</name>
         <load_address>0xd070</load_address>
         <run_address>0xd070</run_address>
         <size>0x109</size>
         <input_file_ref idref="fl-df"/>
      </object_component>
      <object_component id="oc-206">
         <name>.debug_info</name>
         <load_address>0xd179</load_address>
         <run_address>0xd179</run_address>
         <size>0x27f</size>
         <input_file_ref idref="fl-e0"/>
      </object_component>
      <object_component id="oc-178">
         <name>.debug_info</name>
         <load_address>0xd3f8</load_address>
         <run_address>0xd3f8</run_address>
         <size>0x258</size>
         <input_file_ref idref="fl-e0"/>
      </object_component>
      <object_component id="oc-208">
         <name>.debug_info</name>
         <load_address>0xd650</load_address>
         <run_address>0xd650</run_address>
         <size>0x28a</size>
         <input_file_ref idref="fl-e1"/>
      </object_component>
      <object_component id="oc-17e">
         <name>.debug_info</name>
         <load_address>0xd8da</load_address>
         <run_address>0xd8da</run_address>
         <size>0x231</size>
         <input_file_ref idref="fl-e1"/>
      </object_component>
      <object_component id="oc-223">
         <name>.debug_info</name>
         <load_address>0xdb0b</load_address>
         <run_address>0xdb0b</run_address>
         <size>0x284</size>
         <input_file_ref idref="fl-e2"/>
      </object_component>
      <object_component id="oc-1bb">
         <name>.debug_info</name>
         <load_address>0xdd8f</load_address>
         <run_address>0xdd8f</run_address>
         <size>0x22a</size>
         <input_file_ref idref="fl-e2"/>
      </object_component>
      <object_component id="oc-196">
         <name>.debug_info</name>
         <load_address>0xdfb9</load_address>
         <run_address>0xdfb9</run_address>
         <size>0x126</size>
         <input_file_ref idref="fl-e3"/>
      </object_component>
      <object_component id="oc-1fa">
         <name>.debug_info</name>
         <load_address>0xe0df</load_address>
         <run_address>0xe0df</run_address>
         <size>0x362</size>
         <input_file_ref idref="fl-e4"/>
      </object_component>
      <object_component id="oc-172">
         <name>.debug_info</name>
         <load_address>0xe441</load_address>
         <run_address>0xe441</run_address>
         <size>0x35c</size>
         <input_file_ref idref="fl-e4"/>
      </object_component>
      <object_component id="oc-200">
         <name>.debug_info</name>
         <load_address>0xe79d</load_address>
         <run_address>0xe79d</run_address>
         <size>0x69</size>
         <input_file_ref idref="fl-e4"/>
      </object_component>
      <object_component id="oc-12c">
         <name>.debug_info</name>
         <load_address>0xe806</load_address>
         <run_address>0xe806</run_address>
         <size>0x2be</size>
         <input_file_ref idref="fl-e5"/>
      </object_component>
      <object_component id="oc-ba">
         <name>.debug_info</name>
         <load_address>0xeac4</load_address>
         <run_address>0xeac4</run_address>
         <size>0x113</size>
         <input_file_ref idref="fl-e5"/>
      </object_component>
      <object_component id="oc-125">
         <name>.debug_info</name>
         <load_address>0xebd7</load_address>
         <run_address>0xebd7</run_address>
         <size>0x21f</size>
         <input_file_ref idref="fl-e5"/>
      </object_component>
      <object_component id="oc-271">
         <name>.debug_info</name>
         <load_address>0xedf6</load_address>
         <run_address>0xedf6</run_address>
         <size>0x51f</size>
         <input_file_ref idref="fl-e6"/>
      </object_component>
      <object_component id="oc-1f4">
         <name>.debug_info</name>
         <load_address>0xf315</load_address>
         <run_address>0xf315</run_address>
         <size>0x1543</size>
         <input_file_ref idref="fl-e6"/>
      </object_component>
      <object_component id="oc-272">
         <name>.debug_info</name>
         <load_address>0x10858</load_address>
         <run_address>0x10858</run_address>
         <size>0x86</size>
         <input_file_ref idref="fl-e6"/>
      </object_component>
      <object_component id="oc-2ce">
         <name>.debug_info</name>
         <load_address>0x108de</load_address>
         <run_address>0x108de</run_address>
         <size>0x46</size>
         <input_file_ref idref="fl-e6"/>
      </object_component>
      <object_component id="oc-277">
         <name>.debug_info</name>
         <load_address>0x10924</load_address>
         <run_address>0x10924</run_address>
         <size>0x39</size>
         <input_file_ref idref="fl-e6"/>
      </object_component>
      <object_component id="oc-b5">
         <name>.debug_info</name>
         <load_address>0x1095d</load_address>
         <run_address>0x1095d</run_address>
         <size>0x300</size>
         <input_file_ref idref="fl-e7"/>
      </object_component>
      <object_component id="oc-6f">
         <name>.debug_info</name>
         <load_address>0x10c5d</load_address>
         <run_address>0x10c5d</run_address>
         <size>0x167</size>
         <input_file_ref idref="fl-e7"/>
      </object_component>
      <object_component id="oc-11d">
         <name>.debug_info</name>
         <load_address>0x10dc4</load_address>
         <run_address>0x10dc4</run_address>
         <size>0x5e</size>
         <input_file_ref idref="fl-e7"/>
      </object_component>
      <object_component id="oc-2c9">
         <name>.debug_info</name>
         <load_address>0x10e22</load_address>
         <run_address>0x10e22</run_address>
         <size>0x2ae</size>
         <input_file_ref idref="fl-e8"/>
      </object_component>
      <object_component id="oc-267">
         <name>.debug_info</name>
         <load_address>0x110d0</load_address>
         <run_address>0x110d0</run_address>
         <size>0x171</size>
         <input_file_ref idref="fl-e8"/>
      </object_component>
      <object_component id="oc-ad">
         <name>.debug_info</name>
         <load_address>0x11241</load_address>
         <run_address>0x11241</run_address>
         <size>0x483</size>
         <input_file_ref idref="fl-e9"/>
      </object_component>
      <object_component id="oc-68">
         <name>.debug_info</name>
         <load_address>0x116c4</load_address>
         <run_address>0x116c4</run_address>
         <size>0x190</size>
         <input_file_ref idref="fl-e9"/>
      </object_component>
      <object_component id="oc-d4">
         <name>.debug_info</name>
         <load_address>0x11854</load_address>
         <run_address>0x11854</run_address>
         <size>0x39</size>
         <input_file_ref idref="fl-e9"/>
      </object_component>
      <object_component id="oc-137">
         <name>.debug_info</name>
         <load_address>0x1188d</load_address>
         <run_address>0x1188d</run_address>
         <size>0x39</size>
         <input_file_ref idref="fl-e9"/>
      </object_component>
      <object_component id="oc-d9">
         <name>.debug_info</name>
         <load_address>0x118c6</load_address>
         <run_address>0x118c6</run_address>
         <size>0xcd</size>
         <input_file_ref idref="fl-e9"/>
      </object_component>
      <object_component id="oc-d0">
         <name>.debug_info</name>
         <load_address>0x11993</load_address>
         <run_address>0x11993</run_address>
         <size>0x37a</size>
         <input_file_ref idref="fl-ea"/>
      </object_component>
      <object_component id="oc-a1">
         <name>.debug_info</name>
         <load_address>0x11d0d</load_address>
         <run_address>0x11d0d</run_address>
         <size>0x183</size>
         <input_file_ref idref="fl-ea"/>
      </object_component>
      <object_component id="oc-132">
         <name>.debug_info</name>
         <load_address>0x11e90</load_address>
         <run_address>0x11e90</run_address>
         <size>0x2c</size>
         <input_file_ref idref="fl-ea"/>
      </object_component>
      <object_component id="oc-301">
         <name>.debug_info</name>
         <load_address>0x11ebc</load_address>
         <run_address>0x11ebc</run_address>
         <size>0xee</size>
         <input_file_ref idref="fl-eb"/>
      </object_component>
      <object_component id="oc-2c6">
         <name>.debug_info</name>
         <load_address>0x11faa</load_address>
         <run_address>0x11faa</run_address>
         <size>0xfa</size>
         <input_file_ref idref="fl-eb"/>
      </object_component>
      <object_component id="oc-2bf">
         <name>.debug_info</name>
         <load_address>0x120a4</load_address>
         <run_address>0x120a4</run_address>
         <size>0xf3</size>
         <input_file_ref idref="fl-ec"/>
      </object_component>
      <object_component id="oc-243">
         <name>.debug_info</name>
         <load_address>0x12197</load_address>
         <run_address>0x12197</run_address>
         <size>0x120</size>
         <input_file_ref idref="fl-ed"/>
      </object_component>
      <object_component id="oc-24a">
         <name>.debug_info</name>
         <load_address>0x122b7</load_address>
         <run_address>0x122b7</run_address>
         <size>0x122</size>
         <input_file_ref idref="fl-ed"/>
      </object_component>
      <object_component id="oc-312">
         <name>.debug_info</name>
         <load_address>0x123d9</load_address>
         <run_address>0x123d9</run_address>
         <size>0x39a</size>
         <input_file_ref idref="fl-ee"/>
      </object_component>
      <object_component id="oc-30f">
         <name>.debug_info</name>
         <load_address>0x12773</load_address>
         <run_address>0x12773</run_address>
         <size>0x12f</size>
         <input_file_ref idref="fl-ee"/>
      </object_component>
      <object_component id="oc-2d7">
         <name>.debug_info</name>
         <load_address>0x128a2</load_address>
         <run_address>0x128a2</run_address>
         <size>0x724</size>
         <input_file_ref idref="fl-ee"/>
      </object_component>
      <object_component id="oc-2b3">
         <name>.debug_info</name>
         <load_address>0x12fc6</load_address>
         <run_address>0x12fc6</run_address>
         <size>0x2c</size>
         <input_file_ref idref="fl-ee"/>
      </object_component>
      <object_component id="oc-318">
         <name>.debug_info</name>
         <load_address>0x12ff2</load_address>
         <run_address>0x12ff2</run_address>
         <size>0x2c6</size>
         <input_file_ref idref="fl-ef"/>
      </object_component>
      <object_component id="oc-315">
         <name>.debug_info</name>
         <load_address>0x132b8</load_address>
         <run_address>0x132b8</run_address>
         <size>0xef</size>
         <input_file_ref idref="fl-ef"/>
      </object_component>
      <object_component id="oc-2dd">
         <name>.debug_info</name>
         <load_address>0x133a7</load_address>
         <run_address>0x133a7</run_address>
         <size>0x5c4</size>
         <input_file_ref idref="fl-ef"/>
      </object_component>
      <object_component id="oc-2b0">
         <name>.debug_info</name>
         <load_address>0x1396b</load_address>
         <run_address>0x1396b</run_address>
         <size>0x2e6</size>
         <input_file_ref idref="fl-f0"/>
      </object_component>
      <object_component id="oc-24e">
         <name>.debug_info</name>
         <load_address>0x13c51</load_address>
         <run_address>0x13c51</run_address>
         <size>0x1c2</size>
         <input_file_ref idref="fl-f0"/>
      </object_component>
      <object_component id="oc-2cb">
         <name>.debug_info</name>
         <load_address>0x13e13</load_address>
         <run_address>0x13e13</run_address>
         <size>0x28b</size>
         <input_file_ref idref="fl-f1"/>
      </object_component>
      <object_component id="oc-26c">
         <name>.debug_info</name>
         <load_address>0x1409e</load_address>
         <run_address>0x1409e</run_address>
         <size>0x1ab</size>
         <input_file_ref idref="fl-f1"/>
      </object_component>
      <object_component id="oc-31e">
         <name>.debug_info</name>
         <load_address>0x14249</load_address>
         <run_address>0x14249</run_address>
         <size>0x2ce</size>
         <input_file_ref idref="fl-f2"/>
      </object_component>
      <object_component id="oc-30a">
         <name>.debug_info</name>
         <load_address>0x14517</load_address>
         <run_address>0x14517</run_address>
         <size>0x21f</size>
         <input_file_ref idref="fl-f2"/>
      </object_component>
      <object_component id="oc-2b2">
         <name>.debug_info</name>
         <load_address>0x14736</load_address>
         <run_address>0x14736</run_address>
         <size>0x2d9</size>
         <input_file_ref idref="fl-f3"/>
      </object_component>
      <object_component id="oc-253">
         <name>.debug_info</name>
         <load_address>0x14a0f</load_address>
         <run_address>0x14a0f</run_address>
         <size>0x18a</size>
         <input_file_ref idref="fl-f3"/>
      </object_component>
      <object_component id="oc-2c2">
         <name>.debug_info</name>
         <load_address>0x14b99</load_address>
         <run_address>0x14b99</run_address>
         <size>0x316</size>
         <input_file_ref idref="fl-f4"/>
      </object_component>
      <object_component id="oc-25c">
         <name>.debug_info</name>
         <load_address>0x14eaf</load_address>
         <run_address>0x14eaf</run_address>
         <size>0x1d5</size>
         <input_file_ref idref="fl-f4"/>
      </object_component>
      <object_component id="oc-a7">
         <name>.debug_info</name>
         <load_address>0x15084</load_address>
         <run_address>0x15084</run_address>
         <size>0x145</size>
         <input_file_ref idref="fl-f5"/>
      </object_component>
      <object_component id="oc-2c4">
         <name>.debug_info</name>
         <load_address>0x151c9</load_address>
         <run_address>0x151c9</run_address>
         <size>0x28f</size>
         <input_file_ref idref="fl-f6"/>
      </object_component>
      <object_component id="oc-25f">
         <name>.debug_info</name>
         <load_address>0x15458</load_address>
         <run_address>0x15458</run_address>
         <size>0x244</size>
         <input_file_ref idref="fl-f6"/>
      </object_component>
      <object_component id="oc-23e">
         <name>.debug_info</name>
         <load_address>0x1569c</load_address>
         <run_address>0x1569c</run_address>
         <size>0x17d</size>
         <input_file_ref idref="fl-f7"/>
      </object_component>
      <object_component id="oc-2b9">
         <name>.debug_info</name>
         <load_address>0x15819</load_address>
         <run_address>0x15819</run_address>
         <size>0x156</size>
         <input_file_ref idref="fl-f8"/>
      </object_component>
      <object_component id="oc-1dd">
         <name>.debug_info</name>
         <load_address>0x1596f</load_address>
         <run_address>0x1596f</run_address>
         <size>0x20e</size>
         <input_file_ref idref="fl-f9"/>
      </object_component>
      <object_component id="oc-1da">
         <name>.debug_info</name>
         <load_address>0x15b7d</load_address>
         <run_address>0x15b7d</run_address>
         <size>0x157</size>
         <input_file_ref idref="fl-f9"/>
      </object_component>
      <object_component id="oc-13e">
         <name>.debug_info</name>
         <load_address>0x15cd4</load_address>
         <run_address>0x15cd4</run_address>
         <size>0x2c1</size>
         <input_file_ref idref="fl-f9"/>
      </object_component>
      <object_component id="oc-145">
         <name>.debug_info</name>
         <load_address>0x15f95</load_address>
         <run_address>0x15f95</run_address>
         <size>0x23e</size>
         <input_file_ref idref="fl-f9"/>
      </object_component>
      <object_component id="oc-1df">
         <name>.debug_info</name>
         <load_address>0x161d3</load_address>
         <run_address>0x161d3</run_address>
         <size>0x212</size>
         <input_file_ref idref="fl-fa"/>
      </object_component>
      <object_component id="oc-34f">
         <name>.debug_info</name>
         <load_address>0x163e5</load_address>
         <run_address>0x163e5</run_address>
         <size>0x93</size>
      </object_component>
      <object_component id="oc-213">
         <name>.debug_line</name>
         <load_address>0x0</load_address>
         <run_address>0x0</run_address>
         <size>0x2f</size>
         <input_file_ref idref="fl-2"/>
      </object_component>
      <object_component id="oc-fa">
         <name>.debug_line</name>
         <load_address>0x2f</load_address>
         <run_address>0x2f</run_address>
         <size>0x102</size>
         <input_file_ref idref="fl-2"/>
      </object_component>
      <object_component id="oc-40">
         <name>.debug_line</name>
         <load_address>0x131</load_address>
         <run_address>0x131</run_address>
         <size>0x20</size>
         <input_file_ref idref="fl-2"/>
      </object_component>
      <object_component id="oc-86">
         <name>.debug_line</name>
         <load_address>0x151</load_address>
         <run_address>0x151</run_address>
         <size>0x65</size>
         <input_file_ref idref="fl-2"/>
      </object_component>
      <object_component id="oc-283">
         <name>.debug_line</name>
         <load_address>0x1b6</load_address>
         <run_address>0x1b6</run_address>
         <size>0x5c</size>
         <input_file_ref idref="fl-3"/>
      </object_component>
      <object_component id="oc-1c6">
         <name>.debug_line</name>
         <load_address>0x212</load_address>
         <run_address>0x212</run_address>
         <size>0x9e</size>
         <input_file_ref idref="fl-3"/>
      </object_component>
      <object_component id="oc-1d4">
         <name>.debug_line</name>
         <load_address>0x2b0</load_address>
         <run_address>0x2b0</run_address>
         <size>0x37</size>
         <input_file_ref idref="fl-3"/>
      </object_component>
      <object_component id="oc-20e">
         <name>.debug_line</name>
         <load_address>0x2e7</load_address>
         <run_address>0x2e7</run_address>
         <size>0x64</size>
         <input_file_ref idref="fl-3"/>
      </object_component>
      <object_component id="oc-2aa">
         <name>.debug_line</name>
         <load_address>0x34b</load_address>
         <run_address>0x34b</run_address>
         <size>0x31</size>
         <input_file_ref idref="fl-3"/>
      </object_component>
      <object_component id="oc-118">
         <name>.debug_line</name>
         <load_address>0x37c</load_address>
         <run_address>0x37c</run_address>
         <size>0x20</size>
         <input_file_ref idref="fl-3"/>
      </object_component>
      <object_component id="oc-1f1">
         <name>.debug_line</name>
         <load_address>0x39c</load_address>
         <run_address>0x39c</run_address>
         <size>0x2e</size>
         <input_file_ref idref="fl-3"/>
      </object_component>
      <object_component id="oc-18b">
         <name>.debug_line</name>
[...]
         <object_component_ref idref="oc-fc"/>
      </symbol>
      <symbol id="sm-2d4">
         <name>gpio_ping_micros</name>
         <value>0x40c5</value>
         <object_component_ref idref="oc-fc"/>
      </symbol>
      <symbol id="sm-2d5">
         <name>ping_gpioInit</name>
         <value>0x4079</value>
         <object_component_ref idref="oc-fc"/>
      </symbol>
      <symbol id="sm-2d6">
         <name>gpio_ping_off</name>
         <value>0x40b9</value>
         <object_component_ref idref="oc-fc"/>
      </symbol>
      <symbol id="sm-2d7">
         <name>input_capture_interrupt</name>
         <value>0x416d</value>
         <object_component_ref idref="oc-fc"/>
      </symbol>
      <symbol id="sm-2d8">
         <name>delta_with_overflow</name>
         <value>0x4119</value>
         <object_component_ref idref="oc-fc"/>
      </symbol>
      <symbol id="sm-2d9">
         <name>read_distance</name>
         <value>0x4143</value>
         <object_component_ref idref="oc-fc"/>
      </symbol>
      <symbol id="sm-2da">
         <name>aaaa</name>
         <value>0x40f7</value>
         <object_component_ref idref="oc-fc"/>
      </symbol>
      <symbol id="sm-2db">
         <name>current_distance</name>
         <value>0x200014d4</value>
         <object_component_ref idref="oc-1a2"/>
      </symbol>
      <symbol id="sm-2dc">
         <name>last_distance</name>
         <value>0x200014d8</value>
         <object_component_ref idref="oc-1a2"/>
      </symbol>
      <symbol id="sm-2dd">
         <name>current_read</name>
         <value>0x200014dc</value>
         <object_component_ref idref="oc-1a2"/>
      </symbol>
      <symbol id="sm-303">
         <name>servo_bound_to</name>
         <value>0x44cf</value>
         <object_component_ref idref="oc-f0"/>
      </symbol>
      <symbol id="sm-304">
         <name>gpio_pb5_init</name>
         <value>0x4449</value>
         <object_component_ref idref="oc-f0"/>
      </symbol>
      <symbol id="sm-305">
         <name>servo_set_degrees</name>
         <value>0x4517</value>
         <object_component_ref idref="oc-f0"/>
      </symbol>
      <symbol id="sm-306">
         <name>servo_set_degrees_bounded</name>
         <value>0x4555</value>
         <object_component_ref idref="oc-f0"/>
      </symbol>
      <symbol id="sm-307">
         <name>timer1_init</name>
         <value>0x4487</value>
         <object_component_ref idref="oc-f0"/>
      </symbol>
      <symbol id="sm-308">
         <name>calibration_test</name>
         <value>0x45ab</value>
         <object_component_ref idref="oc-f0"/>
      </symbol>
      <symbol id="sm-329">
         <name>timer_startClock</name>
         <value>0x488d</value>
         <object_component_ref idref="oc-164"/>
      </symbol>
      <symbol id="sm-32a">
         <name>timer_stopClock</name>
         <value>0x48df</value>
         <object_component_ref idref="oc-164"/>
      </symbol>
      <symbol id="sm-32b">
         <name>timer_getClock</name>
         <value>0x48d9</value>
         <object_component_ref idref="oc-164"/>
      </symbol>
      <symbol id="sm-32c">
         <name>timer_stopTimer</name>
         <value>0x4877</value>
         <object_component_ref idref="oc-164"/>
      </symbol>
      <symbol id="sm-32d">
         <name>timer_startTimer</name>
         <value>0x4827</value>
         <object_component_ref idref="oc-164"/>
      </symbol>
      <symbol id="sm-32e">
         <name>timer_waitMillis</name>
         <value>0x47c9</value>
         <object_component_ref idref="oc-164"/>
      </symbol>
      <symbol id="sm-32f">
         <name>timer_waitMicros</name>
         <value>0x47fd</value>
         <object_component_ref idref="oc-164"/>
      </symbol>
      <symbol id="sm-34b">
         <name>ResetISR</name>
         <value>0x59cf</value>
         <object_component_ref idref="oc-2e"/>
      </symbol>
      <symbol id="sm-34c">
         <name>g_pfnVectors</name>
         <value>0x0</value>
         <object_component_ref idref="oc-f"/>
      </symbol>
      <symbol id="sm-388">
         <name>lastCharacter</name>
         <value>0x20001095</value>
      </symbol>
      <symbol id="sm-389">
         <name>setLCharRead</name>
         <value>0x3e63</value>
         <object_component_ref idref="oc-de"/>
      </symbol>
      <symbol id="sm-38a">
         <name>readLCharRead</name>
         <value>0x3e5d</value>
         <object_component_ref idref="oc-de"/>
      </symbol>
      <symbol id="sm-38b">
         <name>UART1_Handler</name>
         <value>0x3f8f</value>
         <object_component_ref idref="oc-de"/>
      </symbol>
      <symbol id="sm-38c">
         <name>readLChar</name>
         <value>0x3e57</value>
         <object_component_ref idref="oc-de"/>
      </symbol>
      <symbol id="sm-38d">
         <name>transmit_str</name>
         <value>0x3e25</value>
         <object_component_ref idref="oc-de"/>
      </symbol>
      <symbol id="sm-38e">
         <name>uart_init</name>
         <value>0x3e6b</value>
         <object_component_ref idref="oc-de"/>
      </symbol>
      <symbol id="sm-38f">
         <name>lastCharacterRead</name>
         <value>0x200014de</value>
         <object_component_ref idref="oc-14b"/>
      </symbol>
      <symbol id="sm-390">
         <name>uart_transmit</name>
         <value>0x3f31</value>
         <object_component_ref idref="oc-de"/>
      </symbol>
      <symbol id="sm-391">
         <name>translate_and_transmit</name>
         <value>0x3f4d</value>
         <object_component_ref idref="oc-de"/>
      </symbol>
      <symbol id="sm-392">
         <name>uart_receive</name>
         <value>0x3f6d</value>
         <object_component_ref idref="oc-de"/>
      </symbol>
      <symbol id="sm-393">
         <name>uart_receive2</name>
         <value>0x3fbd</value>
         <object_component_ref idref="oc-de"/>
      </symbol>
      <symbol id="sm-394">
         <name>uart_receive_last</name>
         <value>0x3fe5</value>
         <object_component_ref idref="oc-de"/>
      </symbol>
      <symbol id="sm-3b2">
         <name>WiFi_start</name>
         <value>0x5061</value>
         <object_component_ref idref="oc-108"/>
      </symbol>
      <symbol id="sm-3b3">
         <name>_sendCommand</name>
         <value>0x50cb</value>
         <object_component_ref idref="oc-108"/>
      </symbol>
      <symbol id="sm-3b4">
         <name>WiFi_stop</name>
         <value>0x50bd</value>
         <object_component_ref idref="oc-108"/>
      </symbol>
      <symbol id="sm-3c5">
         <name>_c_int00</name>
         <value>0x55e1</value>
         <object_component_ref idref="oc-24"/>
      </symbol>
      <symbol id="sm-3c6">
         <name>__stack</name>
         <value>0x2000026c</value>
         <object_component_ref idref="oc-2a"/>
      </symbol>
      <symbol id="sm-3e4">
         <name>__TI_decompress_lzss</name>
         <value>0x5455</value>
         <object_component_ref idref="oc-12"/>
      </symbol>
      <symbol id="sm-3fb">
         <name>__TI_decompress_none</name>
         <value>0x59a9</value>
         <object_component_ref idref="oc-18"/>
      </symbol>
      <symbol id="sm-40d">
         <name>__TI_zero_init</name>
         <value>0x59c3</value>
         <object_component_ref idref="oc-1e"/>
      </symbol>
      <symbol id="sm-42e">
         <name>C$$EXIT</name>
         <value>0x5635</value>
         <object_component_ref idref="oc-72"/>
      </symbol>
      <symbol id="sm-42f">
         <name>abort</name>
         <value>0x5639</value>
         <object_component_ref idref="oc-72"/>
      </symbol>
      <symbol id="sm-430">
         <name>exit</name>
         <value>0x5641</value>
         <object_component_ref idref="oc-72"/>
      </symbol>
      <symbol id="sm-431">
         <name>__TI_dtors_ptr</name>
         <value>0x200014c0</value>
         <object_component_ref idref="oc-b6"/>
      </symbol>
      <symbol id="sm-432">
         <name>__TI_cleanup_ptr</name>
         <value>0x200014bc</value>
         <object_component_ref idref="oc-b6"/>
      </symbol>
      <symbol id="sm-433">
         <name>__TI_enable_exit_profile_output</name>
         <value>0x200014c4</value>
         <object_component_ref idref="oc-b6"/>
      </symbol>
      <symbol id="sm-44a">
         <name>__aeabi_dsub</name>
         <value>0x4611</value>
         <object_component_ref idref="oc-159"/>
      </symbol>
      <symbol id="sm-44b">
         <name>__aeabi_dadd</name>
         <value>0x461b</value>
         <object_component_ref idref="oc-159"/>
      </symbol>
      <symbol id="sm-45f">
         <name>__aeabi_ddiv</name>
         <value>0x4a69</value>
         <object_component_ref idref="oc-198"/>
      </symbol>
      <symbol id="sm-46a">
         <name>__aeabi_dmul</name>
         <value>0x4b9f</value>
         <object_component_ref idref="oc-154"/>
      </symbol>
      <symbol id="sm-474">
         <name>__aeabi_d2iz</name>
         <value>0x5775</value>
         <object_component_ref idref="oc-15e"/>
      </symbol>
      <symbol id="sm-47e">
         <name>__aeabi_d2uiz</name>
         <value>0x57bd</value>
         <object_component_ref idref="oc-19d"/>
      </symbol>
      <symbol id="sm-489">
         <name>__aeabi_f2d</name>
         <value>0x5801</value>
         <object_component_ref idref="oc-290"/>
      </symbol>
      <symbol id="sm-493">
         <name>__aeabi_i2d</name>
         <value>0x586d</value>
         <object_component_ref idref="oc-14f"/>
      </symbol>
      <symbol id="sm-4ae">
         <name>memcpy</name>
         <value>0x5139</value>
         <object_component_ref idref="oc-42"/>
      </symbol>
      <symbol id="sm-4af">
         <name>__aeabi_memcpy</name>
         <value>0x5139</value>
         <object_component_ref idref="oc-42"/>
      </symbol>
      <symbol id="sm-4b0">
         <name>__aeabi_memcpy8</name>
         <value>0x5139</value>
         <object_component_ref idref="oc-42"/>
      </symbol>
      <symbol id="sm-4b1">
         <name>__aeabi_memcpy4</name>
         <value>0x5139</value>
         <object_component_ref idref="oc-42"/>
      </symbol>
      <symbol id="sm-525">
         <name>_sys_memory</name>
         <value>0x20001098</value>
         <object_component_ref idref="oc-2b"/>
      </symbol>
      <symbol id="sm-526">
         <name>free</name>
         <value>0x2f7f</value>
         <object_component_ref idref="oc-1a6"/>
      </symbol>
      <symbol id="sm-527">
         <name>realloc</name>
         <value>0x3041</value>
         <object_component_ref idref="oc-1a6"/>
      </symbol>
      <symbol id="sm-528">
         <name>memalign</name>
         <value>0x3149</value>
         <object_component_ref idref="oc-1a6"/>
      </symbol>
      <symbol id="sm-529">
         <name>calloc</name>
         <value>0x3235</value>
         <object_component_ref idref="oc-1a6"/>
      </symbol>
      <symbol id="sm-52a">
         <name>malloc</name>
         <value>0x2f15</value>
         <object_component_ref idref="oc-1a6"/>
      </symbol>
      <symbol id="sm-52b">
         <name>minit</name>
         <value>0x2e95</value>
         <object_component_ref idref="oc-1a6"/>
      </symbol>
      <symbol id="sm-53a">
         <name>__aeabi_memset</name>
         <value>0x536b</value>
         <object_component_ref idref="oc-4e"/>
      </symbol>
      <symbol id="sm-53b">
         <name>memset</name>
         <value>0x5371</value>
         <object_component_ref idref="oc-4e"/>
      </symbol>
      <symbol id="sm-53c">
         <name>__aeabi_memset8</name>
         <value>0x536b</value>
         <object_component_ref idref="oc-4e"/>
      </symbol>
      <symbol id="sm-53d">
         <name>__aeabi_memset4</name>
         <value>0x536b</value>
         <object_component_ref idref="oc-4e"/>
      </symbol>
      <symbol id="sm-53e">
         <name>__aeabi_memclr8</name>
         <value>0x5369</value>
         <object_component_ref idref="oc-4e"/>
      </symbol>
      <symbol id="sm-53f">
         <name>__aeabi_memclr4</name>
         <value>0x5369</value>
         <object_component_ref idref="oc-4e"/>
      </symbol>
      <symbol id="sm-540">
         <name>__aeabi_memclr</name>
         <value>0x5369</value>
         <object_component_ref idref="oc-4e"/>
      </symbol>
      <symbol id="sm-54a">
         <name>__mpu_init</name>
         <value>0x13ab</value>
         <object_component_ref idref="oc-5a"/>
      </symbol>
      <symbol id="sm-554">
         <name>_system_pre_init</name>
         <value>0x59db</value>
         <object_component_ref idref="oc-60"/>
      </symbol>
      <symbol id="sm-5aa">
         <name>tanl</name>
         <value>0x2569</value>
         <object_component_ref idref="oc-295"/>
      </symbol>
      <symbol id="sm-5ab">
         <name>tan</name>
         <value>0x2569</value>
         <object_component_ref idref="oc-295"/>
      </symbol>
      <symbol id="sm-5c4">
         <name>sprintf</name>
         <value>0x5581</value>
         <object_component_ref idref="oc-28a"/>
      </symbol>
      <symbol id="sm-5cc">
         <name>main_func_sp</name>
         <value>0x200014f4</value>
         <object_component_ref idref="oc-78"/>
      </symbol>
      <symbol id="sm-5db">
         <name>strcmp</name>
         <value>0x5909</value>
         <object_component_ref idref="oc-177"/>
      </symbol>
      <symbol id="sm-5e9">
         <name>strcpy</name>
         <value>0x5961</value>
         <object_component_ref idref="oc-17d"/>
      </symbol>
      <symbol id="sm-5f7">
         <name>strlen</name>
         <value>0x5975</value>
         <object_component_ref idref="oc-1ba"/>
      </symbol>
      <symbol id="sm-601">
         <name>__aeabi_ui2d</name>
         <value>0x589b</value>
         <object_component_ref idref="oc-193"/>
      </symbol>
      <symbol id="sm-61d">
         <name>vsnprintf</name>
         <value>0x51d5</value>
         <object_component_ref idref="oc-171"/>
      </symbol>
      <symbol id="sm-636">
         <name>_nop</name>
         <value>0x5947</value>
         <object_component_ref idref="oc-124"/>
      </symbol>
      <symbol id="sm-637">
         <name>_lock</name>
         <value>0x200014e0</value>
         <object_component_ref idref="oc-b9"/>
      </symbol>
      <symbol id="sm-638">
         <name>_unlock</name>
         <value>0x200014e4</value>
         <object_component_ref idref="oc-b9"/>
      </symbol>
      <symbol id="sm-639">
         <name>_register_lock</name>
         <value>0x593f</value>
         <object_component_ref idref="oc-124"/>
      </symbol>
      <symbol id="sm-63a">
         <name>_register_unlock</name>
         <value>0x5939</value>
         <object_component_ref idref="oc-124"/>
      </symbol>
      <symbol id="sm-73b">
         <name>__TI_printfi</name>
         <value>0xab1</value>
         <object_component_ref idref="oc-1f3"/>
      </symbol>
      <symbol id="sm-74f">
         <name>_args_main</name>
         <value>0x58f1</value>
         <object_component_ref idref="oc-6c"/>
      </symbol>
      <symbol id="sm-765">
         <name>atoi</name>
         <value>0x56dd</value>
         <object_component_ref idref="oc-264"/>
      </symbol>
      <symbol id="sm-78f">
         <name>__TI_auto_init</name>
         <value>0x53e5</value>
         <object_component_ref idref="oc-66"/>
      </symbol>
      <symbol id="sm-7a9">
         <name>copy_in</name>
         <value>0x5729</value>
         <object_component_ref idref="oc-a0"/>
      </symbol>
      <symbol id="sm-7b4">
         <name>_ctypes_</name>
         <value>0x5b38</value>
         <object_component_ref idref="oc-2c5"/>
      </symbol>
      <symbol id="sm-7bc">
         <name>errno</name>
         <value>0x200014f0</value>
         <object_component_ref idref="oc-2be"/>
      </symbol>
      <symbol id="sm-7de">
         <name>__aeabi_cdcmpeq</name>
         <value>0x525d</value>
         <object_component_ref idref="oc-242"/>
      </symbol>
      <symbol id="sm-7df">
         <name>__aeabi_cdcmple</name>
         <value>0x525d</value>
         <object_component_ref idref="oc-242"/>
      </symbol>
      <symbol id="sm-7e0">
         <name>__aeabi_cdrcmple</name>
         <value>0x52e3</value>
         <object_component_ref idref="oc-247"/>
      </symbol>
      <symbol id="sm-849">
         <name>__kernel_rem_pio2</name>
         <value>0x1e31</value>
         <object_component_ref idref="oc-2d6"/>
      </symbol>
      <symbol id="sm-867">
         <name>__kernel_tan</name>
         <value>0x3265</value>
         <object_component_ref idref="oc-2dc"/>
      </symbol>
      <symbol id="sm-876">
         <name>ltoa</name>
         <value>0x5689</value>
         <object_component_ref idref="oc-24c"/>
      </symbol>
      <symbol id="sm-886">
         <name>memccpy</name>
         <value>0x58bb</value>
         <object_component_ref idref="oc-26a"/>
      </symbol>
      <symbol id="sm-8a3">
         <name>floorl</name>
         <value>0x4d99</value>
         <object_component_ref idref="oc-308"/>
      </symbol>
      <symbol id="sm-8a4">
         <name>floor</name>
         <value>0x4d99</value>
         <object_component_ref idref="oc-308"/>
      </symbol>
      <symbol id="sm-8ba">
         <name>frexpl</name>
         <value>0x54bd</value>
         <object_component_ref idref="oc-252"/>
      </symbol>
      <symbol id="sm-8bb">
         <name>frexp</name>
         <value>0x54bd</value>
         <object_component_ref idref="oc-252"/>
      </symbol>
      <symbol id="sm-8d8">
         <name>scalbn</name>
         <value>0x4c9d</value>
         <object_component_ref idref="oc-258"/>
      </symbol>
      <symbol id="sm-8d9">
         <name>scalbnl</name>
         <value>0x4c9d</value>
         <object_component_ref idref="oc-258"/>
      </symbol>
      <symbol id="sm-8da">
         <name>ldexpl</name>
         <value>0x4c9d</value>
         <object_component_ref idref="oc-258"/>
      </symbol>
      <symbol id="sm-8db">
         <name>ldexp</name>
         <value>0x4c9d</value>
         <object_component_ref idref="oc-258"/>
      </symbol>
      <symbol id="sm-8e5">
         <name>_system_post_cinit</name>
         <value>0x47c7</value>
         <object_component_ref idref="oc-a6"/>
      </symbol>
      <symbol id="sm-8f5">
         <name>strchr</name>
         <value>0x5921</value>
         <object_component_ref idref="oc-25e"/>
      </symbol>
      <symbol id="sm-911">
         <name>__aeabi_uldivmod</name>
         <value>0x4255</value>
         <object_component_ref idref="oc-23d"/>
      </symbol>
      <symbol id="sm-91b">
         <name>copysign</name>
         <value>0x594d</value>
         <object_component_ref idref="oc-2b8"/>
      </symbol>
      <symbol id="sm-91c">
         <name>copysignl</name>
         <value>0x594d</value>
         <object_component_ref idref="oc-2b8"/>
      </symbol>
      <symbol id="sm-93c">
         <name>IntRegister</name>
         <value>0x5839</value>
         <object_component_ref idref="oc-13c"/>
      </symbol>
      <symbol id="sm-93d">
         <name>g_pfnRAMVectors</name>
         <value>0x20000000</value>
         <object_component_ref idref="oc-1d9"/>
      </symbol>
      <symbol id="sm-93e">
         <name>IntMasterEnable</name>
         <value>0x5989</value>
         <object_component_ref idref="oc-142"/>
      </symbol>
      <symbol id="sm-948">
         <name>CPUcpsie</name>
         <value>0x59b7</value>
         <object_component_ref idref="oc-1de"/>
      </symbol>
      <symbol id="sm-949">
         <name>__TI_static_base__</name>
         <value>0x0</value>
      </symbol>
      <symbol id="sm-94c">
         <name>SHT$$INIT_ARRAY$$Limit</name>
         <value>0x0</value>
      </symbol>
      <symbol id="sm-94d">
         <name>SHT$$INIT_ARRAY$$Base</name>
         <value>0x0</value>
      </symbol>
   </symbol_table>
   <title>Link successful</title>
</link_info>
