******************************************************************************
                  TI ARM Linker PC v16.9.4                     
******************************************************************************
>> Linked Sun Dec 03 18:18:27 2017

OUTPUT FILE NAME:   <Final Project CyBot.out>
ENTRY POINT SYMBOL: "_c_int00"  address: 0000542d


MEMORY CONFIGURATION

         name            origin    length      used     unused   attr    fill
----------------------  --------  ---------  --------  --------  ----  --------
  FLASH                 00000000   00040000  00005b89  0003a477  R  X
  SRAM                  20000000   00008000  000014f3  00006b0d  RW X


SEGMENT ALLOCATION MAP

run origin  load origin   length   init length attrs members
----------  ----------- ---------- ----------- ----- -------
00000000    00000000    00005b90   00005b90    r-x
  00000000    00000000    0000026c   0000026c    r-- .intvecs
  0000026c    0000026c    000055be   000055be    r-x .text
  00005830    00005830    000002f7   000002f7    r-- .const
  00005b28    00005b28    00000068   00000068    r-- .cinit
20000000    20000000    000014f8   00000000    rw-
  20000000    20000000    0000026c   00000000    rw- .vtable
  2000026c    2000026c    00000800   00000000    rw- .stack
  20000a6c    20000a6c    00000627   00000000    rw- .bss
  20001098    20001098    00000400   00000000    rw- .sysmem
  20001498    20001498    00000060   00000000    rw- .data


SECTION ALLOCATION MAP

 output                                  attributes/
section   page    origin      length       input sections
--------  ----  ----------  ----------   ----------------
.intvecs   0    00000000    0000026c     
                  00000000    0000026c     tm4c123gh6pm_startup_ccs.obj (.intvecs)

.text      0    0000026c    000055be     
                  0000026c    0000113e     rtsv7M4_T_le_v4SPD16_eabi.lib : _printfi.obj (.text)
                  000013aa    00000002                                   : mpu_init.obj (.text)
                  000013ac    00000a84     open_interface.obj (.text)
                  00001e30    00000738     rtsv7M4_T_le_v4SPD16_eabi.lib : k_rem_pio2.obj (.text)
                  00002568    00000508                                   : s_tan.obj (.text)
                  00002a70    00000420     main.obj (.text)
                  00002e90    000003d0     rtsv7M4_T_le_v4SPD16_eabi.lib : memory.obj (.text)
                  00003260    0000033c     objectcounter.obj (.text)
                  0000359c    00000320     rtsv7M4_T_le_v4SPD16_eabi.lib : k_tan.obj (.text)
                  000038bc    000002ec     lcd.obj (.text)
                  00003ba8    0000025c     uart.obj (.text)
                  00003e04    00000208     servo.obj (.text)
                  0000400c    00000200     ping2.obj (.text)
                  0000420c    000001fc     flags.obj (.text)
                  00004408    000001f4     rtsv7M4_T_le_v4SPD16_eabi.lib : ull_div_t2.obj (.text)
                  000045fc    000001b6                                   : fd_add_t2.obj (.text)
                  000047b2    00000002                                   : startup.obj (.text)
                  000047b4    00000158     timer.obj (.text)
                  0000490c    00000148     ir.obj (.text)
                  00004a54    00000136     rtsv7M4_T_le_v4SPD16_eabi.lib : fd_div_t2.obj (.text)
                  00004b8a    000000fc                                   : fd_mul_t2.obj (.text)
                  00004c86    00000002     --HOLE-- [fill = 0]
                  00004c88    000000fc                                   : s_scalbn.obj (.text)
                  00004d84    000000f8                                   : s_floor.obj (.text)
                  00004e7c    000000e8     button.obj (.text)
                  00004f64    0000009c     rtsv7M4_T_le_v4SPD16_eabi.lib : memcpy_t2.obj (.text)
                  00005000    00000088                                   : vsnprintf.obj (.text)
                  00005088    00000086                                   : fd_cmp_t2.obj (.text:__aeabi_cdcmple)
                  0000510e    00000086                                   : fd_cmp_t2.obj (.text:__aeabi_cdrcmple)
                  00005194    00000082     exe_op.obj (.text)
                  00005216    0000007a     rtsv7M4_T_le_v4SPD16_eabi.lib : memset_t2.obj (.text)
                  00005290    00000070                                   : autoinit.obj (.text)
                  00005300    00000068                                   : copy_decompress_lzss.obj (.text:decompress:lzss)
                  00005368    00000064                                   : s_frexp.obj (.text)
                  000053cc    00000060                                   : sprintf.obj (.text)
                  0000542c    00000054                                   : boot.obj (.text)
                  00005480    00000054                                   : exit.obj (.text)
                  000054d4    00000054                                   : ltoa.obj (.text)
                  00005528    0000004c                                   : atoi.obj (.text)
                  00005574    0000004c                                   : cpy_tbl.obj (.text)
                  000055c0    00000048                                   : fd_toi_t2.obj (.text)
                  00005608    00000044                                   : fd_tou_t2.obj (.text)
                  0000564c    00000038                                   : fs_tod_t2.obj (.text)
                  00005684    00000034     driverlib.lib : interrupt.obj (.text:IntRegister)
                  000056b8    0000002e     rtsv7M4_T_le_v4SPD16_eabi.lib : i_tofd_t2.obj (.text)
                  000056e6    00000020                                   : u_tofd_t2.obj (.text)
                  00005706    0000001c                                   : memccpy.obj (.text)
                  00005722    00000018     open_interface.obj (.text:oi_parseInt)
                  0000573a    00000002     --HOLE-- [fill = 0]
                  0000573c    00000018     rtsv7M4_T_le_v4SPD16_eabi.lib : args_main.obj (.text)
                  00005754    00000018                                   : strcmp.obj (.text)
                  0000576c    00000016                                   : strchr.obj (.text)
                  00005782    00000002     --HOLE-- [fill = 0]
                  00005784    00000014                                   : _lock.obj (.text)
                  00005798    00000014                                   : s_copysign.obj (.text)
                  000057ac    00000014                                   : strcpy.obj (.text)
                  000057c0    00000014                                   : strlen.obj (.text)
                  000057d4    00000010     driverlib.lib : interrupt.obj (.text:IntMasterEnable)
                  000057e4    00000010     lcd.obj (.text:lcd_clear)
                  000057f4    0000000e     rtsv7M4_T_le_v4SPD16_eabi.lib : copy_decompress_none.obj (.text:decompress:none)
                  00005802    0000000c     driverlib.lib : cpu.obj (.text:CPUcpsie)
                  0000580e    0000000c     rtsv7M4_T_le_v4SPD16_eabi.lib : copy_zero_init.obj (.text:decompress:ZI)
                  0000581a    0000000c     tm4c123gh6pm_startup_ccs.obj (.text)
                  00005826    00000004     rtsv7M4_T_le_v4SPD16_eabi.lib : pre_init.obj (.text)

.const     0    00005830    000002f7     
                  00005830    00000158     rtsv7M4_T_le_v4SPD16_eabi.lib : k_rem_pio2.obj (.const:$O1$$)
                  00005988    00000101                                   : ctype.obj (.const:.string:_ctypes_)
                  00005a89    00000005     objectcounter.obj (.const:.string:$P$T0$1)
                  00005a8e    00000001     objectcounter.obj (.const:.string:$P$T1$2)
                  00005a8f    00000001     --HOLE-- [fill = 0]
                  00005a90    00000080     rtsv7M4_T_le_v4SPD16_eabi.lib : k_tan.obj (.const:xxx)
                  00005b10    0000000f     open_interface.obj (.const:.string:$P$T0$3)
                  00005b1f    00000004     lcd.obj (.const:.string:lineAddress$1)
                  00005b23    00000004     lcd.obj (.const:.string:lineAddresses$2)

.cinit     0    00005b28    00000068     
                  00005b28    0000002d     (.cinit..data.load) [load image, compression = lzss]
                  00005b55    00000003     --HOLE-- [fill = 0]
                  00005b58    0000000c     (__TI_handler_table)
                  00005b64    00000004     --HOLE-- [fill = 0]
                  00005b68    00000008     (.cinit..bss.load) [load image, compression = zero_init]
                  00005b70    00000008     (.cinit..vtable.load) [load image, compression = zero_init]
                  00005b78    00000018     (__TI_cinit_table)

.init_array 
*          0    00000000    00000000     UNINITIALIZED

.vtable    0    20000000    0000026c     UNINITIALIZED
                  20000000    0000026c     driverlib.lib : interrupt.obj (.vtable)

.stack     0    2000026c    00000800     UNINITIALIZED
                  2000026c    00000800     --HOLE--

.bss       0    20000a6c    00000627     UNINITIALIZED
                  20000a6c    000005a8     (.common:data)
                  20001014    00000054     lcd.obj (.bss:lastbuffer$3)
                  20001068    00000018     open_interface.obj (.bss:firmware$2)
                  20001080    00000008     flags.obj (.bss)
                  20001088    00000004     (.common:newObjectEnd)
                  2000108c    00000004     (.common:newObjectStart)
                  20001090    00000001     (.common:_prevButton)
                  20001091    00000001     (.common:lastCharacter)
                  20001092    00000001     (.common:state)

.sysmem    0    20001098    00000400     UNINITIALIZED
                  20001098    00000008     rtsv7M4_T_le_v4SPD16_eabi.lib : memory.obj (.sysmem)
                  200010a0    000003f8     --HOLE--

.data      0    20001498    00000060     UNINITIALIZED
                  20001498    00000014     objectcounter.obj (.data)
                  200014ac    00000010     open_interface.obj (.data)
                  200014bc    0000000c     rtsv7M4_T_le_v4SPD16_eabi.lib : exit.obj (.data:$O1$$)
                  200014c8    0000000c                                   : memory.obj (.data:$O1$$)
                  200014d4    00000009     ping2.obj (.data)
                  200014dd    00000001     button.obj (.data)
                  200014de    00000001     uart.obj (.data)
                  200014df    00000001     --HOLE--
                  200014e0    00000008     rtsv7M4_T_le_v4SPD16_eabi.lib : _lock.obj (.data:$O1$$)
                  200014e8    00000005     flags.obj (.data)
                  200014ed    00000003     --HOLE--
                  200014f0    00000004     rtsv7M4_T_le_v4SPD16_eabi.lib : errno.obj (.data)
                  200014f4    00000004                                   : stkdepth_vars.obj (.data)

MODULE SUMMARY

       Module                         code    ro data   rw data
       ------                         ----    -------   -------
    .\
       open_interface.obj             2716    15        40     
       objectcounter.obj              828     6         1477   
       main.obj                       1056    0         0      
       lcd.obj                        764     8         84     
       tm4c123gh6pm_startup_ccs.obj   12      620       0      
       uart.obj                       604     0         2      
       flags.obj                      508     0         13     
       ping2.obj                      512     0         9      
       servo.obj                      520     0         0      
       timer.obj                      344     0         0      
       ir.obj                         328     0         0      
       button.obj                     232     0         2      
       exe_op.obj                     130     0         0      
    +--+------------------------------+-------+---------+---------+
       Total:                         8554    649       1627   
                                                               
    C:/ti/TivaWare_C_Series-2.1.2.111/driverlib/ccs/Debug/driverlib.lib
       interrupt.obj                  68      0         620    
       cpu.obj                        12      0         0      
    +--+------------------------------+-------+---------+---------+
       Total:                         80      0         620    
                                                               
    C:\ti\ccsv7\tools\compiler\ti-cgt-arm_16.9.4.LTS\lib\rtsv7M4_T_le_v4SPD16_eabi.lib
       _printfi.obj                   4414    0         0      
       k_rem_pio2.obj                 1848    344       0      
       s_tan.obj                      1288    0         0      
       memory.obj                     976     0         12     
       k_tan.obj                      800     128       0      
       ull_div_t2.obj                 500     0         0      
       fd_add_t2.obj                  438     0         0      
       fd_div_t2.obj                  310     0         0      
       fd_cmp_t2.obj                  268     0         0      
       ctype.obj                      0       257       0      
       fd_mul_t2.obj                  252     0         0      
       s_scalbn.obj                   252     0         0      
       s_floor.obj                    248     0         0      
       memcpy_t2.obj                  156     0         0      
       vsnprintf.obj                  136     0         0      
       memset_t2.obj                  122     0         0      
       autoinit.obj                   112     0         0      
       copy_decompress_lzss.obj       104     0         0      
       s_frexp.obj                    100     0         0      
       exit.obj                       84      0         12     
       sprintf.obj                    96      0         0      
       boot.obj                       84      0         0      
       ltoa.obj                       84      0         0      
       atoi.obj                       76      0         0      
       cpy_tbl.obj                    76      0         0      
       fd_toi_t2.obj                  72      0         0      
       fd_tou_t2.obj                  68      0         0      
       fs_tod_t2.obj                  56      0         0      
       i_tofd_t2.obj                  46      0         0      
       u_tofd_t2.obj                  32      0         0      
       _lock.obj                      20      0         8      
       memccpy.obj                    28      0         0      
       args_main.obj                  24      0         0      
       strcmp.obj                     24      0         0      
       strchr.obj                     22      0         0      
       s_copysign.obj                 20      0         0      
       strcpy.obj                     20      0         0      
       strlen.obj                     20      0         0      
       copy_decompress_none.obj       14      0         0      
       copy_zero_init.obj             12      0         0      
       errno.obj                      0       0         4      
       pre_init.obj                   4       0         0      
       stkdepth_vars.obj              0       0         4      
       mpu_init.obj                   2       0         0      
       startup.obj                    2       0         0      
    +--+------------------------------+-------+---------+---------+
       Total:                         13310   729       40     
                                                               
       Heap:                          0       0         1024   
       Stack:                         0       0         2048   
       Linker Generated:              0       97        0      
    +--+------------------------------+-------+---------+---------+
       Grand Total:                   21944   1475      5359   


LINKER GENERATED COPY TABLES

__TI_cinit_table @ 00005b78 records: 3, size/record: 8, table size: 24
	.data: load addr=00005b28, load size=0000002d bytes, run addr=20001498, run size=00000060 bytes, compression=lzss
	.bss: load addr=00005b68, load size=00000008 bytes, run addr=20000a6c, run size=00000627 bytes, compression=zero_init
	.vtable: load addr=00005b70, load size=00000008 bytes, run addr=20000000, run size=0000026c bytes, compression=zero_init


LINKER GENERATED HANDLER TABLE

__TI_handler_table @ 00005b58 records: 3, size/record: 4, table size: 12
	index: 0, handler: __TI_zero_init
	index: 1, handler: __TI_decompress_lzss
	index: 2, handler: __TI_decompress_none


GLOBAL SYMBOLS: SORTED ALPHABETICALLY BY Name 

address   name                           
-------   ----                           
00005481  C$$EXIT                        
00005803  CPUcpsie                       
00001ca3  GPIOF_Handler                  
0000497f  IR_ReadMM                      
0000490d  IR_init                        
000057d5  IntMasterEnable                
00005685  IntRegister                    
0000581b  ResetISR                       
UNDEFED   SHT$$INIT_ARRAY$$Base          
UNDEFED   SHT$$INIT_ARRAY$$Limit         
00003d3f  UART1_Handler                  
20000a6c  __STACK_END                    
00000800  __STACK_SIZE                   
2000046c  __STACK_TOP                    
00000400  __SYSMEM_SIZE                  
00005b78  __TI_CINIT_Base                
00005b90  __TI_CINIT_Limit               
00005b58  __TI_Handler_Table_Base        
00005b64  __TI_Handler_Table_Limit       
00005291  __TI_auto_init                 
200014bc  __TI_cleanup_ptr               
00005301  __TI_decompress_lzss           
000057f5  __TI_decompress_none           
200014c0  __TI_dtors_ptr                 
200014c4  __TI_enable_exit_profile_output
ffffffff  __TI_pprof_out_hndl            
00000ab1  __TI_printfi                   
ffffffff  __TI_prof_data_size            
ffffffff  __TI_prof_data_start           
00000000  __TI_static_base__             
0000580f  __TI_zero_init                 
00005089  __aeabi_cdcmpeq                
00005089  __aeabi_cdcmple                
0000510f  __aeabi_cdrcmple               
000055c1  __aeabi_d2iz                   
00005609  __aeabi_d2uiz                  
00004607  __aeabi_dadd                   
00004a55  __aeabi_ddiv                   
00004b8b  __aeabi_dmul                   
000045fd  __aeabi_dsub                   
0000564d  __aeabi_f2d                    
000056b9  __aeabi_i2d                    
00005217  __aeabi_memclr                 
00005217  __aeabi_memclr4                
00005217  __aeabi_memclr8                
00004f65  __aeabi_memcpy                 
00004f65  __aeabi_memcpy4                
00004f65  __aeabi_memcpy8                
00005219  __aeabi_memset                 
00005219  __aeabi_memset4                
00005219  __aeabi_memset8                
000056e7  __aeabi_ui2d                   
00004409  __aeabi_uldivmod               
ffffffff  __binit__                      
ffffffff  __c_args__                     
00001e31  __kernel_rem_pio2              
0000359d  __kernel_tan                   
000013ab  __mpu_init                     
2000026c  __stack                        
0000573d  _args_main                     
0000542d  _c_int00                       
00005988  _ctypes_                       
200014e0  _lock                          
00005793  _nop                           
20001090  _prevButton                    
0000578b  _register_lock                 
00005785  _register_unlock               
20001098  _sys_memory                    
000047b3  _system_post_cinit             
00005827  _system_pre_init               
200014e4  _unlock                        
000040af  aaaa                           
00005485  abort                          
00005529  atoi                           
ffffffff  binit                          
200014eb  boundary_f                     
200014ea  bumpers_f                      
00004ea9  button_checkButtons            
00004eb3  button_getButton               
00004ef9  button_getButtonBlocking       
00004f0d  button_getButtonChange         
00004f37  button_getButtonChangeBlocking 
00004e7d  button_init                    
00003fa5  calibration_test               
00003231  calloc                         
0000438d  check_boundary_f               
00004325  check_bumpers_f                
0000428f  check_cliff_sensors            
0000420d  check_flags                    
200014e8  cliff_f                        
2000149c  clockwise                      
00005575  copy_in                        
00005799  copysign                       
00005799  copysignl                      
00003369  counter_write                  
00003261  createObject                   
200014d4  current_distance               
200014dc  current_read                   
20000a6c  data                           
000040d1  delta_with_overflow            
200014ec  drop_f                         
200014f0  errno                          
00005195  exe_op                         
0000548d  exit                           
00004d85  floor                          
00004d85  floorl                         
00002f7b  free                           
00005369  frexp                          
00005369  frexpl                         
20000000  g_pfnRAMVectors                
00000000  g_pfnVectors                   
00001cc5  getDegrees                     
000043e1  getFlags                       
00003423  getMinDegrees                  
0000342b  getMinSize                     
0000341d  getObjCount                    
00001a51  go_charge                      
00003e05  gpio_pb5_init                  
0000407d  gpio_ping_micros               
00004071  gpio_ping_off                  
00004065  gpio_ping_on                   
0000400d  gpio_read                      
00004025  gpio_set_in                    
00004019  gpio_set_out                   
00002a8b  init_all                       
00004125  input_capture_interrupt        
20001091  lastCharacter                  
200014de  lastCharacterRead              
200014a0  lastIr                         
200014d8  last_distance                  
000057e5  lcd_clear                      
00003a55  lcd_gotoLine                   
000038bd  lcd_init                       
00003abb  lcd_printf                     
0000397d  lcd_putc                       
000039b5  lcd_puts                       
000039d3  lcd_sendCommand                
00003a11  lcd_sendNibble                 
00003a7d  lcd_setCursorPos               
00004c89  ldexp                          
00004c89  ldexpl                         
000054d5  ltoa                           
00002ad9  main                           
200014f4  main_func_sp                   
00002f11  malloc                         
00003145  memalign                       
00005707  memccpy                        
00004f65  memcpy                         
0000521f  memset                         
200014a4  minDegrees                     
200014a8  minVal                         
00002e91  minit                          
20001088  newObjectEnd                   
2000108c  newObjectStart                 
20001498  objCount                       
00003431  objCounterReset                
000013ad  oi_alloc                       
00001b7b  oi_checkFirmware               
00001403  oi_close                       
000013b9  oi_free                        
000013ed  oi_init                        
000013c9  oi_init_noupdate               
000019e7  oi_loadSong                    
00005723  oi_parseInt                    
00001467  oi_parsePacket                 
00001a3d  oi_play_song                   
00001961  oi_setLeds                     
000019a5  oi_setWheels                   
00001c31  oi_shutoff_init                
00001a5f  oi_uartInit                    
00001b03  oi_uartReceive                 
00001b49  oi_uartSendBuff                
00001ae7  oi_uartSendChar                
00001b2b  oi_uartSendStr                 
00001415  oi_update                      
00004031  ping_gpioInit                  
00003c07  readLChar                      
00003c0d  readLCharRead                  
00002ab1  readSensors                    
000040fb  read_distance                  
000040b5  read_ping_when_done            
0000303d  realloc                        
0000344d  reset_direction                
00004c89  scalbn                         
00004c89  scalbnl                        
00003e8b  servo_bound_to                 
00003ed3  servo_set_degrees              
00003f4f  servo_set_degrees_bounded      
00003f11  servo_set_degrees_scan         
00003c13  setLCharRead                   
00004229  set_drop_f                     
000053cd  sprintf                        
20001092  state                          
0000576d  strchr                         
00005755  strcmp                         
000057ad  strcpy                         
000057c1  strlen                         
00003489  sweep_and_send                 
00002569  tan                            
00002569  tanl                           
200014e9  target_f                       
00003e43  timer1_init                    
00004153  timer_3_init                   
000048c5  timer_getClock                 
00004879  timer_startClock               
00004813  timer_startTimer               
000048cb  timer_stopClock                
00004863  timer_stopTimer                
000047e9  timer_waitMicros               
000047b5  timer_waitMillis               
00003cfd  translate_and_transmit         
00003ba9  transmit_str                   
00003bdb  transmit_str_num               
00003c1b  uart_init                      
00003d1d  uart_receive                   
00003d6d  uart_receive2                  
00003d95  uart_receive_last              
00003ce1  uart_transmit                  
00005001  vsnprintf                      
00002a71  wifi_continue                  


GLOBAL SYMBOLS: SORTED BY Symbol Address 

address   name                           
-------   ----                           
00000000  __TI_static_base__             
00000000  g_pfnVectors                   
00000400  __SYSMEM_SIZE                  
00000800  __STACK_SIZE                   
00000ab1  __TI_printfi                   
000013ab  __mpu_init                     
000013ad  oi_alloc                       
000013b9  oi_free                        
000013c9  oi_init_noupdate               
000013ed  oi_init                        
00001403  oi_close                       
00001415  oi_update                      
00001467  oi_parsePacket                 
00001961  oi_setLeds                     
000019a5  oi_setWheels                   
000019e7  oi_loadSong                    
00001a3d  oi_play_song                   
00001a51  go_charge                      
00001a5f  oi_uartInit                    
00001ae7  oi_uartSendChar                
00001b03  oi_uartReceive                 
00001b2b  oi_uartSendStr                 
00001b49  oi_uartSendBuff                
00001b7b  oi_checkFirmware               
00001c31  oi_shutoff_init                
00001ca3  GPIOF_Handler                  
00001cc5  getDegrees                     
00001e31  __kernel_rem_pio2              
00002569  tan                            
00002569  tanl                           
00002a71  wifi_continue                  
00002a8b  init_all                       
00002ab1  readSensors                    
00002ad9  main                           
00002e91  minit                          
00002f11  malloc                         
00002f7b  free                           
0000303d  realloc                        
00003145  memalign                       
00003231  calloc                         
00003261  createObject                   
00003369  counter_write                  
0000341d  getObjCount                    
00003423  getMinDegrees                  
0000342b  getMinSize                     
00003431  objCounterReset                
0000344d  reset_direction                
00003489  sweep_and_send                 
0000359d  __kernel_tan                   
000038bd  lcd_init                       
0000397d  lcd_putc                       
000039b5  lcd_puts                       
000039d3  lcd_sendCommand                
00003a11  lcd_sendNibble                 
00003a55  lcd_gotoLine                   
00003a7d  lcd_setCursorPos               
00003abb  lcd_printf                     
00003ba9  transmit_str                   
00003bdb  transmit_str_num               
00003c07  readLChar                      
00003c0d  readLCharRead                  
00003c13  setLCharRead                   
00003c1b  uart_init                      
00003ce1  uart_transmit                  
00003cfd  translate_and_transmit         
00003d1d  uart_receive                   
00003d3f  UART1_Handler                  
00003d6d  uart_receive2                  
00003d95  uart_receive_last              
00003e05  gpio_pb5_init                  
00003e43  timer1_init                    
00003e8b  servo_bound_to                 
00003ed3  servo_set_degrees              
00003f11  servo_set_degrees_scan         
00003f4f  servo_set_degrees_bounded      
00003fa5  calibration_test               
0000400d  gpio_read                      
00004019  gpio_set_out                   
00004025  gpio_set_in                    
00004031  ping_gpioInit                  
00004065  gpio_ping_on                   
00004071  gpio_ping_off                  
0000407d  gpio_ping_micros               
000040af  aaaa                           
000040b5  read_ping_when_done            
000040d1  delta_with_overflow            
000040fb  read_distance                  
00004125  input_capture_interrupt        
00004153  timer_3_init                   
0000420d  check_flags                    
00004229  set_drop_f                     
0000428f  check_cliff_sensors            
00004325  check_bumpers_f                
0000438d  check_boundary_f               
000043e1  getFlags                       
00004409  __aeabi_uldivmod               
000045fd  __aeabi_dsub                   
00004607  __aeabi_dadd                   
000047b3  _system_post_cinit             
000047b5  timer_waitMillis               
000047e9  timer_waitMicros               
00004813  timer_startTimer               
00004863  timer_stopTimer                
00004879  timer_startClock               
000048c5  timer_getClock                 
000048cb  timer_stopClock                
0000490d  IR_init                        
0000497f  IR_ReadMM                      
00004a55  __aeabi_ddiv                   
00004b8b  __aeabi_dmul                   
00004c89  ldexp                          
00004c89  ldexpl                         
00004c89  scalbn                         
00004c89  scalbnl                        
00004d85  floor                          
00004d85  floorl                         
00004e7d  button_init                    
00004ea9  button_checkButtons            
00004eb3  button_getButton               
00004ef9  button_getButtonBlocking       
00004f0d  button_getButtonChange         
00004f37  button_getButtonChangeBlocking 
00004f65  __aeabi_memcpy                 
00004f65  __aeabi_memcpy4                
00004f65  __aeabi_memcpy8                
00004f65  memcpy                         
00005001  vsnprintf                      
00005089  __aeabi_cdcmpeq                
00005089  __aeabi_cdcmple                
0000510f  __aeabi_cdrcmple               
00005195  exe_op                         
00005217  __aeabi_memclr                 
00005217  __aeabi_memclr4                
00005217  __aeabi_memclr8                
00005219  __aeabi_memset                 
00005219  __aeabi_memset4                
00005219  __aeabi_memset8                
0000521f  memset                         
00005291  __TI_auto_init                 
00005301  __TI_decompress_lzss           
00005369  frexp                          
00005369  frexpl                         
000053cd  sprintf                        
0000542d  _c_int00                       
00005481  C$$EXIT                        
00005485  abort                          
0000548d  exit                           
000054d5  ltoa                           
00005529  atoi                           
00005575  copy_in                        
000055c1  __aeabi_d2iz                   
00005609  __aeabi_d2uiz                  
0000564d  __aeabi_f2d                    
00005685  IntRegister                    
000056b9  __aeabi_i2d                    
000056e7  __aeabi_ui2d                   
00005707  memccpy                        
00005723  oi_parseInt                    
0000573d  _args_main                     
00005755  strcmp                         
0000576d  strchr                         
00005785  _register_unlock               
0000578b  _register_lock                 
00005793  _nop                           
00005799  copysign                       
00005799  copysignl                      
000057ad  strcpy                         
000057c1  strlen                         
000057d5  IntMasterEnable                
000057e5  lcd_clear                      
000057f5  __TI_decompress_none           
00005803  CPUcpsie                       
0000580f  __TI_zero_init                 
0000581b  ResetISR                       
00005827  _system_pre_init               
00005988  _ctypes_                       
00005b58  __TI_Handler_Table_Base        
00005b64  __TI_Handler_Table_Limit       
00005b78  __TI_CINIT_Base                
00005b90  __TI_CINIT_Limit               
20000000  g_pfnRAMVectors                
2000026c  __stack                        
2000046c  __STACK_TOP                    
20000a6c  __STACK_END                    
20000a6c  data                           
20001088  newObjectEnd                   
2000108c  newObjectStart                 
20001090  _prevButton                    
20001091  lastCharacter                  
20001092  state                          
20001098  _sys_memory                    
20001498  objCount                       
2000149c  clockwise                      
200014a0  lastIr                         
200014a4  minDegrees                     
200014a8  minVal                         
200014bc  __TI_cleanup_ptr               
200014c0  __TI_dtors_ptr                 
200014c4  __TI_enable_exit_profile_output
200014d4  current_distance               
200014d8  last_distance                  
200014dc  current_read                   
200014de  lastCharacterRead              
200014e0  _lock                          
200014e4  _unlock                        
200014e8  cliff_f                        
200014e9  target_f                       
200014ea  bumpers_f                      
200014eb  boundary_f                     
200014ec  drop_f                         
200014f0  errno                          
200014f4  main_func_sp                   
ffffffff  __TI_pprof_out_hndl            
ffffffff  __TI_prof_data_size            
ffffffff  __TI_prof_data_start           
ffffffff  __binit__                      
ffffffff  __c_args__                     
ffffffff  binit                          
UNDEFED   SHT$$INIT_ARRAY$$Base          
UNDEFED   SHT$$INIT_ARRAY$$Limit         

[220 symbols]
