******************************************************************************
                  TI ARM Linker PC v16.9.1                     
******************************************************************************
>> Linked Tue Nov 07 13:40:41 2017

OUTPUT FILE NAME:   <Final Project CyBot.out>
ENTRY POINT SYMBOL: "_c_int00"  address: 00004219


MEMORY CONFIGURATION

         name            origin    length      used     unused   attr    fill
----------------------  --------  ---------  --------  --------  ----  --------
  FLASH                 00000000   00040000  0000493a  0003b6c6  R  X
  SRAM                  20000000   00008000  000014af  00006b51  RW X


SEGMENT ALLOCATION MAP

run origin  load origin   length   init length attrs members
----------  ----------- ---------- ----------- ----- -------
00000000    00000000    00004940   00004940    r-x
  00000000    00000000    0000026c   0000026c    r-- .intvecs
  0000026c    0000026c    00004392   00004392    r-x .text
  00004600    00004600    000002e4   000002e4    r-- .const
  000048e8    000048e8    00000058   00000058    r-- .cinit
20000000    20000000    000014b4   00000000    rw-
  20000000    20000000    0000026c   00000000    rw- .vtable
  2000026c    2000026c    00000800   00000000    rw- .stack
  20000a6c    20000a6c    00000607   00000000    rw- .bss
  20001078    20001078    00000400   00000000    rw- .sysmem
  20001478    20001478    0000003c   00000000    rw- .data


SECTION ALLOCATION MAP

 output                                  attributes/
section   page    origin      length       input sections
--------  ----  ----------  ----------   ----------------
.intvecs   0    00000000    0000026c     
                  00000000    0000026c     tm4c123gh6pm_startup_ccs.obj (.intvecs)

.text      0    0000026c    00004392     
                  0000026c    0000113e     rtsv7M4_T_le_v4SPD16_eabi.lib : _printfi.obj (.text)
                  000013aa    00000002                                   : mpu_init.obj (.text)
                  000013ac    00000738                                   : k_rem_pio2.obj (.text)
                  00001ae4    00000508                                   : s_tan.obj (.text)
                  00001fec    000003a8     helloworld.obj (.text)
                  00002394    00000320     rtsv7M4_T_le_v4SPD16_eabi.lib : k_tan.obj (.text)
                  000026b4    000002ec     lcd.obj (.text)
                  000029a0    000002e4     objectcounter.obj (.text)
                  00002c84    00000228     uart.obj (.text)
                  00002eac    00000200     ping2.obj (.text)
                  000030ac    000001f4     rtsv7M4_T_le_v4SPD16_eabi.lib : ull_div_t2.obj (.text)
                  000032a0    000001c8     servo.obj (.text)
                  00003468    000001b6     rtsv7M4_T_le_v4SPD16_eabi.lib : fd_add_t2.obj (.text)
                  0000361e    00000002                                   : startup.obj (.text)
                  00003620    00000158     timer.obj (.text)
                  00003778    00000148     ir.obj (.text)
                  000038c0    00000136     rtsv7M4_T_le_v4SPD16_eabi.lib : fd_div_t2.obj (.text)
                  000039f6    000000fc                                   : fd_mul_t2.obj (.text)
                  00003af2    00000002     --HOLE-- [fill = 0]
                  00003af4    000000fc                                   : s_scalbn.obj (.text)
                  00003bf0    000000f8                                   : s_floor.obj (.text)
                  00003ce8    000000e8     button.obj (.text)
                  00003dd0    0000009c     rtsv7M4_T_le_v4SPD16_eabi.lib : memcpy_t2.obj (.text)
                  00003e6c    00000088                                   : vsnprintf.obj (.text)
                  00003ef4    00000086                                   : fd_cmp_t2.obj (.text:__aeabi_cdcmple)
                  00003f7a    00000086                                   : fd_cmp_t2.obj (.text:__aeabi_cdrcmple)
                  00004000    0000007a                                   : memset_t2.obj (.text)
                  0000407a    00000002     --HOLE-- [fill = 0]
                  0000407c    00000070                                   : autoinit.obj (.text)
                  000040ec    00000068                                   : copy_decompress_lzss.obj (.text:decompress:lzss)
                  00004154    00000064                                   : s_frexp.obj (.text)
                  000041b8    00000060                                   : sprintf.obj (.text)
                  00004218    00000054                                   : boot.obj (.text)
                  0000426c    00000054                                   : exit.obj (.text)
                  000042c0    00000054                                   : ltoa.obj (.text)
                  00004314    0000004c                                   : atoi.obj (.text)
                  00004360    0000004c                                   : cpy_tbl.obj (.text)
                  000043ac    00000048                                   : fd_toi_t2.obj (.text)
                  000043f4    00000044                                   : fd_tou_t2.obj (.text)
                  00004438    00000038                                   : fs_tod_t2.obj (.text)
                  00004470    00000034     driverlib.lib : interrupt.obj (.text:IntRegister)
                  000044a4    0000002e     rtsv7M4_T_le_v4SPD16_eabi.lib : i_tofd_t2.obj (.text)
                  000044d2    00000020                                   : u_tofd_t2.obj (.text)
                  000044f2    0000001c                                   : memccpy.obj (.text)
                  0000450e    00000002     --HOLE-- [fill = 0]
                  00004510    00000018                                   : args_main.obj (.text)
                  00004528    00000018                                   : strcmp.obj (.text)
                  00004540    00000016                                   : strchr.obj (.text)
                  00004556    00000002     --HOLE-- [fill = 0]
                  00004558    00000014                                   : _lock.obj (.text)
                  0000456c    00000014                                   : s_copysign.obj (.text)
                  00004580    00000014                                   : strcpy.obj (.text)
                  00004594    00000014                                   : strlen.obj (.text)
                  000045a8    00000010     driverlib.lib : interrupt.obj (.text:IntMasterEnable)
                  000045b8    00000010     lcd.obj (.text:lcd_clear)
                  000045c8    0000000e     rtsv7M4_T_le_v4SPD16_eabi.lib : copy_decompress_none.obj (.text:decompress:none)
                  000045d6    0000000c     driverlib.lib : cpu.obj (.text:CPUcpsie)
                  000045e2    0000000c     rtsv7M4_T_le_v4SPD16_eabi.lib : copy_zero_init.obj (.text:decompress:ZI)
                  000045ee    0000000c     tm4c123gh6pm_startup_ccs.obj (.text)
                  000045fa    00000004     rtsv7M4_T_le_v4SPD16_eabi.lib : pre_init.obj (.text)

.const     0    00004600    000002e4     
                  00004600    00000158     rtsv7M4_T_le_v4SPD16_eabi.lib : k_rem_pio2.obj (.const:$O1$$)
                  00004758    00000101                                   : ctype.obj (.const:.string:_ctypes_)
                  00004859    00000004     lcd.obj (.const:.string:lineAddress$1)
                  0000485d    00000003     --HOLE-- [fill = 0]
                  00004860    00000080     rtsv7M4_T_le_v4SPD16_eabi.lib : k_tan.obj (.const:xxx)
                  000048e0    00000004     lcd.obj (.const:.string:lineAddresses$2)

.cinit     0    000048e8    00000058     
                  000048e8    00000022     (.cinit..data.load) [load image, compression = lzss]
                  0000490a    00000002     --HOLE-- [fill = 0]
                  0000490c    0000000c     (__TI_handler_table)
                  00004918    00000008     (.cinit..bss.load) [load image, compression = zero_init]
                  00004920    00000008     (.cinit..vtable.load) [load image, compression = zero_init]
                  00004928    00000018     (__TI_cinit_table)

.init_array 
*          0    00000000    00000000     UNINITIALIZED

.vtable    0    20000000    0000026c     UNINITIALIZED
                  20000000    0000026c     driverlib.lib : interrupt.obj (.vtable)

.stack     0    2000026c    00000800     UNINITIALIZED
                  2000026c    00000800     --HOLE--

.bss       0    20000a6c    00000607     UNINITIALIZED
                  20000a6c    000005a8     (.common:data)
                  20001014    00000054     lcd.obj (.bss:lastbuffer$3)
                  20001068    00000004     (.common:newObjectEnd)
                  2000106c    00000004     (.common:newObjectStart)
                  20001070    00000001     (.common:_prevButton)
                  20001071    00000001     (.common:lastCharacter)
                  20001072    00000001     (.common:state)

.sysmem    0    20001078    00000400     UNINITIALIZED
                  20001078    00000008     rtsv7M4_T_le_v4SPD16_eabi.lib : memory.obj (.sysmem)
                  20001080    000003f8     --HOLE--

.data      0    20001478    0000003c     UNINITIALIZED
                  20001478    00000014     objectcounter.obj (.data)
                  2000148c    0000000c     rtsv7M4_T_le_v4SPD16_eabi.lib : exit.obj (.data:$O1$$)
                  20001498    00000009     ping2.obj (.data)
                  200014a1    00000001     button.obj (.data)
                  200014a2    00000001     uart.obj (.data)
                  200014a3    00000001     --HOLE--
                  200014a4    00000008     rtsv7M4_T_le_v4SPD16_eabi.lib : _lock.obj (.data:$O1$$)
                  200014ac    00000004                                   : errno.obj (.data)
                  200014b0    00000004                                   : stkdepth_vars.obj (.data)

MODULE SUMMARY

       Module                         code    ro data   rw data
       ------                         ----    -------   -------
    .\
       objectcounter.obj              740     0         1477   
       helloworld.obj                 936     0         0      
       lcd.obj                        764     8         84     
       tm4c123gh6pm_startup_ccs.obj   12      620       0      
       uart.obj                       552     0         2      
       ping2.obj                      512     0         9      
       servo.obj                      456     0         0      
       timer.obj                      344     0         0      
       ir.obj                         328     0         0      
       button.obj                     232     0         2      
    +--+------------------------------+-------+---------+---------+
       Total:                         4876    628       1574   
                                                               
    C:/ti/TivaWare_C_Series-2.1.2.111/driverlib/ccs/Debug/driverlib.lib
       interrupt.obj                  68      0         620    
       cpu.obj                        12      0         0      
    +--+------------------------------+-------+---------+---------+
       Total:                         80      0         620    
                                                               
    C:\ti\ccsv7\tools\compiler\ti-cgt-arm_16.9.1.LTS\lib\rtsv7M4_T_le_v4SPD16_eabi.lib
       _printfi.obj                   4414    0         0      
       k_rem_pio2.obj                 1848    344       0      
       s_tan.obj                      1288    0         0      
       k_tan.obj                      800     128       0      
       ull_div_t2.obj                 500     0         0      
       fd_add_t2.obj                  438     0         0      
       fd_div_t2.obj                  310     0         0      
       fd_cmp_t2.obj                  268     0         0      
       ctype.obj                      0       257       0      
       fd_mul_t2.obj                  252     0         0      
       s_scalbn.obj                   252     0         0      
       s_floor.obj                    248     0         0      
       memcpy_t2.obj                  156     0         0      
       vsnprintf.obj                  136     0         0      
       memset_t2.obj                  122     0         0      
       autoinit.obj                   112     0         0      
       copy_decompress_lzss.obj       104     0         0      
       s_frexp.obj                    100     0         0      
       exit.obj                       84      0         12     
       sprintf.obj                    96      0         0      
       boot.obj                       84      0         0      
       ltoa.obj                       84      0         0      
       atoi.obj                       76      0         0      
       cpy_tbl.obj                    76      0         0      
       fd_toi_t2.obj                  72      0         0      
       fd_tou_t2.obj                  68      0         0      
       fs_tod_t2.obj                  56      0         0      
       i_tofd_t2.obj                  46      0         0      
       u_tofd_t2.obj                  32      0         0      
       _lock.obj                      20      0         8      
       memccpy.obj                    28      0         0      
       args_main.obj                  24      0         0      
       strcmp.obj                     24      0         0      
       strchr.obj                     22      0         0      
       s_copysign.obj                 20      0         0      
       strcpy.obj                     20      0         0      
       strlen.obj                     20      0         0      
       copy_decompress_none.obj       14      0         0      
       copy_zero_init.obj             12      0         0      
       errno.obj                      0       0         4      
       pre_init.obj                   4       0         0      
       stkdepth_vars.obj              0       0         4      
       mpu_init.obj                   2       0         0      
       startup.obj                    2       0         0      
    +--+------------------------------+-------+---------+---------+
       Total:                         12334   729       28     
                                                               
       Heap:                          0       0         1024   
       Stack:                         0       0         2048   
       Linker Generated:              0       86        0      
    +--+------------------------------+-------+---------+---------+
       Grand Total:                   17290   1443      5294   


LINKER GENERATED COPY TABLES

__TI_cinit_table @ 00004928 records: 3, size/record: 8, table size: 24
	.data: load addr=000048e8, load size=00000022 bytes, run addr=20001478, run size=0000003c bytes, compression=lzss
	.bss: load addr=00004918, load size=00000008 bytes, run addr=20000a6c, run size=00000607 bytes, compression=zero_init
	.vtable: load addr=00004920, load size=00000008 bytes, run addr=20000000, run size=0000026c bytes, compression=zero_init


LINKER GENERATED HANDLER TABLE

__TI_handler_table @ 0000490c records: 3, size/record: 4, table size: 12
	index: 0, handler: __TI_zero_init
	index: 1, handler: __TI_decompress_lzss
	index: 2, handler: __TI_decompress_none


GLOBAL SYMBOLS: SORTED ALPHABETICALLY BY Name 

address   name                           
-------   ----                           
0000426d  C$$EXIT                        
000045d7  CPUcpsie                       
000037eb  IR_ReadMM                      
00003779  IR_init                        
000045a9  IntMasterEnable                
00004471  IntRegister                    
000045ef  ResetISR                       
UNDEFED   SHT$$INIT_ARRAY$$Base          
UNDEFED   SHT$$INIT_ARRAY$$Limit         
00002e01  UART1_Handler                  
20000a6c  __STACK_END                    
00000800  __STACK_SIZE                   
2000046c  __STACK_TOP                    
00000400  __SYSMEM_SIZE                  
00004928  __TI_CINIT_Base                
00004940  __TI_CINIT_Limit               
0000490c  __TI_Handler_Table_Base        
00004918  __TI_Handler_Table_Limit       
0000407d  __TI_auto_init                 
2000148c  __TI_cleanup_ptr               
000040ed  __TI_decompress_lzss           
000045c9  __TI_decompress_none           
20001490  __TI_dtors_ptr                 
20001494  __TI_enable_exit_profile_output
ffffffff  __TI_pprof_out_hndl            
00000ab1  __TI_printfi                   
ffffffff  __TI_prof_data_size            
ffffffff  __TI_prof_data_start           
00000000  __TI_static_base__             
000045e3  __TI_zero_init                 
00003ef5  __aeabi_cdcmpeq                
00003ef5  __aeabi_cdcmple                
00003f7b  __aeabi_cdrcmple               
000043ad  __aeabi_d2iz                   
000043f5  __aeabi_d2uiz                  
00003473  __aeabi_dadd                   
000038c1  __aeabi_ddiv                   
000039f7  __aeabi_dmul                   
00003469  __aeabi_dsub                   
00004439  __aeabi_f2d                    
000044a5  __aeabi_i2d                    
00004001  __aeabi_memclr                 
00004001  __aeabi_memclr4                
00004001  __aeabi_memclr8                
00003dd1  __aeabi_memcpy                 
00003dd1  __aeabi_memcpy4                
00003dd1  __aeabi_memcpy8                
00004003  __aeabi_memset                 
00004003  __aeabi_memset4                
00004003  __aeabi_memset8                
000044d3  __aeabi_ui2d                   
000030ad  __aeabi_uldivmod               
ffffffff  __binit__                      
ffffffff  __c_args__                     
000013ad  __kernel_rem_pio2              
00002395  __kernel_tan                   
000013ab  __mpu_init                     
2000026c  __stack                        
00004511  _args_main                     
00004219  _c_int00                       
00004758  _ctypes_                       
200014a4  _lock                          
00004567  _nop                           
20001070  _prevButton                    
0000455f  _register_lock                 
00004559  _register_unlock               
20001078  _sys_memory                    
0000361f  _system_post_cinit             
000045fb  _system_pre_init               
200014a8  _unlock                        
00002f4f  aaaa                           
00004271  abort                          
00004315  atoi                           
ffffffff  binit                          
00003d15  button_checkButtons            
00003d1f  button_getButton               
00003d65  button_getButtonBlocking       
00003d79  button_getButtonChange         
00003da3  button_getButtonChangeBlocking 
00003ce9  button_init                    
00003403  calibration_test               
2000147c  clockwise                      
00004361  copy_in                        
0000456d  copysign                       
0000456d  copysignl                      
00002a6b  counter_write                  
000029a1  createObject                   
20001498  current_distance               
200014a0  current_read                   
20000a6c  data                           
00002f71  delta_with_overflow            
200014ac  errno                          
00004279  exit                           
00003bf1  floor                          
00003bf1  floorl                         
00004155  frexp                          
00004155  frexpl                         
20000000  g_pfnRAMVectors                
00000000  g_pfnVectors                   
00002b25  getMinDegrees                  
00002b2d  getMinSize                     
00002b1f  getObjCount                    
000032a1  gpio_pb5_init                  
00002f1d  gpio_ping_micros               
00002f11  gpio_ping_off                  
00002f05  gpio_ping_on                   
00002ead  gpio_read                      
00002ec5  gpio_set_in                    
00002eb9  gpio_set_out                   
00002fc5  input_capture_interrupt        
20001071  lastCharacter                  
200014a2  lastCharacterRead              
20001480  lastIr                         
2000149c  last_distance                  
000045b9  lcd_clear                      
0000284d  lcd_gotoLine                   
000026b5  lcd_init                       
000028b3  lcd_printf                     
00002775  lcd_putc                       
000027ad  lcd_puts                       
000027cb  lcd_sendCommand                
00002809  lcd_sendNibble                 
00002875  lcd_setCursorPos               
00003af5  ldexp                          
00003af5  ldexpl                         
000042c1  ltoa                           
00002007  main                           
200014b0  main_func_sp                   
000044f3  memccpy                        
00003dd1  memcpy                         
00004009  memset                         
20001484  minDegrees                     
20001488  minVal                         
20001068  newObjectEnd                   
2000106c  newObjectStart                 
20001478  objCount                       
00002b33  objCounterReset                
00002ed1  ping_gpioInit                  
00002cb7  readLChar                      
00002cbd  readLCharRead                  
00002f9b  read_distance                  
00002f55  read_ping_when_done            
00002b4f  reset_direction                
00003af5  scalbn                         
00003af5  scalbnl                        
00003327  servo_bound_to                 
0000336f  servo_set_degrees              
000033ad  servo_set_degrees_bounded      
00002cc3  setLCharRead                   
000041b9  sprintf                        
20001072  state                          
00004541  strchr                         
00004529  strcmp                         
00004581  strcpy                         
00004595  strlen                         
00002b7d  sweep_and_send                 
00001ae5  tan                            
00001ae5  tanl                           
000032df  timer1_init                    
00002ff3  timer_3_init                   
00003731  timer_getClock                 
000036e5  timer_startClock               
0000367f  timer_startTimer               
00003737  timer_stopClock                
000036cf  timer_stopTimer                
00003655  timer_waitMicros               
00003621  timer_waitMillis               
00002dad  translate_and_transmit         
00002c85  transmit_str                   
00002ccb  uart_init                      
00002dcd  uart_receive                   
00002e2f  uart_receive2                  
00002d91  uart_transmit                  
00003e6d  vsnprintf                      
00001fed  wifi_continue                  


GLOBAL SYMBOLS: SORTED BY Symbol Address 

address   name                           
-------   ----                           
00000000  __TI_static_base__             
00000000  g_pfnVectors                   
00000400  __SYSMEM_SIZE                  
00000800  __STACK_SIZE                   
00000ab1  __TI_printfi                   
000013ab  __mpu_init                     
000013ad  __kernel_rem_pio2              
00001ae5  tan                            
00001ae5  tanl                           
00001fed  wifi_continue                  
00002007  main                           
00002395  __kernel_tan                   
000026b5  lcd_init                       
00002775  lcd_putc                       
000027ad  lcd_puts                       
000027cb  lcd_sendCommand                
00002809  lcd_sendNibble                 
0000284d  lcd_gotoLine                   
00002875  lcd_setCursorPos               
000028b3  lcd_printf                     
000029a1  createObject                   
00002a6b  counter_write                  
00002b1f  getObjCount                    
00002b25  getMinDegrees                  
00002b2d  getMinSize                     
00002b33  objCounterReset                
00002b4f  reset_direction                
00002b7d  sweep_and_send                 
00002c85  transmit_str                   
00002cb7  readLChar                      
00002cbd  readLCharRead                  
00002cc3  setLCharRead                   
00002ccb  uart_init                      
00002d91  uart_transmit                  
00002dad  translate_and_transmit         
00002dcd  uart_receive                   
00002e01  UART1_Handler                  
00002e2f  uart_receive2                  
00002ead  gpio_read                      
00002eb9  gpio_set_out                   
00002ec5  gpio_set_in                    
00002ed1  ping_gpioInit                  
00002f05  gpio_ping_on                   
00002f11  gpio_ping_off                  
00002f1d  gpio_ping_micros               
00002f4f  aaaa                           
00002f55  read_ping_when_done            
00002f71  delta_with_overflow            
00002f9b  read_distance                  
00002fc5  input_capture_interrupt        
00002ff3  timer_3_init                   
000030ad  __aeabi_uldivmod               
000032a1  gpio_pb5_init                  
000032df  timer1_init                    
00003327  servo_bound_to                 
0000336f  servo_set_degrees              
000033ad  servo_set_degrees_bounded      
00003403  calibration_test               
00003469  __aeabi_dsub                   
00003473  __aeabi_dadd                   
0000361f  _system_post_cinit             
00003621  timer_waitMillis               
00003655  timer_waitMicros               
0000367f  timer_startTimer               
000036cf  timer_stopTimer                
000036e5  timer_startClock               
00003731  timer_getClock                 
00003737  timer_stopClock                
00003779  IR_init                        
000037eb  IR_ReadMM                      
000038c1  __aeabi_ddiv                   
000039f7  __aeabi_dmul                   
00003af5  ldexp                          
00003af5  ldexpl                         
00003af5  scalbn                         
00003af5  scalbnl                        
00003bf1  floor                          
00003bf1  floorl                         
00003ce9  button_init                    
00003d15  button_checkButtons            
00003d1f  button_getButton               
00003d65  button_getButtonBlocking       
00003d79  button_getButtonChange         
00003da3  button_getButtonChangeBlocking 
00003dd1  __aeabi_memcpy                 
00003dd1  __aeabi_memcpy4                
00003dd1  __aeabi_memcpy8                
00003dd1  memcpy                         
00003e6d  vsnprintf                      
00003ef5  __aeabi_cdcmpeq                
00003ef5  __aeabi_cdcmple                
00003f7b  __aeabi_cdrcmple               
00004001  __aeabi_memclr                 
00004001  __aeabi_memclr4                
00004001  __aeabi_memclr8                
00004003  __aeabi_memset                 
00004003  __aeabi_memset4                
00004003  __aeabi_memset8                
00004009  memset                         
0000407d  __TI_auto_init                 
000040ed  __TI_decompress_lzss           
00004155  frexp                          
00004155  frexpl                         
000041b9  sprintf                        
00004219  _c_int00                       
0000426d  C$$EXIT                        
00004271  abort                          
00004279  exit                           
000042c1  ltoa                           
00004315  atoi                           
00004361  copy_in                        
000043ad  __aeabi_d2iz                   
000043f5  __aeabi_d2uiz                  
00004439  __aeabi_f2d                    
00004471  IntRegister                    
000044a5  __aeabi_i2d                    
000044d3  __aeabi_ui2d                   
000044f3  memccpy                        
00004511  _args_main                     
00004529  strcmp                         
00004541  strchr                         
00004559  _register_unlock               
0000455f  _register_lock                 
00004567  _nop                           
0000456d  copysign                       
0000456d  copysignl                      
00004581  strcpy                         
00004595  strlen                         
000045a9  IntMasterEnable                
000045b9  lcd_clear                      
000045c9  __TI_decompress_none           
000045d7  CPUcpsie                       
000045e3  __TI_zero_init                 
000045ef  ResetISR                       
000045fb  _system_pre_init               
00004758  _ctypes_                       
0000490c  __TI_Handler_Table_Base        
00004918  __TI_Handler_Table_Limit       
00004928  __TI_CINIT_Base                
00004940  __TI_CINIT_Limit               
20000000  g_pfnRAMVectors                
2000026c  __stack                        
2000046c  __STACK_TOP                    
20000a6c  __STACK_END                    
20000a6c  data                           
20001068  newObjectEnd                   
2000106c  newObjectStart                 
20001070  _prevButton                    
20001071  lastCharacter                  
20001072  state                          
20001078  _sys_memory                    
20001478  objCount                       
2000147c  clockwise                      
20001480  lastIr                         
20001484  minDegrees                     
20001488  minVal                         
2000148c  __TI_cleanup_ptr               
20001490  __TI_dtors_ptr                 
20001494  __TI_enable_exit_profile_output
20001498  current_distance               
2000149c  last_distance                  
200014a0  current_read                   
200014a2  lastCharacterRead              
200014a4  _lock                          
200014a8  _unlock                        
200014ac  errno                          
200014b0  main_func_sp                   
ffffffff  __TI_pprof_out_hndl            
ffffffff  __TI_prof_data_size            
ffffffff  __TI_prof_data_start           
ffffffff  __binit__                      
ffffffff  __c_args__                     
ffffffff  binit                          
UNDEFED   SHT$$INIT_ARRAY$$Base          
UNDEFED   SHT$$INIT_ARRAY$$Limit         

[175 symbols]
