******************************************************************************
                  TI ARM Linker PC v16.9.4                     
******************************************************************************
>> Linked Mon Nov 27 19:53:44 2017

OUTPUT FILE NAME:   <Final Project CyBot.out>
ENTRY POINT SYMBOL: "_c_int00"  address: 0000526d


MEMORY CONFIGURATION

         name            origin    length      used     unused   attr    fill
----------------------  --------  ---------  --------  --------  ----  --------
  FLASH                 00000000   00040000  000059cd  0003a633  R  X
  SRAM                  20000000   00008000  000014f3  00006b0d  RW X


SEGMENT ALLOCATION MAP

run origin  load origin   length   init length attrs members
----------  ----------- ---------- ----------- ----- -------
00000000    00000000    000059d8   000059d8    r-x
  00000000    00000000    0000026c   0000026c    r-- .intvecs
  0000026c    0000026c    00005406   00005406    r-x .text
  00005678    00005678    000002f3   000002f3    r-- .const
  00005970    00005970    00000068   00000068    r-- .cinit
20000000    20000000    000014f8   00000000    rw-
  20000000    20000000    0000026c   00000000    rw- .vtable
  2000026c    2000026c    00000800   00000000    rw- .stack
  20000a6c    20000a6c    00000627   00000000    rw- .bss
  20001098    20001098    00000400   00000000    rw- .sysmem
  20001498    20001498    00000060   00000000    rw- .data


SECTION ALLOCATION MAP

 output                                  attributes/
section   page    origin      length       input sections
--------  ----  ----------  ----------   ----------------
.intvecs   0    00000000    0000026c     
                  00000000    0000026c     tm4c123gh6pm_startup_ccs.obj (.intvecs)

.text      0    0000026c    00005406     
                  0000026c    0000113e     rtsv7M4_T_le_v4SPD16_eabi.lib : _printfi.obj (.text)
                  000013aa    00000002                                   : mpu_init.obj (.text)
                  000013ac    00000a84     open_interface.obj (.text)
                  00001e30    00000738     rtsv7M4_T_le_v4SPD16_eabi.lib : k_rem_pio2.obj (.text)
                  00002568    00000508                                   : s_tan.obj (.text)
                  00002a70    00000424     helloworld.obj (.text)
                  00002e94    000003d0     rtsv7M4_T_le_v4SPD16_eabi.lib : memory.obj (.text)
                  00003264    00000320                                   : k_tan.obj (.text)
                  00003584    000002ec     lcd.obj (.text)
                  00003870    000002e4     objectcounter.obj (.text)
                  00003b54    00000230     uart.obj (.text)
                  00003d84    00000200     ping2.obj (.text)
                  00003f84    000001f4     rtsv7M4_T_le_v4SPD16_eabi.lib : ull_div_t2.obj (.text)
                  00004178    000001c8     servo.obj (.text)
                  00004340    000001b6     rtsv7M4_T_le_v4SPD16_eabi.lib : fd_add_t2.obj (.text)
                  000044f6    00000002                                   : startup.obj (.text)
                  000044f8    00000158     timer.obj (.text)
                  00004650    00000148     ir.obj (.text)
                  00004798    00000136     rtsv7M4_T_le_v4SPD16_eabi.lib : fd_div_t2.obj (.text)
                  000048ce    000000fc                                   : fd_mul_t2.obj (.text)
                  000049ca    00000002     --HOLE-- [fill = 0]
                  000049cc    000000fc                                   : s_scalbn.obj (.text)
                  00004ac8    000000f8                                   : s_floor.obj (.text)
                  00004bc0    000000e8     button.obj (.text)
                  00004ca8    000000d8     wifi.obj (.text)
                  00004d80    000000a4     command_parser.obj (.text)
                  00004e24    0000009c     rtsv7M4_T_le_v4SPD16_eabi.lib : memcpy_t2.obj (.text)
                  00004ec0    00000088                                   : vsnprintf.obj (.text)
                  00004f48    00000086                                   : fd_cmp_t2.obj (.text:__aeabi_cdcmple)
                  00004fce    00000086                                   : fd_cmp_t2.obj (.text:__aeabi_cdrcmple)
                  00005054    0000007a                                   : memset_t2.obj (.text)
                  000050ce    00000002     --HOLE-- [fill = 0]
                  000050d0    00000070                                   : autoinit.obj (.text)
                  00005140    00000068                                   : copy_decompress_lzss.obj (.text:decompress:lzss)
                  000051a8    00000064                                   : s_frexp.obj (.text)
                  0000520c    00000060                                   : sprintf.obj (.text)
                  0000526c    00000054                                   : boot.obj (.text)
                  000052c0    00000054                                   : exit.obj (.text)
                  00005314    00000054                                   : ltoa.obj (.text)
                  00005368    0000004c                                   : atoi.obj (.text)
                  000053b4    0000004c                                   : cpy_tbl.obj (.text)
                  00005400    00000048                                   : fd_toi_t2.obj (.text)
                  00005448    00000044                                   : fd_tou_t2.obj (.text)
                  0000548c    00000038                                   : fs_tod_t2.obj (.text)
                  000054c4    00000034     driverlib.lib : interrupt.obj (.text:IntRegister)
                  000054f8    0000002e     rtsv7M4_T_le_v4SPD16_eabi.lib : i_tofd_t2.obj (.text)
                  00005526    00000020                                   : u_tofd_t2.obj (.text)
                  00005546    0000001c                                   : memccpy.obj (.text)
                  00005562    00000018     open_interface.obj (.text:oi_parseInt)
                  0000557a    00000002     --HOLE-- [fill = 0]
                  0000557c    00000018     rtsv7M4_T_le_v4SPD16_eabi.lib : args_main.obj (.text)
                  00005594    00000018                                   : strcmp.obj (.text)
                  000055ac    00000016                                   : strchr.obj (.text)
                  000055c2    00000002     --HOLE-- [fill = 0]
                  000055c4    00000014                                   : _lock.obj (.text)
                  000055d8    00000014                                   : s_copysign.obj (.text)
                  000055ec    00000014                                   : strcpy.obj (.text)
                  00005600    00000014                                   : strlen.obj (.text)
                  00005614    00000010     driverlib.lib : interrupt.obj (.text:IntMasterEnable)
                  00005624    00000010     lcd.obj (.text:lcd_clear)
                  00005634    0000000e     rtsv7M4_T_le_v4SPD16_eabi.lib : copy_decompress_none.obj (.text:decompress:none)
                  00005642    0000000c     driverlib.lib : cpu.obj (.text:CPUcpsie)
                  0000564e    0000000c     rtsv7M4_T_le_v4SPD16_eabi.lib : copy_zero_init.obj (.text:decompress:ZI)
                  0000565a    0000000c     tm4c123gh6pm_startup_ccs.obj (.text)
                  00005666    00000008     cmd_executer.obj (.text)
                  0000566e    00000004     rtsv7M4_T_le_v4SPD16_eabi.lib : pre_init.obj (.text)

.const     0    00005678    000002f3     
                  00005678    00000158     rtsv7M4_T_le_v4SPD16_eabi.lib : k_rem_pio2.obj (.const:$O1$$)
                  000057d0    00000101                                   : ctype.obj (.const:.string:_ctypes_)
                  000058d1    00000004     lcd.obj (.const:.string:lineAddress$1)
                  000058d5    00000003     --HOLE-- [fill = 0]
                  000058d8    00000080     rtsv7M4_T_le_v4SPD16_eabi.lib : k_tan.obj (.const:xxx)
                  00005958    0000000f     open_interface.obj (.const:.string:$P$T0$3)
                  00005967    00000004     lcd.obj (.const:.string:lineAddresses$2)

.cinit     0    00005970    00000068     
                  00005970    00000030     (.cinit..data.load) [load image, compression = lzss]
                  000059a0    0000000c     (__TI_handler_table)
                  000059ac    00000004     --HOLE-- [fill = 0]
                  000059b0    00000008     (.cinit..bss.load) [load image, compression = zero_init]
                  000059b8    00000008     (.cinit..vtable.load) [load image, compression = zero_init]
                  000059c0    00000018     (__TI_cinit_table)

.init_array 
*          0    00000000    00000000     UNINITIALIZED

.vtable    0    20000000    0000026c     UNINITIALIZED
                  20000000    0000026c     driverlib.lib : interrupt.obj (.vtable)

.stack     0    2000026c    00000800     UNINITIALIZED
                  2000026c    00000800     --HOLE--

.bss       0    20000a6c    00000627     UNINITIALIZED
                  20000a6c    000005a8     (.common:data)
                  20001014    00000054     lcd.obj (.bss:lastbuffer$3)
                  20001068    00000018     open_interface.obj (.bss:firmware$2)
                  20001080    00000008     (.common:command)
                  20001088    00000004     (.common:newObjectEnd)
                  2000108c    00000004     (.common:newObjectStart)
                  20001090    00000001     (.common:_prevButton)
                  20001091    00000001     (.common:lastCharacter)
                  20001092    00000001     (.common:state)

.sysmem    0    20001098    00000400     UNINITIALIZED
                  20001098    00000008     rtsv7M4_T_le_v4SPD16_eabi.lib : memory.obj (.sysmem)
                  200010a0    000003f8     --HOLE--

.data      0    20001498    00000060     UNINITIALIZED
                  20001498    00000014     objectcounter.obj (.data)
                  200014ac    00000010     open_interface.obj (.data)
                  200014bc    0000000c     rtsv7M4_T_le_v4SPD16_eabi.lib : exit.obj (.data:$O1$$)
                  200014c8    0000000c                                   : memory.obj (.data:$O1$$)
                  200014d4    00000009     ping2.obj (.data)
                  200014dd    00000001     button.obj (.data)
                  200014de    00000001     uart.obj (.data)
                  200014df    00000001     --HOLE--
                  200014e0    00000008     rtsv7M4_T_le_v4SPD16_eabi.lib : _lock.obj (.data:$O1$$)
                  200014e8    00000008     command_parser.obj (.data)
                  200014f0    00000004     rtsv7M4_T_le_v4SPD16_eabi.lib : errno.obj (.data)
                  200014f4    00000004                                   : stkdepth_vars.obj (.data)

MODULE SUMMARY

       Module                         code    ro data   rw data
       ------                         ----    -------   -------
    .\
       open_interface.obj             2716    15        40     
       objectcounter.obj              740     0         1477   
       helloworld.obj                 1060    0         0      
       lcd.obj                        764     8         84     
       tm4c123gh6pm_startup_ccs.obj   12      620       0      
       uart.obj                       560     0         2      
       ping2.obj                      512     0         9      
       servo.obj                      456     0         0      
       timer.obj                      344     0         0      
       ir.obj                         328     0         0      
       button.obj                     232     0         2      
       wifi.obj                       216     0         0      
       command_parser.obj             164     0         16     
       cmd_executer.obj               8       0         0      
    +--+------------------------------+-------+---------+---------+
       Total:                         8112    643       1630   
                                                               
    C:/ti/TivaWare_C_Series-2.1.2.111/driverlib/ccs/Debug/driverlib.lib
       interrupt.obj                  68      0         620    
       cpu.obj                        12      0         0      
    +--+------------------------------+-------+---------+---------+
       Total:                         80      0         620    
                                                               
    C:\ti\ccsv7\tools\compiler\ti-cgt-arm_16.9.4.LTS\lib\rtsv7M4_T_le_v4SPD16_eabi.lib
       _printfi.obj                   4414    0         0      
       k_rem_pio2.obj                 1848    344       0      
       s_tan.obj                      1288    0         0      
       memory.obj                     976     0         12     
       k_tan.obj                      800     128       0      
       ull_div_t2.obj                 500     0         0      
       fd_add_t2.obj                  438     0         0      
       fd_div_t2.obj                  310     0         0      
       fd_cmp_t2.obj                  268     0         0      
       ctype.obj                      0       257       0      
       fd_mul_t2.obj                  252     0         0      
       s_scalbn.obj                   252     0         0      
       s_floor.obj                    248     0         0      
       memcpy_t2.obj                  156     0         0      
       vsnprintf.obj                  136     0         0      
       memset_t2.obj                  122     0         0      
       autoinit.obj                   112     0         0      
       copy_decompress_lzss.obj       104     0         0      
       s_frexp.obj                    100     0         0      
       exit.obj                       84      0         12     
       sprintf.obj                    96      0         0      
       boot.obj                       84      0         0      
       ltoa.obj                       84      0         0      
       atoi.obj                       76      0         0      
       cpy_tbl.obj                    76      0         0      
       fd_toi_t2.obj                  72      0         0      
       fd_tou_t2.obj                  68      0         0      
       fs_tod_t2.obj                  56      0         0      
       i_tofd_t2.obj                  46      0         0      
       u_tofd_t2.obj                  32      0         0      
       _lock.obj                      20      0         8      
       memccpy.obj                    28      0         0      
       args_main.obj                  24      0         0      
       strcmp.obj                     24      0         0      
       strchr.obj                     22      0         0      
       s_copysign.obj                 20      0         0      
       strcpy.obj                     20      0         0      
       strlen.obj                     20      0         0      
       copy_decompress_none.obj       14      0         0      
       copy_zero_init.obj             12      0         0      
       errno.obj                      0       0         4      
       pre_init.obj                   4       0         0      
       stkdepth_vars.obj              0       0         4      
       mpu_init.obj                   2       0         0      
       startup.obj                    2       0         0      
    +--+------------------------------+-------+---------+---------+
       Total:                         13310   729       40     
                                                               
       Heap:                          0       0         1024   
       Stack:                         0       0         2048   
       Linker Generated:              0       100       0      
    +--+------------------------------+-------+---------+---------+
       Grand Total:                   21502   1472      5362   


LINKER GENERATED COPY TABLES

__TI_cinit_table @ 000059c0 records: 3, size/record: 8, table size: 24
	.data: load addr=00005970, load size=00000030 bytes, run addr=20001498, run size=00000060 bytes, compression=lzss
	.bss: load addr=000059b0, load size=00000008 bytes, run addr=20000a6c, run size=00000627 bytes, compression=zero_init
	.vtable: load addr=000059b8, load size=00000008 bytes, run addr=20000000, run size=0000026c bytes, compression=zero_init


LINKER GENERATED HANDLER TABLE

__TI_handler_table @ 000059a0 records: 3, size/record: 4, table size: 12
	index: 0, handler: __TI_zero_init
	index: 1, handler: __TI_decompress_lzss
	index: 2, handler: __TI_decompress_none


GLOBAL SYMBOLS: SORTED ALPHABETICALLY BY Name 

address   name                           
-------   ----                           
000052c1  C$$EXIT                        
00005643  CPUcpsie                       
00001ca3  GPIOF_Handler                  
000046c3  IR_ReadMM                      
00004651  IR_init                        
00005615  IntMasterEnable                
000054c5  IntRegister                    
0000565b  ResetISR                       
UNDEFED   SHT$$INIT_ARRAY$$Base          
UNDEFED   SHT$$INIT_ARRAY$$Limit         
00003cbf  UART1_Handler                  
00004ca9  WiFi_start                     
00004d05  WiFi_stop                      
20000a6c  __STACK_END                    
00000800  __STACK_SIZE                   
2000046c  __STACK_TOP                    
00000400  __SYSMEM_SIZE                  
000059c0  __TI_CINIT_Base                
000059d8  __TI_CINIT_Limit               
000059a0  __TI_Handler_Table_Base        
000059ac  __TI_Handler_Table_Limit       
000050d1  __TI_auto_init                 
200014bc  __TI_cleanup_ptr               
00005141  __TI_decompress_lzss           
00005635  __TI_decompress_none           
200014c0  __TI_dtors_ptr                 
200014c4  __TI_enable_exit_profile_output
ffffffff  __TI_pprof_out_hndl            
00000ab1  __TI_printfi                   
ffffffff  __TI_prof_data_size            
ffffffff  __TI_prof_data_start           
00000000  __TI_static_base__             
0000564f  __TI_zero_init                 
00004f49  __aeabi_cdcmpeq                
00004f49  __aeabi_cdcmple                
00004fcf  __aeabi_cdrcmple               
00005401  __aeabi_d2iz                   
00005449  __aeabi_d2uiz                  
0000434b  __aeabi_dadd                   
00004799  __aeabi_ddiv                   
000048cf  __aeabi_dmul                   
00004341  __aeabi_dsub                   
0000548d  __aeabi_f2d                    
000054f9  __aeabi_i2d                    
00005055  __aeabi_memclr                 
00005055  __aeabi_memclr4                
00005055  __aeabi_memclr8                
00004e25  __aeabi_memcpy                 
00004e25  __aeabi_memcpy4                
00004e25  __aeabi_memcpy8                
00005057  __aeabi_memset                 
00005057  __aeabi_memset4                
00005057  __aeabi_memset8                
00005527  __aeabi_ui2d                   
00003f85  __aeabi_uldivmod               
ffffffff  __binit__                      
ffffffff  __c_args__                     
00001e31  __kernel_rem_pio2              
00003265  __kernel_tan                   
000013ab  __mpu_init                     
2000026c  __stack                        
0000557d  _args_main                     
0000526d  _c_int00                       
000057d0  _ctypes_                       
200014e0  _lock                          
000055d3  _nop                           
20001090  _prevButton                    
000055cb  _register_lock                 
000055c5  _register_unlock               
00004d13  _sendCommand                   
20001098  _sys_memory                    
000044f7  _system_post_cinit             
0000566f  _system_pre_init               
200014e4  _unlock                        
00003e27  aaaa                           
000052c5  abort                          
00005369  atoi                           
ffffffff  binit                          
00004bed  button_checkButtons            
00004bf7  button_getButton               
00004c3d  button_getButtonBlocking       
00004c51  button_getButtonChange         
00004c7b  button_getButtonChangeBlocking 
00004bc1  button_init                    
000042db  calibration_test               
00003235  calloc                         
2000149c  clockwise                      
20001080  command                        
200014ec  commandPosition                
200014e8  commandRemaining               
000053b5  copy_in                        
000055d9  copysign                       
000055d9  copysignl                      
0000393b  counter_write                  
00003871  createObject                   
200014d4  current_distance               
200014dc  current_read                   
20000a6c  data                           
00003e49  delta_with_overflow            
200014f0  errno                          
00005667  exe_scan                       
00004d81  execute_command                
000052cd  exit                           
00004ac9  floor                          
00004ac9  floorl                         
00002f7f  free                           
000051a9  frexp                          
000051a9  frexpl                         
20000000  g_pfnRAMVectors                
00000000  g_pfnVectors                   
00001cc5  getDegrees                     
000039f5  getMinDegrees                  
000039fd  getMinSize                     
000039ef  getObjCount                    
00001a51  go_charge                      
00004179  gpio_pb5_init                  
00003df5  gpio_ping_micros               
00003de9  gpio_ping_off                  
00003ddd  gpio_ping_on                   
00003d85  gpio_read                      
00003d9d  gpio_set_in                    
00003d91  gpio_set_out                   
00002a8b  init_all                       
00003e9d  input_capture_interrupt        
20001091  lastCharacter                  
200014de  lastCharacterRead              
200014a0  lastIr                         
200014d8  last_distance                  
00005625  lcd_clear                      
0000371d  lcd_gotoLine                   
00003585  lcd_init                       
00003783  lcd_printf                     
00003645  lcd_putc                       
0000367d  lcd_puts                       
0000369b  lcd_sendCommand                
000036d9  lcd_sendNibble                 
00003745  lcd_setCursorPos               
000049cd  ldexp                          
000049cd  ldexpl                         
00005315  ltoa                           
00002ae7  main                           
200014f4  main_func_sp                   
00002f15  malloc                         
00003149  memalign                       
00005547  memccpy                        
00004e25  memcpy                         
0000505d  memset                         
200014a4  minDegrees                     
200014a8  minVal                         
00002e95  minit                          
20001088  newObjectEnd                   
2000108c  newObjectStart                 
20001498  objCount                       
00003a03  objCounterReset                
000013ad  oi_alloc                       
00001b7b  oi_checkFirmware               
00001403  oi_close                       
000013b9  oi_free                        
000013ed  oi_init                        
000013c9  oi_init_noupdate               
000019e7  oi_loadSong                    
00005563  oi_parseInt                    
00001467  oi_parsePacket                 
00001a3d  oi_play_song                   
00001961  oi_setLeds                     
000019a5  oi_setWheels                   
00001c31  oi_shutoff_init                
00001a5f  oi_uartInit                    
00001b03  oi_uartReceive                 
00001b49  oi_uartSendBuff                
00001ae7  oi_uartSendChar                
00001b2b  oi_uartSendStr                 
00001415  oi_update                      
00003da9  ping_gpioInit                  
00003b87  readLChar                      
00003b8d  readLCharRead                  
00002abf  readSensors                    
00003e73  read_distance                  
00003e2d  read_ping_when_done            
00003041  realloc                        
00003a1f  reset_direction                
00004d97  rtn_cmd_len                    
000049cd  scalbn                         
000049cd  scalbnl                        
000041ff  servo_bound_to                 
00004247  servo_set_degrees              
00004285  servo_set_degrees_bounded      
00003b93  setLCharRead                   
0000520d  sprintf                        
20001092  state                          
000055ad  strchr                         
00005595  strcmp                         
000055ed  strcpy                         
00005601  strlen                         
00003a4d  sweep_and_send                 
00004dcd  take_char                      
00002569  tan                            
00002569  tanl                           
000041b7  timer1_init                    
00003ecb  timer_3_init                   
00004609  timer_getClock                 
000045bd  timer_startClock               
00004557  timer_startTimer               
0000460f  timer_stopClock                
000045a7  timer_stopTimer                
0000452d  timer_waitMicros               
000044f9  timer_waitMillis               
00003c7d  translate_and_transmit         
00003b55  transmit_str                   
00003b9b  uart_init                      
00003c9d  uart_receive                   
00003ced  uart_receive2                  
00003d15  uart_receive_last              
00003c61  uart_transmit                  
00004ec1  vsnprintf                      
00002a71  wifi_continue                  


GLOBAL SYMBOLS: SORTED BY Symbol Address 

address   name                           
-------   ----                           
00000000  __TI_static_base__             
00000000  g_pfnVectors                   
00000400  __SYSMEM_SIZE                  
00000800  __STACK_SIZE                   
00000ab1  __TI_printfi                   
000013ab  __mpu_init                     
000013ad  oi_alloc                       
000013b9  oi_free                        
000013c9  oi_init_noupdate               
000013ed  oi_init                        
00001403  oi_close                       
00001415  oi_update                      
00001467  oi_parsePacket                 
00001961  oi_setLeds                     
000019a5  oi_setWheels                   
000019e7  oi_loadSong                    
00001a3d  oi_play_song                   
00001a51  go_charge                      
00001a5f  oi_uartInit                    
00001ae7  oi_uartSendChar                
00001b03  oi_uartReceive                 
00001b2b  oi_uartSendStr                 
00001b49  oi_uartSendBuff                
00001b7b  oi_checkFirmware               
00001c31  oi_shutoff_init                
00001ca3  GPIOF_Handler                  
00001cc5  getDegrees                     
00001e31  __kernel_rem_pio2              
00002569  tan                            
00002569  tanl                           
00002a71  wifi_continue                  
00002a8b  init_all                       
00002abf  readSensors                    
00002ae7  main                           
00002e95  minit                          
00002f15  malloc                         
00002f7f  free                           
00003041  realloc                        
00003149  memalign                       
00003235  calloc                         
00003265  __kernel_tan                   
00003585  lcd_init                       
00003645  lcd_putc                       
0000367d  lcd_puts                       
0000369b  lcd_sendCommand                
000036d9  lcd_sendNibble                 
0000371d  lcd_gotoLine                   
00003745  lcd_setCursorPos               
00003783  lcd_printf                     
00003871  createObject                   
0000393b  counter_write                  
000039ef  getObjCount                    
000039f5  getMinDegrees                  
000039fd  getMinSize                     
00003a03  objCounterReset                
00003a1f  reset_direction                
00003a4d  sweep_and_send                 
00003b55  transmit_str                   
00003b87  readLChar                      
00003b8d  readLCharRead                  
00003b93  setLCharRead                   
00003b9b  uart_init                      
00003c61  uart_transmit                  
00003c7d  translate_and_transmit         
00003c9d  uart_receive                   
00003cbf  UART1_Handler                  
00003ced  uart_receive2                  
00003d15  uart_receive_last              
00003d85  gpio_read                      
00003d91  gpio_set_out                   
00003d9d  gpio_set_in                    
00003da9  ping_gpioInit                  
00003ddd  gpio_ping_on                   
00003de9  gpio_ping_off                  
00003df5  gpio_ping_micros               
00003e27  aaaa                           
00003e2d  read_ping_when_done            
00003e49  delta_with_overflow            
00003e73  read_distance                  
00003e9d  input_capture_interrupt        
00003ecb  timer_3_init                   
00003f85  __aeabi_uldivmod               
00004179  gpio_pb5_init                  
000041b7  timer1_init                    
000041ff  servo_bound_to                 
00004247  servo_set_degrees              
00004285  servo_set_degrees_bounded      
000042db  calibration_test               
00004341  __aeabi_dsub                   
0000434b  __aeabi_dadd                   
000044f7  _system_post_cinit             
000044f9  timer_waitMillis               
0000452d  timer_waitMicros               
00004557  timer_startTimer               
000045a7  timer_stopTimer                
000045bd  timer_startClock               
00004609  timer_getClock                 
0000460f  timer_stopClock                
00004651  IR_init                        
000046c3  IR_ReadMM                      
00004799  __aeabi_ddiv                   
000048cf  __aeabi_dmul                   
000049cd  ldexp                          
000049cd  ldexpl                         
000049cd  scalbn                         
000049cd  scalbnl                        
00004ac9  floor                          
00004ac9  floorl                         
00004bc1  button_init                    
00004bed  button_checkButtons            
00004bf7  button_getButton               
00004c3d  button_getButtonBlocking       
00004c51  button_getButtonChange         
00004c7b  button_getButtonChangeBlocking 
00004ca9  WiFi_start                     
00004d05  WiFi_stop                      
00004d13  _sendCommand                   
00004d81  execute_command                
00004d97  rtn_cmd_len                    
00004dcd  take_char                      
00004e25  __aeabi_memcpy                 
00004e25  __aeabi_memcpy4                
00004e25  __aeabi_memcpy8                
00004e25  memcpy                         
00004ec1  vsnprintf                      
00004f49  __aeabi_cdcmpeq                
00004f49  __aeabi_cdcmple                
00004fcf  __aeabi_cdrcmple               
00005055  __aeabi_memclr                 
00005055  __aeabi_memclr4                
00005055  __aeabi_memclr8                
00005057  __aeabi_memset                 
00005057  __aeabi_memset4                
00005057  __aeabi_memset8                
0000505d  memset                         
000050d1  __TI_auto_init                 
00005141  __TI_decompress_lzss           
000051a9  frexp                          
000051a9  frexpl                         
0000520d  sprintf                        
0000526d  _c_int00                       
000052c1  C$$EXIT                        
000052c5  abort                          
000052cd  exit                           
00005315  ltoa                           
00005369  atoi                           
000053b5  copy_in                        
00005401  __aeabi_d2iz                   
00005449  __aeabi_d2uiz                  
0000548d  __aeabi_f2d                    
000054c5  IntRegister                    
000054f9  __aeabi_i2d                    
00005527  __aeabi_ui2d                   
00005547  memccpy                        
00005563  oi_parseInt                    
0000557d  _args_main                     
00005595  strcmp                         
000055ad  strchr                         
000055c5  _register_unlock               
000055cb  _register_lock                 
000055d3  _nop                           
000055d9  copysign                       
000055d9  copysignl                      
000055ed  strcpy                         
00005601  strlen                         
00005615  IntMasterEnable                
00005625  lcd_clear                      
00005635  __TI_decompress_none           
00005643  CPUcpsie                       
0000564f  __TI_zero_init                 
0000565b  ResetISR                       
00005667  exe_scan                       
0000566f  _system_pre_init               
000057d0  _ctypes_                       
000059a0  __TI_Handler_Table_Base        
000059ac  __TI_Handler_Table_Limit       
000059c0  __TI_CINIT_Base                
000059d8  __TI_CINIT_Limit               
20000000  g_pfnRAMVectors                
2000026c  __stack                        
2000046c  __STACK_TOP                    
20000a6c  __STACK_END                    
20000a6c  data                           
20001080  command                        
20001088  newObjectEnd                   
2000108c  newObjectStart                 
20001090  _prevButton                    
20001091  lastCharacter                  
20001092  state                          
20001098  _sys_memory                    
20001498  objCount                       
2000149c  clockwise                      
200014a0  lastIr                         
200014a4  minDegrees                     
200014a8  minVal                         
200014bc  __TI_cleanup_ptr               
200014c0  __TI_dtors_ptr                 
200014c4  __TI_enable_exit_profile_output
200014d4  current_distance               
200014d8  last_distance                  
200014dc  current_read                   
200014de  lastCharacterRead              
200014e0  _lock                          
200014e4  _unlock                        
200014e8  commandRemaining               
200014ec  commandPosition                
200014f0  errno                          
200014f4  main_func_sp                   
ffffffff  __TI_pprof_out_hndl            
ffffffff  __TI_prof_data_size            
ffffffff  __TI_prof_data_start           
ffffffff  __binit__                      
ffffffff  __c_args__                     
ffffffff  binit                          
UNDEFED   SHT$$INIT_ARRAY$$Base          
UNDEFED   SHT$$INIT_ARRAY$$Limit         

[216 symbols]
