******************************************************************************
                  TI ARM Linker PC v16.9.4                     
******************************************************************************
>> Linked Tue Dec 05 11:37:45 2017

OUTPUT FILE NAME:   <Final Project CyBot.out>
ENTRY POINT SYMBOL: "_c_int00"  address: 00005acd


MEMORY CONFIGURATION

         name            origin    length      used     unused   attr    fill
----------------------  --------  ---------  --------  --------  ----  --------
  FLASH                 00000000   00040000  00006248  00039db8  R  X
  SRAM                  20000000   00008000  000014fb  00006b05  RW X


SEGMENT ALLOCATION MAP

run origin  load origin   length   init length attrs members
----------  ----------- ---------- ----------- ----- -------
00000000    00000000    00006250   00006250    r-x
  00000000    00000000    0000026c   0000026c    r-- .intvecs
  0000026c    0000026c    00005c5e   00005c5e    r-x .text
  00005ed0    00005ed0    00000316   00000316    r-- .const
  000061e8    000061e8    00000068   00000068    r-- .cinit
20000000    20000000    00001500   00000000    rw-
  20000000    20000000    0000026c   00000000    rw- .vtable
  2000026c    2000026c    00000800   00000000    rw- .stack
  20000a6c    20000a6c    00000627   00000000    rw- .bss
  20001098    20001098    00000400   00000000    rw- .sysmem
  20001498    20001498    00000068   00000000    rw- .data


SECTION ALLOCATION MAP

 output                                  attributes/
section   page    origin      length       input sections
--------  ----  ----------  ----------   ----------------
.intvecs   0    00000000    0000026c     
                  00000000    0000026c     tm4c123gh6pm_startup_ccs.obj (.intvecs)

.text      0    0000026c    00005c5e     
                  0000026c    0000113e     rtsv7M4_T_le_v4SPD16_eabi.lib : _printfi.obj (.text)
                  000013aa    00000002                                   : mpu_init.obj (.text)
                  000013ac    00000a84     open_interface.obj (.text)
                  00001e30    00000738     rtsv7M4_T_le_v4SPD16_eabi.lib : k_rem_pio2.obj (.text)
                  00002568    00000508                                   : s_tan.obj (.text)
                  00002a70    00000450     flags.obj (.text)
                  00002ec0    00000426     main.obj (.text)
                  000032e6    00000002     rtsv7M4_T_le_v4SPD16_eabi.lib : startup.obj (.text)
                  000032e8    000003d0                                   : memory.obj (.text)
                  000036b8    00000364     movement.obj (.text)
                  00003a1c    00000330     objectcounter.obj (.text)
                  00003d4c    00000320     rtsv7M4_T_le_v4SPD16_eabi.lib : k_tan.obj (.text)
                  0000406c    000002ec     lcd.obj (.text)
                  00004358    0000025c     uart.obj (.text)
                  000045b4    00000208     servo.obj (.text)
                  000047bc    00000200     ping2.obj (.text)
                  000049bc    000001f4     rtsv7M4_T_le_v4SPD16_eabi.lib : ull_div_t2.obj (.text)
                  00004bb0    000001b6                                   : fd_add_t2.obj (.text)
                  00004d66    00000002     --HOLE-- [fill = 0]
                  00004d68    00000158     timer.obj (.text)
                  00004ec0    00000148     ir.obj (.text)
                  00005008    00000136     rtsv7M4_T_le_v4SPD16_eabi.lib : fd_div_t2.obj (.text)
                  0000513e    000000fc                                   : fd_mul_t2.obj (.text)
                  0000523a    00000002     --HOLE-- [fill = 0]
                  0000523c    000000fc                                   : s_scalbn.obj (.text)
                  00005338    000000f8                                   : s_floor.obj (.text)
                  00005430    000000e8     button.obj (.text)
                  00005518    000000d8     wifi.obj (.text)
                  000055f0    0000009c     rtsv7M4_T_le_v4SPD16_eabi.lib : memcpy_t2.obj (.text)
                  0000568c    00000092     exe_op.obj (.text)
                  0000571e    00000002     --HOLE-- [fill = 0]
                  00005720    00000088     rtsv7M4_T_le_v4SPD16_eabi.lib : vsnprintf.obj (.text)
                  000057a8    00000086                                   : fd_cmp_t2.obj (.text:__aeabi_cdcmple)
                  0000582e    00000086                                   : fd_cmp_t2.obj (.text:__aeabi_cdrcmple)
                  000058b4    0000007a                                   : memset_t2.obj (.text)
                  0000592e    00000002     --HOLE-- [fill = 0]
                  00005930    00000070                                   : autoinit.obj (.text)
                  000059a0    00000068                                   : copy_decompress_lzss.obj (.text:decompress:lzss)
                  00005a08    00000064                                   : s_frexp.obj (.text)
                  00005a6c    00000060                                   : sprintf.obj (.text)
                  00005acc    00000054                                   : boot.obj (.text)
                  00005b20    00000054                                   : exit.obj (.text)
                  00005b74    00000054                                   : ltoa.obj (.text)
                  00005bc8    0000004c                                   : atoi.obj (.text)
                  00005c14    0000004c                                   : cpy_tbl.obj (.text)
                  00005c60    00000048                                   : fd_toi_t2.obj (.text)
                  00005ca8    00000044                                   : fd_tou_t2.obj (.text)
                  00005cec    00000038                                   : fs_tod_t2.obj (.text)
                  00005d24    00000034     driverlib.lib : interrupt.obj (.text:IntRegister)
                  00005d58    0000002e     rtsv7M4_T_le_v4SPD16_eabi.lib : i_tofd_t2.obj (.text)
                  00005d86    00000020                                   : u_tofd_t2.obj (.text)
                  00005da6    0000001c                                   : memccpy.obj (.text)
                  00005dc2    00000018     open_interface.obj (.text:oi_parseInt)
                  00005dda    00000002     --HOLE-- [fill = 0]
                  00005ddc    00000018     rtsv7M4_T_le_v4SPD16_eabi.lib : args_main.obj (.text)
                  00005df4    00000018                                   : strcmp.obj (.text)
                  00005e0c    00000016                                   : strchr.obj (.text)
                  00005e22    00000002     --HOLE-- [fill = 0]
                  00005e24    00000014                                   : _lock.obj (.text)
                  00005e38    00000014                                   : s_copysign.obj (.text)
                  00005e4c    00000014                                   : strcpy.obj (.text)
                  00005e60    00000014                                   : strlen.obj (.text)
                  00005e74    00000010     driverlib.lib : interrupt.obj (.text:IntMasterEnable)
                  00005e84    00000010     lcd.obj (.text:lcd_clear)
                  00005e94    0000000e     rtsv7M4_T_le_v4SPD16_eabi.lib : copy_decompress_none.obj (.text:decompress:none)
                  00005ea2    0000000c     driverlib.lib : cpu.obj (.text:CPUcpsie)
                  00005eae    0000000c     rtsv7M4_T_le_v4SPD16_eabi.lib : copy_zero_init.obj (.text:decompress:ZI)
                  00005eba    0000000c     tm4c123gh6pm_startup_ccs.obj (.text)
                  00005ec6    00000004     rtsv7M4_T_le_v4SPD16_eabi.lib : pre_init.obj (.text)

.const     0    00005ed0    00000316     
                  00005ed0    00000158     rtsv7M4_T_le_v4SPD16_eabi.lib : k_rem_pio2.obj (.const:$O1$$)
                  00006028    00000101                                   : ctype.obj (.const:.string:_ctypes_)
                  00006129    00000005     objectcounter.obj (.const:.string:$P$T0$1)
                  0000612e    00000002     flags.obj (.const:.string:$P$T0$1)
                  00006130    00000080     rtsv7M4_T_le_v4SPD16_eabi.lib : k_tan.obj (.const:xxx)
                  000061b0    0000000f     open_interface.obj (.const:.string:$P$T0$3)
                  000061bf    00000004     lcd.obj (.const:.string:lineAddress$1)
                  000061c3    00000004     lcd.obj (.const:.string:lineAddresses$2)
                  000061c7    00000003     flags.obj (.const:.string:$P$T10$21)
                  000061ca    00000003     flags.obj (.const:.string:$P$T11$22)
                  000061cd    00000003     flags.obj (.const:.string:$P$T2$7)
                  000061d0    00000003     flags.obj (.const:.string:$P$T3$8)
                  000061d3    00000003     flags.obj (.const:.string:$P$T4$9)
                  000061d6    00000003     flags.obj (.const:.string:$P$T5$10)
                  000061d9    00000003     flags.obj (.const:.string:$P$T8$19)
                  000061dc    00000003     flags.obj (.const:.string:$P$T9$20)
                  000061df    00000002     flags.obj (.const:.string:$P$T1$2)
                  000061e1    00000002     flags.obj (.const:.string:$P$T6$13)
                  000061e3    00000002     flags.obj (.const:.string:$P$T7$14)
                  000061e5    00000001     objectcounter.obj (.const:.string:$P$T1$2)

.cinit     0    000061e8    00000068     
                  000061e8    0000002d     (.cinit..data.load) [load image, compression = lzss]
                  00006215    00000003     --HOLE-- [fill = 0]
                  00006218    0000000c     (__TI_handler_table)
                  00006224    00000004     --HOLE-- [fill = 0]
                  00006228    00000008     (.cinit..bss.load) [load image, compression = zero_init]
                  00006230    00000008     (.cinit..vtable.load) [load image, compression = zero_init]
                  00006238    00000018     (__TI_cinit_table)

.init_array 
*          0    00000000    00000000     UNINITIALIZED

.vtable    0    20000000    0000026c     UNINITIALIZED
                  20000000    0000026c     driverlib.lib : interrupt.obj (.vtable)

.stack     0    2000026c    00000800     UNINITIALIZED
                  2000026c    00000800     --HOLE--

.bss       0    20000a6c    00000627     UNINITIALIZED
                  20000a6c    000005a8     (.common:data)
                  20001014    00000054     lcd.obj (.bss:lastbuffer$3)
                  20001068    00000018     open_interface.obj (.bss:firmware$2)
                  20001080    00000008     flags.obj (.bss)
                  20001088    00000004     (.common:newObjectEnd)
                  2000108c    00000004     (.common:newObjectStart)
                  20001090    00000001     (.common:_prevButton)
                  20001091    00000001     (.common:lastCharacter)
                  20001092    00000001     (.common:state)

.sysmem    0    20001098    00000400     UNINITIALIZED
                  20001098    00000008     rtsv7M4_T_le_v4SPD16_eabi.lib : memory.obj (.sysmem)
                  200010a0    000003f8     --HOLE--

.data      0    20001498    00000068     UNINITIALIZED
                  20001498    00000014     objectcounter.obj (.data)
                  200014ac    00000010     flags.obj (.data)
                  200014bc    00000010     open_interface.obj (.data)
                  200014cc    0000000c     rtsv7M4_T_le_v4SPD16_eabi.lib : exit.obj (.data:$O1$$)
                  200014d8    0000000c                                   : memory.obj (.data:$O1$$)
                  200014e4    00000009     ping2.obj (.data)
                  200014ed    00000001     button.obj (.data)
                  200014ee    00000001     uart.obj (.data)
                  200014ef    00000001     --HOLE--
                  200014f0    00000008     rtsv7M4_T_le_v4SPD16_eabi.lib : _lock.obj (.data:$O1$$)
                  200014f8    00000004                                   : errno.obj (.data)
                  200014fc    00000004                                   : stkdepth_vars.obj (.data)

MODULE SUMMARY

       Module                         code    ro data   rw data
       ------                         ----    -------   -------
    .\
       open_interface.obj             2716    15        40     
       objectcounter.obj              816     6         1477   
       flags.obj                      1104    32        24     
       main.obj                       1062    0         0      
       movement.obj                   868     0         0      
       lcd.obj                        764     8         84     
       tm4c123gh6pm_startup_ccs.obj   12      620       0      
       uart.obj                       604     0         2      
       ping2.obj                      512     0         9      
       servo.obj                      520     0         0      
       timer.obj                      344     0         0      
       ir.obj                         328     0         0      
       button.obj                     232     0         2      
       wifi.obj                       216     0         0      
       exe_op.obj                     146     0         0      
    +--+------------------------------+-------+---------+---------+
       Total:                         10244   681       1638   
                                                               
    C:/ti/TivaWare_C_Series-2.1.2.111/driverlib/ccs/Debug/driverlib.lib
       interrupt.obj                  68      0         620    
       cpu.obj                        12      0         0      
    +--+------------------------------+-------+---------+---------+
       Total:                         80      0         620    
                                                               
    C:\ti\ccsv7\tools\compiler\ti-cgt-arm_16.9.4.LTS\lib\rtsv7M4_T_le_v4SPD16_eabi.lib
       _printfi.obj                   4414    0         0      
       k_rem_pio2.obj                 1848    344       0      
       s_tan.obj                      1288    0         0      
       memory.obj                     976     0         12     
       k_tan.obj                      800     128       0      
       ull_div_t2.obj                 500     0         0      
       fd_add_t2.obj                  438     0         0      
       fd_div_t2.obj                  310     0         0      
       fd_cmp_t2.obj                  268     0         0      
       ctype.obj                      0       257       0      
       fd_mul_t2.obj                  252     0         0      
       s_scalbn.obj                   252     0         0      
       s_floor.obj                    248     0         0      
       memcpy_t2.obj                  156     0         0      
       vsnprintf.obj                  136     0         0      
       memset_t2.obj                  122     0         0      
       autoinit.obj                   112     0         0      
       copy_decompress_lzss.obj       104     0         0      
       s_frexp.obj                    100     0         0      
       exit.obj                       84      0         12     
       sprintf.obj                    96      0         0      
       boot.obj                       84      0         0      
       ltoa.obj                       84      0         0      
       atoi.obj                       76      0         0      
       cpy_tbl.obj                    76      0         0      
       fd_toi_t2.obj                  72      0         0      
       fd_tou_t2.obj                  68      0         0      
       fs_tod_t2.obj                  56      0         0      
       i_tofd_t2.obj                  46      0         0      
       u_tofd_t2.obj                  32      0         0      
       _lock.obj                      20      0         8      
       memccpy.obj                    28      0         0      
       args_main.obj                  24      0         0      
       strcmp.obj                     24      0         0      
       strchr.obj                     22      0         0      
       s_copysign.obj                 20      0         0      
       strcpy.obj                     20      0         0      
       strlen.obj                     20      0         0      
       copy_decompress_none.obj       14      0         0      
       copy_zero_init.obj             12      0         0      
       errno.obj                      0       0         4      
       pre_init.obj                   4       0         0      
       stkdepth_vars.obj              0       0         4      
       mpu_init.obj                   2       0         0      
       startup.obj                    2       0         0      
    +--+------------------------------+-------+---------+---------+
       Total:                         13310   729       40     
                                                               
       Heap:                          0       0         1024   
       Stack:                         0       0         2048   
       Linker Generated:              0       97        0      
    +--+------------------------------+-------+---------+---------+
       Grand Total:                   23634   1507      5370   


LINKER GENERATED COPY TABLES

__TI_cinit_table @ 00006238 records: 3, size/record: 8, table size: 24
	.data: load addr=000061e8, load size=0000002d bytes, run addr=20001498, run size=00000068 bytes, compression=lzss
	.bss: load addr=00006228, load size=00000008 bytes, run addr=20000a6c, run size=00000627 bytes, compression=zero_init
	.vtable: load addr=00006230, load size=00000008 bytes, run addr=20000000, run size=0000026c bytes, compression=zero_init


LINKER GENERATED HANDLER TABLE

__TI_handler_table @ 00006218 records: 3, size/record: 4, table size: 12
	index: 0, handler: __TI_zero_init
	index: 1, handler: __TI_decompress_lzss
	index: 2, handler: __TI_decompress_none


GLOBAL SYMBOLS: SORTED ALPHABETICALLY BY Name 

address   name                            
-------   ----                            
00005b21  C$$EXIT                         
00005ea3  CPUcpsie                        
00001ca3  GPIOF_Handler                   
00004f33  IR_ReadMM                       
00004ec1  IR_init                         
00005e75  IntMasterEnable                 
00005d25  IntRegister                     
00005ebb  ResetISR                        
UNDEFED   SHT$$INIT_ARRAY$$Base           
UNDEFED   SHT$$INIT_ARRAY$$Limit          
000044ef  UART1_Handler                   
00005519  WiFi_start                      
00005575  WiFi_stop                       
20000a6c  __STACK_END                     
00000800  __STACK_SIZE                    
2000046c  __STACK_TOP                     
00000400  __SYSMEM_SIZE                   
00006238  __TI_CINIT_Base                 
00006250  __TI_CINIT_Limit                
00006218  __TI_Handler_Table_Base         
00006224  __TI_Handler_Table_Limit        
00005931  __TI_auto_init                  
200014cc  __TI_cleanup_ptr                
000059a1  __TI_decompress_lzss            
00005e95  __TI_decompress_none            
200014d0  __TI_dtors_ptr                  
200014d4  __TI_enable_exit_profile_output 
ffffffff  __TI_pprof_out_hndl             
00000ab1  __TI_printfi                    
ffffffff  __TI_prof_data_size             
ffffffff  __TI_prof_data_start            
00000000  __TI_static_base__              
00005eaf  __TI_zero_init                  
000057a9  __aeabi_cdcmpeq                 
000057a9  __aeabi_cdcmple                 
0000582f  __aeabi_cdrcmple                
00005c61  __aeabi_d2iz                    
00005ca9  __aeabi_d2uiz                   
00004bbb  __aeabi_dadd                    
00005009  __aeabi_ddiv                    
0000513f  __aeabi_dmul                    
00004bb1  __aeabi_dsub                    
00005ced  __aeabi_f2d                     
00005d59  __aeabi_i2d                     
000058b5  __aeabi_memclr                  
000058b5  __aeabi_memclr4                 
000058b5  __aeabi_memclr8                 
000055f1  __aeabi_memcpy                  
000055f1  __aeabi_memcpy4                 
000055f1  __aeabi_memcpy8                 
000058b7  __aeabi_memset                  
000058b7  __aeabi_memset4                 
000058b7  __aeabi_memset8                 
00005d87  __aeabi_ui2d                    
000049bd  __aeabi_uldivmod                
ffffffff  __binit__                       
ffffffff  __c_args__                      
00001e31  __kernel_rem_pio2               
00003d4d  __kernel_tan                    
000013ab  __mpu_init                      
2000026c  __stack                         
00005ddd  _args_main                      
00005acd  _c_int00                        
00006028  _ctypes_                        
200014f0  _lock                           
00005e33  _nop                            
20001090  _prevButton                     
00005e2b  _register_lock                  
00005e25  _register_unlock                
00005583  _sendCommand                    
20001098  _sys_memory                     
000032e7  _system_post_cinit              
00005ec7  _system_pre_init                
200014f4  _unlock                         
0000485f  aaaa                            
00005b25  abort                           
00005bc9  atoi                            
ffffffff  binit                           
200014b0  boundary_f                      
200014af  bumpers_f                       
0000545d  button_checkButtons             
00005467  button_getButton                
000054ad  button_getButtonBlocking        
000054c1  button_getButtonChange          
000054eb  button_getButtonChangeBlocking  
00005431  button_init                     
00004755  calibration_test                
00003689  calloc                          
00002ad9  check_angle                     
00002d4d  check_boundary_f                
00002c8f  check_bumpers_f                 
00002b93  check_cliff_sensors             
00002b03  check_distance                  
00002a81  check_flags                     
200014ad  cliff_f                         
2000149c  clockwise                       
00005c15  copy_in                         
00005e39  copysign                        
00005e39  copysignl                       
00003b1b  counter_write                   
00003a1d  createObject                    
200014e4  current_distance                
200014ec  current_read                    
20000a6c  data                            
00004881  delta_with_overflow             
200014b1  drop_f                          
200014f8  errno                           
0000568d  exe_op                          
00005b2d  exit                            
00005339  floor                           
00005339  floorl                          
000033d3  free                            
00005a09  frexp                           
00005a09  frexpl                          
20000000  g_pfnRAMVectors                 
00000000  g_pfnVectors                    
00001cc5  getDegrees                      
00002e63  getFlags                        
00003bd5  getMinDegrees                   
00003bdd  getMinSize                      
00003bcf  getObjCount                     
00001a51  go_charge                       
000045b5  gpio_pb5_init                   
0000482d  gpio_ping_micros                
00004821  gpio_ping_off                   
00004815  gpio_ping_on                    
000047bd  gpio_read                       
000047d5  gpio_set_in                     
000047c9  gpio_set_out                    
00002edb  init_all                        
00002a71  init_flags                      
000048d5  input_capture_interrupt         
20001091  lastCharacter                   
200014ee  lastCharacterRead               
200014a0  lastIr                          
200014e8  last_distance                   
00005e85  lcd_clear                       
00004205  lcd_gotoLine                    
0000406d  lcd_init                        
0000426b  lcd_printf                      
0000412d  lcd_putc                        
00004165  lcd_puts                        
00004183  lcd_sendCommand                 
000041c1  lcd_sendNibble                  
0000422d  lcd_setCursorPos                
0000523d  ldexp                           
0000523d  ldexpl                          
00005b75  ltoa                            
00002f15  main                            
200014fc  main_func_sp                    
00003369  malloc                          
0000359d  memalign                        
00005da7  memccpy                         
000055f1  memcpy                          
000058bd  memset                          
200014a4  minDegrees                      
200014a8  minVal                          
000032e9  minit                           
0000377b  move_back_mm_at_speed           
000036b9  move_cm_at_full_speed           
00003731  move_mm_at_speed                
000037c9  move_mm_at_speed_until_collision
000036cd  move_stop                       
000036db  move_straight                   
20001088  newObjectEnd                    
2000108c  newObjectStart                  
20001498  objCount                        
00003be3  objCounterReset                 
000013ad  oi_alloc                        
00001b7b  oi_checkFirmware                
00001403  oi_close                        
000013b9  oi_free                         
000013ed  oi_init                         
000013c9  oi_init_noupdate                
000019e7  oi_loadSong                     
00005dc3  oi_parseInt                     
00001467  oi_parsePacket                  
00001a3d  oi_play_song                    
00001961  oi_setLeds                      
000019a5  oi_setWheels                    
00001c31  oi_shutoff_init                 
00001a5f  oi_uartInit                     
00001b03  oi_uartReceive                  
00001b49  oi_uartSendBuff                 
00001ae7  oi_uartSendChar                 
00001b2b  oi_uartSendStr                  
00001415  oi_update                       
000047e1  ping_gpioInit                   
000043b7  readLChar                       
000043bd  readLCharRead                   
000048ab  read_distance                   
00004865  read_ping_when_done             
00003495  realloc                         
00003bff  reset_direction                 
0000523d  scalbn                          
0000523d  scalbnl                         
0000463b  servo_bound_to                  
00004683  servo_set_degrees               
000046ff  servo_set_degrees_bounded       
000046c1  servo_set_degrees_scan          
000043c3  setLCharRead                    
00002b2d  set_drop_f                      
00005a6d  sprintf                         
20001092  state                           
200014ac  stop_flag                       
00005e0d  strchr                          
00005df5  strcmp                          
00005e4d  strcpy                          
00005e61  strlen                          
00003c39  sweep_and_send                  
00002569  tan                             
00002569  tanl                            
200014ae  target_f                        
000045f3  timer1_init                     
00004903  timer_3_init                    
00004e79  timer_getClock                  
00004e2d  timer_startClock                
00004dc7  timer_startTimer                
00004e7f  timer_stopClock                 
00004e17  timer_stopTimer                 
00004d9d  timer_waitMicros                
00004d69  timer_waitMillis                
000044ad  translate_and_transmit          
00004359  transmit_str                    
0000438b  transmit_str_num                
000039b3  turn                            
00003943  turn_left                       
000038db  turn_right                      
000043cb  uart_init                       
000044cd  uart_receive                    
0000451d  uart_receive2                   
00004545  uart_receive_last               
00004491  uart_transmit                   
00005721  vsnprintf                       
00002ec1  wifi_continue                   


GLOBAL SYMBOLS: SORTED BY Symbol Address 

address   name                            
-------   ----                            
00000000  __TI_static_base__              
00000000  g_pfnVectors                    
00000400  __SYSMEM_SIZE                   
00000800  __STACK_SIZE                    
00000ab1  __TI_printfi                    
000013ab  __mpu_init                      
000013ad  oi_alloc                        
000013b9  oi_free                         
000013c9  oi_init_noupdate                
000013ed  oi_init                         
00001403  oi_close                        
00001415  oi_update                       
00001467  oi_parsePacket                  
00001961  oi_setLeds                      
000019a5  oi_setWheels                    
000019e7  oi_loadSong                     
00001a3d  oi_play_song                    
00001a51  go_charge                       
00001a5f  oi_uartInit                     
00001ae7  oi_uartSendChar                 
00001b03  oi_uartReceive                  
00001b2b  oi_uartSendStr                  
00001b49  oi_uartSendBuff                 
00001b7b  oi_checkFirmware                
00001c31  oi_shutoff_init                 
00001ca3  GPIOF_Handler                   
00001cc5  getDegrees                      
00001e31  __kernel_rem_pio2               
00002569  tan                             
00002569  tanl                            
00002a71  init_flags                      
00002a81  check_flags                     
00002ad9  check_angle                     
00002b03  check_distance                  
00002b2d  set_drop_f                      
00002b93  check_cliff_sensors             
00002c8f  check_bumpers_f                 
00002d4d  check_boundary_f                
00002e63  getFlags                        
00002ec1  wifi_continue                   
00002edb  init_all                        
00002f15  main                            
000032e7  _system_post_cinit              
000032e9  minit                           
00003369  malloc                          
000033d3  free                            
00003495  realloc                         
0000359d  memalign                        
00003689  calloc                          
000036b9  move_cm_at_full_speed           
000036cd  move_stop                       
000036db  move_straight                   
00003731  move_mm_at_speed                
0000377b  move_back_mm_at_speed           
000037c9  move_mm_at_speed_until_collision
000038db  turn_right                      
00003943  turn_left                       
000039b3  turn                            
00003a1d  createObject                    
00003b1b  counter_write                   
00003bcf  getObjCount                     
00003bd5  getMinDegrees                   
00003bdd  getMinSize                      
00003be3  objCounterReset                 
00003bff  reset_direction                 
00003c39  sweep_and_send                  
00003d4d  __kernel_tan                    
0000406d  lcd_init                        
0000412d  lcd_putc                        
00004165  lcd_puts                        
00004183  lcd_sendCommand                 
000041c1  lcd_sendNibble                  
00004205  lcd_gotoLine                    
0000422d  lcd_setCursorPos                
0000426b  lcd_printf                      
00004359  transmit_str                    
0000438b  transmit_str_num                
000043b7  readLChar                       
000043bd  readLCharRead                   
000043c3  setLCharRead                    
000043cb  uart_init                       
00004491  uart_transmit                   
000044ad  translate_and_transmit          
000044cd  uart_receive                    
000044ef  UART1_Handler                   
0000451d  uart_receive2                   
00004545  uart_receive_last               
000045b5  gpio_pb5_init                   
000045f3  timer1_init                     
0000463b  servo_bound_to                  
00004683  servo_set_degrees               
000046c1  servo_set_degrees_scan          
000046ff  servo_set_degrees_bounded       
00004755  calibration_test                
000047bd  gpio_read                       
000047c9  gpio_set_out                    
000047d5  gpio_set_in                     
000047e1  ping_gpioInit                   
00004815  gpio_ping_on                    
00004821  gpio_ping_off                   
0000482d  gpio_ping_micros                
0000485f  aaaa                            
00004865  read_ping_when_done             
00004881  delta_with_overflow             
000048ab  read_distance                   
000048d5  input_capture_interrupt         
00004903  timer_3_init                    
000049bd  __aeabi_uldivmod                
00004bb1  __aeabi_dsub                    
00004bbb  __aeabi_dadd                    
00004d69  timer_waitMillis                
00004d9d  timer_waitMicros                
00004dc7  timer_startTimer                
00004e17  timer_stopTimer                 
00004e2d  timer_startClock                
00004e79  timer_getClock                  
00004e7f  timer_stopClock                 
00004ec1  IR_init                         
00004f33  IR_ReadMM                       
00005009  __aeabi_ddiv                    
0000513f  __aeabi_dmul                    
0000523d  ldexp                           
0000523d  ldexpl                          
0000523d  scalbn                          
0000523d  scalbnl                         
00005339  floor                           
00005339  floorl                          
00005431  button_init                     
0000545d  button_checkButtons             
00005467  button_getButton                
000054ad  button_getButtonBlocking        
000054c1  button_getButtonChange          
000054eb  button_getButtonChangeBlocking  
00005519  WiFi_start                      
00005575  WiFi_stop                       
00005583  _sendCommand                    
000055f1  __aeabi_memcpy                  
000055f1  __aeabi_memcpy4                 
000055f1  __aeabi_memcpy8                 
000055f1  memcpy                          
0000568d  exe_op                          
00005721  vsnprintf                       
000057a9  __aeabi_cdcmpeq                 
000057a9  __aeabi_cdcmple                 
0000582f  __aeabi_cdrcmple                
000058b5  __aeabi_memclr                  
000058b5  __aeabi_memclr4                 
000058b5  __aeabi_memclr8                 
000058b7  __aeabi_memset                  
000058b7  __aeabi_memset4                 
000058b7  __aeabi_memset8                 
000058bd  memset                          
00005931  __TI_auto_init                  
000059a1  __TI_decompress_lzss            
00005a09  frexp                           
00005a09  frexpl                          
00005a6d  sprintf                         
00005acd  _c_int00                        
00005b21  C$$EXIT                         
00005b25  abort                           
00005b2d  exit                            
00005b75  ltoa                            
00005bc9  atoi                            
00005c15  copy_in                         
00005c61  __aeabi_d2iz                    
00005ca9  __aeabi_d2uiz                   
00005ced  __aeabi_f2d                     
00005d25  IntRegister                     
00005d59  __aeabi_i2d                     
00005d87  __aeabi_ui2d                    
00005da7  memccpy                         
00005dc3  oi_parseInt                     
00005ddd  _args_main                      
00005df5  strcmp                          
00005e0d  strchr                          
00005e25  _register_unlock                
00005e2b  _register_lock                  
00005e33  _nop                            
00005e39  copysign                        
00005e39  copysignl                       
00005e4d  strcpy                          
00005e61  strlen                          
00005e75  IntMasterEnable                 
00005e85  lcd_clear                       
00005e95  __TI_decompress_none            
00005ea3  CPUcpsie                        
00005eaf  __TI_zero_init                  
00005ebb  ResetISR                        
00005ec7  _system_pre_init                
00006028  _ctypes_                        
00006218  __TI_Handler_Table_Base         
00006224  __TI_Handler_Table_Limit        
00006238  __TI_CINIT_Base                 
00006250  __TI_CINIT_Limit                
20000000  g_pfnRAMVectors                 
2000026c  __stack                         
2000046c  __STACK_TOP                     
20000a6c  __STACK_END                     
20000a6c  data                            
20001088  newObjectEnd                    
2000108c  newObjectStart                  
20001090  _prevButton                     
20001091  lastCharacter                   
20001092  state                           
20001098  _sys_memory                     
20001498  objCount                        
2000149c  clockwise                       
200014a0  lastIr                          
200014a4  minDegrees                      
200014a8  minVal                          
200014ac  stop_flag                       
200014ad  cliff_f                         
200014ae  target_f                        
200014af  bumpers_f                       
200014b0  boundary_f                      
200014b1  drop_f                          
200014cc  __TI_cleanup_ptr                
200014d0  __TI_dtors_ptr                  
200014d4  __TI_enable_exit_profile_output 
200014e4  current_distance                
200014e8  last_distance                   
200014ec  current_read                    
200014ee  lastCharacterRead               
200014f0  _lock                           
200014f4  _unlock                         
200014f8  errno                           
200014fc  main_func_sp                    
ffffffff  __TI_pprof_out_hndl             
ffffffff  __TI_prof_data_size             
ffffffff  __TI_prof_data_start            
ffffffff  __binit__                       
ffffffff  __c_args__                      
ffffffff  binit                           
UNDEFED   SHT$$INIT_ARRAY$$Base           
UNDEFED   SHT$$INIT_ARRAY$$Limit          

[235 symbols]
