******************************************************************************
                  TI ARM Linker PC v16.9.1                     
******************************************************************************
>> Linked Mon Nov 13 21:08:23 2017

OUTPUT FILE NAME:   <Final Project CyBot.out>
ENTRY POINT SYMBOL: "_c_int00"  address: 00004005


MEMORY CONFIGURATION

         name            origin    length      used     unused   attr    fill
----------------------  --------  ---------  --------  --------  ----  --------
  FLASH                 00000000   00040000  0000453a  0003bac6  R  X
  SRAM                  20000000   00008000  00000f1e  000070e2  RW X


SEGMENT ALLOCATION MAP

run origin  load origin   length   init length attrs members
----------  ----------- ---------- ----------- ----- -------
00000000    00000000    00004540   00004540    r-x
  00000000    00000000    0000026c   0000026c    r-- .intvecs
  0000026c    0000026c    0000415e   0000415e    r-x .text
  000043ca    000043ca    00000118   00000118    r-- .const
  000044e8    000044e8    00000058   00000058    r-- .cinit
20000000    20000000    00000f24   00000000    rw-
  20000000    20000000    0000026c   00000000    rw- .vtable
  2000026c    2000026c    00000800   00000000    rw- .stack
  20000a70    20000a70    00000400   00000000    rw- .sysmem
  20000e70    20000e70    0000006e   00000000    rw- .bss
  20000ee0    20000ee0    00000044   00000000    rw- .data


SECTION ALLOCATION MAP

 output                                  attributes/
section   page    origin      length       input sections
--------  ----  ----------  ----------   ----------------
.intvecs   0    00000000    0000026c     
                  00000000    0000026c     tm4c123gh6pm_startup_ccs.obj (.intvecs)

.text      0    0000026c    0000415e     
                  0000026c    0000113e     rtsv7M4_T_le_v4SPD16_eabi.lib : _printfi.obj (.text)
                  000013aa    00000002                                   : mpu_init.obj (.text)
                  000013ac    00000a84     open_interface.obj (.text)
                  00001e30    0000041c     helloworld.obj (.text)
                  0000224c    000003d0     rtsv7M4_T_le_v4SPD16_eabi.lib : memory.obj (.text)
                  0000261c    000002ec     lcd.obj (.text)
                  00002908    000002d4     movement.obj (.text)
                  00002bdc    00000214     uart.obj (.text)
                  00002df0    00000200     ping2.obj (.text)
                  00002ff0    000001f4     rtsv7M4_T_le_v4SPD16_eabi.lib : ull_div_t2.obj (.text)
                  000031e4    000001c8     servo.obj (.text)
                  000033ac    000001b6     rtsv7M4_T_le_v4SPD16_eabi.lib : fd_add_t2.obj (.text)
                  00003562    00000002                                   : startup.obj (.text)
                  00003564    00000158     timer.obj (.text)
                  000036bc    00000148     ir.obj (.text)
                  00003804    00000136     rtsv7M4_T_le_v4SPD16_eabi.lib : fd_div_t2.obj (.text)
                  0000393a    000000fc                                   : fd_mul_t2.obj (.text)
                  00003a36    00000002     --HOLE-- [fill = 0]
                  00003a38    000000fc                                   : s_scalbn.obj (.text)
                  00003b34    000000e8     button.obj (.text)
                  00003c1c    0000009c     rtsv7M4_T_le_v4SPD16_eabi.lib : memcpy_t2.obj (.text)
                  00003cb8    00000088                                   : vsnprintf.obj (.text)
                  00003d40    00000086                                   : fd_cmp_t2.obj (.text:__aeabi_cdcmple)
                  00003dc6    00000086                                   : fd_cmp_t2.obj (.text:__aeabi_cdrcmple)
                  00003e4c    0000007a                                   : memset_t2.obj (.text)
                  00003ec6    00000002     --HOLE-- [fill = 0]
                  00003ec8    00000070                                   : autoinit.obj (.text)
                  00003f38    00000068                                   : copy_decompress_lzss.obj (.text:decompress:lzss)
                  00003fa0    00000064                                   : s_frexp.obj (.text)
                  00004004    00000054                                   : boot.obj (.text)
                  00004058    00000054                                   : exit.obj (.text)
                  000040ac    00000054                                   : ltoa.obj (.text)
                  00004100    0000004c                                   : atoi.obj (.text)
                  0000414c    0000004c                                   : cpy_tbl.obj (.text)
                  00004198    00000048                                   : fd_toi_t2.obj (.text)
                  000041e0    00000044                                   : fd_tou_t2.obj (.text)
                  00004224    00000034     driverlib.lib : interrupt.obj (.text:IntRegister)
                  00004258    0000002e     rtsv7M4_T_le_v4SPD16_eabi.lib : i_tofd_t2.obj (.text)
                  00004286    00000020                                   : u_tofd_t2.obj (.text)
                  000042a6    0000001c                                   : memccpy.obj (.text)
                  000042c2    00000018     open_interface.obj (.text:oi_parseInt)
                  000042da    00000002     --HOLE-- [fill = 0]
                  000042dc    00000018     rtsv7M4_T_le_v4SPD16_eabi.lib : args_main.obj (.text)
                  000042f4    00000018                                   : strcmp.obj (.text)
                  0000430c    00000016                                   : strchr.obj (.text)
                  00004322    00000002     --HOLE-- [fill = 0]
                  00004324    00000014                                   : _lock.obj (.text)
                  00004338    00000014                                   : s_copysign.obj (.text)
                  0000434c    00000014                                   : strcpy.obj (.text)
                  00004360    00000014                                   : strlen.obj (.text)
                  00004374    00000010     driverlib.lib : interrupt.obj (.text:IntMasterEnable)
                  00004384    00000010     lcd.obj (.text:lcd_clear)
                  00004394    0000000e     rtsv7M4_T_le_v4SPD16_eabi.lib : copy_decompress_none.obj (.text:decompress:none)
                  000043a2    0000000c     driverlib.lib : cpu.obj (.text:CPUcpsie)
                  000043ae    0000000c     rtsv7M4_T_le_v4SPD16_eabi.lib : copy_zero_init.obj (.text:decompress:ZI)
                  000043ba    0000000c     tm4c123gh6pm_startup_ccs.obj (.text)
                  000043c6    00000004     rtsv7M4_T_le_v4SPD16_eabi.lib : pre_init.obj (.text)

.const     0    000043ca    00000118     
                  000043ca    00000101     rtsv7M4_T_le_v4SPD16_eabi.lib : ctype.obj (.const:.string:_ctypes_)
                  000044cb    0000000f     open_interface.obj (.const:.string:$P$T0$3)
                  000044da    00000004     lcd.obj (.const:.string:lineAddress$1)
                  000044de    00000004     lcd.obj (.const:.string:lineAddresses$2)

.cinit     0    000044e8    00000058     
                  000044e8    0000001f     (.cinit..data.load) [load image, compression = lzss]
                  00004507    00000001     --HOLE-- [fill = 0]
                  00004508    0000000c     (__TI_handler_table)
                  00004514    00000004     --HOLE-- [fill = 0]
                  00004518    00000008     (.cinit..bss.load) [load image, compression = zero_init]
                  00004520    00000008     (.cinit..vtable.load) [load image, compression = zero_init]
                  00004528    00000018     (__TI_cinit_table)

.init_array 
*          0    00000000    00000000     UNINITIALIZED

.vtable    0    20000000    0000026c     UNINITIALIZED
                  20000000    0000026c     driverlib.lib : interrupt.obj (.vtable)

.stack     0    2000026c    00000800     UNINITIALIZED
                  2000026c    00000800     --HOLE--

.sysmem    0    20000a70    00000400     UNINITIALIZED
                  20000a70    00000008     rtsv7M4_T_le_v4SPD16_eabi.lib : memory.obj (.sysmem)
                  20000a78    000003f8     --HOLE--

.bss       0    20000e70    0000006e     UNINITIALIZED
                  20000e70    00000054     lcd.obj (.bss:lastbuffer$3)
                  20000ec4    00000018     open_interface.obj (.bss:firmware$2)
                  20000edc    00000001     (.common:_prevButton)
                  20000edd    00000001     (.common:lastCharacter)

.data      0    20000ee0    00000044     UNINITIALIZED
                  20000ee0    00000010     open_interface.obj (.data)
                  20000ef0    0000000c     rtsv7M4_T_le_v4SPD16_eabi.lib : exit.obj (.data:$O1$$)
                  20000efc    0000000c                                   : memory.obj (.data:$O1$$)
                  20000f08    00000009     ping2.obj (.data)
                  20000f11    00000001     button.obj (.data)
                  20000f12    00000001     uart.obj (.data)
                  20000f13    00000001     --HOLE--
                  20000f14    00000008     rtsv7M4_T_le_v4SPD16_eabi.lib : _lock.obj (.data:$O1$$)
                  20000f1c    00000004                                   : errno.obj (.data)
                  20000f20    00000004                                   : stkdepth_vars.obj (.data)

MODULE SUMMARY

       Module                         code    ro data   rw data
       ------                         ----    -------   -------
    .\
       open_interface.obj             2716    15        40     
       helloworld.obj                 1052    0         0      
       lcd.obj                        764     8         84     
       movement.obj                   724     0         0      
       tm4c123gh6pm_startup_ccs.obj   12      620       0      
       uart.obj                       532     0         2      
       ping2.obj                      512     0         9      
       servo.obj                      456     0         0      
       timer.obj                      344     0         0      
       ir.obj                         328     0         0      
       button.obj                     232     0         2      
    +--+------------------------------+-------+---------+---------+
       Total:                         7672    643       137    
                                                               
    C:/ti/TivaWare_C_Series-2.1.2.111/driverlib/ccs/Debug/driverlib.lib
       interrupt.obj                  68      0         620    
       cpu.obj                        12      0         0      
    +--+------------------------------+-------+---------+---------+
       Total:                         80      0         620    
                                                               
    C:\ti\ccsv7\tools\compiler\ti-cgt-arm_16.9.1.LTS\lib\rtsv7M4_T_le_v4SPD16_eabi.lib
       _printfi.obj                   4414    0         0      
       memory.obj                     976     0         12     
       ull_div_t2.obj                 500     0         0      
       fd_add_t2.obj                  438     0         0      
       fd_div_t2.obj                  310     0         0      
       fd_cmp_t2.obj                  268     0         0      
       ctype.obj                      0       257       0      
       fd_mul_t2.obj                  252     0         0      
       s_scalbn.obj                   252     0         0      
       memcpy_t2.obj                  156     0         0      
       vsnprintf.obj                  136     0         0      
       memset_t2.obj                  122     0         0      
       autoinit.obj                   112     0         0      
       copy_decompress_lzss.obj       104     0         0      
       s_frexp.obj                    100     0         0      
       exit.obj                       84      0         12     
       boot.obj                       84      0         0      
       ltoa.obj                       84      0         0      
       atoi.obj                       76      0         0      
       cpy_tbl.obj                    76      0         0      
       fd_toi_t2.obj                  72      0         0      
       fd_tou_t2.obj                  68      0         0      
       i_tofd_t2.obj                  46      0         0      
       u_tofd_t2.obj                  32      0         0      
       _lock.obj                      20      0         8      
       memccpy.obj                    28      0         0      
       args_main.obj                  24      0         0      
       strcmp.obj                     24      0         0      
       strchr.obj                     22      0         0      
       s_copysign.obj                 20      0         0      
       strcpy.obj                     20      0         0      
       strlen.obj                     20      0         0      
       copy_decompress_none.obj       14      0         0      
       copy_zero_init.obj             12      0         0      
       errno.obj                      0       0         4      
       pre_init.obj                   4       0         0      
       stkdepth_vars.obj              0       0         4      
       mpu_init.obj                   2       0         0      
       startup.obj                    2       0         0      
    +--+------------------------------+-------+---------+---------+
       Total:                         8974    257       40     
                                                               
       Heap:                          0       0         1024   
       Stack:                         0       0         2048   
       Linker Generated:              0       83        0      
    +--+------------------------------+-------+---------+---------+
       Grand Total:                   16726   983       3869   


LINKER GENERATED COPY TABLES

__TI_cinit_table @ 00004528 records: 3, size/record: 8, table size: 24
	.data: load addr=000044e8, load size=0000001f bytes, run addr=20000ee0, run size=00000044 bytes, compression=lzss
	.bss: load addr=00004518, load size=00000008 bytes, run addr=20000e70, run size=0000006e bytes, compression=zero_init
	.vtable: load addr=00004520, load size=00000008 bytes, run addr=20000000, run size=0000026c bytes, compression=zero_init


LINKER GENERATED HANDLER TABLE

__TI_handler_table @ 00004508 records: 3, size/record: 4, table size: 12
	index: 0, handler: __TI_zero_init
	index: 1, handler: __TI_decompress_lzss
	index: 2, handler: __TI_decompress_none


GLOBAL SYMBOLS: SORTED ALPHABETICALLY BY Name 

address   name                            
-------   ----                            
00004059  C$$EXIT                         
000043a3  CPUcpsie                        
00001ca3  GPIOF_Handler                   
0000372f  IR_ReadMM                       
000036bd  IR_init                         
00004375  IntMasterEnable                 
00004225  IntRegister                     
000043bb  ResetISR                        
UNDEFED   SHT$$INIT_ARRAY$$Base           
UNDEFED   SHT$$INIT_ARRAY$$Limit          
00002d47  UART1_Handler                   
20000a6c  __STACK_END                     
00000800  __STACK_SIZE                    
2000046c  __STACK_TOP                     
00000400  __SYSMEM_SIZE                   
00004528  __TI_CINIT_Base                 
00004540  __TI_CINIT_Limit                
00004508  __TI_Handler_Table_Base         
00004514  __TI_Handler_Table_Limit        
00003ec9  __TI_auto_init                  
20000ef0  __TI_cleanup_ptr                
00003f39  __TI_decompress_lzss            
00004395  __TI_decompress_none            
20000ef4  __TI_dtors_ptr                  
20000ef8  __TI_enable_exit_profile_output 
ffffffff  __TI_pprof_out_hndl             
00000ab1  __TI_printfi                    
ffffffff  __TI_prof_data_size             
ffffffff  __TI_prof_data_start            
00000000  __TI_static_base__              
000043af  __TI_zero_init                  
00003d41  __aeabi_cdcmpeq                 
00003d41  __aeabi_cdcmple                 
00003dc7  __aeabi_cdrcmple                
00004199  __aeabi_d2iz                    
000041e1  __aeabi_d2uiz                   
000033b7  __aeabi_dadd                    
00003805  __aeabi_ddiv                    
0000393b  __aeabi_dmul                    
000033ad  __aeabi_dsub                    
00004259  __aeabi_i2d                     
00003e4d  __aeabi_memclr                  
00003e4d  __aeabi_memclr4                 
00003e4d  __aeabi_memclr8                 
00003c1d  __aeabi_memcpy                  
00003c1d  __aeabi_memcpy4                 
00003c1d  __aeabi_memcpy8                 
00003e4f  __aeabi_memset                  
00003e4f  __aeabi_memset4                 
00003e4f  __aeabi_memset8                 
00004287  __aeabi_ui2d                    
00002ff1  __aeabi_uldivmod                
ffffffff  __binit__                       
ffffffff  __c_args__                      
000013ab  __mpu_init                      
2000026c  __stack                         
000042dd  _args_main                      
00004005  _c_int00                        
000043ca  _ctypes_                        
20000f14  _lock                           
00004333  _nop                            
20000edc  _prevButton                     
0000432b  _register_lock                  
00004325  _register_unlock                
20000a70  _sys_memory                     
00003563  _system_post_cinit              
000043c7  _system_pre_init                
20000f18  _unlock                         
00002e93  aaaa                            
0000405d  abort                           
00004101  atoi                            
ffffffff  binit                           
00003b61  button_checkButtons             
00003b6b  button_getButton                
00003bb1  button_getButtonBlocking        
00003bc5  button_getButtonChange          
00003bef  button_getButtonChangeBlocking  
00003b35  button_init                     
00003347  calibration_test                
000025ed  calloc                          
0000414d  copy_in                         
00004339  copysign                        
00004339  copysignl                       
20000f08  current_distance                
20000f10  current_read                    
00002eb5  delta_with_overflow             
20000f1c  errno                           
00004065  exit                            
00002337  free                            
00003fa1  frexp                           
00003fa1  frexpl                          
20000000  g_pfnRAMVectors                 
00000000  g_pfnVectors                    
00001cc5  getDegrees                      
00001a51  go_charge                       
000031e5  gpio_pb5_init                   
00002e61  gpio_ping_micros                
00002e55  gpio_ping_off                   
00002e49  gpio_ping_on                    
00002df1  gpio_read                       
00002e09  gpio_set_in                     
00002dfd  gpio_set_out                    
00001e4b  init_all                        
00002f09  input_capture_interrupt         
20000edd  lastCharacter                   
20000f12  lastCharacterRead               
20000f0c  last_distance                   
00004385  lcd_clear                       
000027b5  lcd_gotoLine                    
0000261d  lcd_init                        
0000281b  lcd_printf                      
000026dd  lcd_putc                        
00002715  lcd_puts                        
00002733  lcd_sendCommand                 
00002771  lcd_sendNibble                  
000027dd  lcd_setCursorPos                
00003a39  ldexp                           
00003a39  ldexpl                          
000040ad  ltoa                            
00001e9b  main                            
20000f20  main_func_sp                    
000022cd  malloc                          
00002501  memalign                        
000042a7  memccpy                         
00003c1d  memcpy                          
00003e55  memset                          
0000224d  minit                           
00002ad3  move_at_speed                   
0000296d  move_back_mm_at_speed           
00002909  move_cm_at_full_speed           
0000291d  move_mm_at_speed                
000029c1  move_mm_at_speed_until_collision
00002ae7  move_stop                       
000013ad  oi_alloc                        
00001b7b  oi_checkFirmware                
00001403  oi_close                        
000013b9  oi_free                         
000013ed  oi_init                         
000013c9  oi_init_noupdate                
000019e7  oi_loadSong                     
000042c3  oi_parseInt                     
00001467  oi_parsePacket                  
00001a3d  oi_play_song                    
00001961  oi_setLeds                      
000019a5  oi_setWheels                    
00001c31  oi_shutoff_init                 
00001a5f  oi_uartInit                     
00001b03  oi_uartReceive                  
00001b49  oi_uartSendBuff                 
00001ae7  oi_uartSendChar                 
00001b2b  oi_uartSendStr                  
00001415  oi_update                       
00002e15  ping_gpioInit                   
00002c0f  readLChar                       
00002c15  readLCharRead                   
00001e73  readSensors                     
00002edf  read_distance                   
00002e99  read_ping_when_done             
000023f9  realloc                         
00003a39  scalbn                          
00003a39  scalbnl                         
0000326b  servo_bound_to                  
000032b3  servo_set_degrees               
000032f1  servo_set_degrees_bounded       
00002c1b  setLCharRead                    
0000430d  strchr                          
000042f5  strcmp                          
0000434d  strcpy                          
00004361  strlen                          
00003223  timer1_init                     
00002f37  timer_3_init                    
00003675  timer_getClock                  
00003629  timer_startClock                
000035c3  timer_startTimer                
0000367b  timer_stopClock                 
00003613  timer_stopTimer                 
00003599  timer_waitMicros                
00003565  timer_waitMillis                
00002d05  translate_and_transmit          
00002bdd  transmit_str                    
00002b53  turn_left                       
00002af3  turn_right                      
00002c23  uart_init                       
00002d25  uart_receive                    
00002d75  uart_receive2                   
00002ce9  uart_transmit                   
00003cb9  vsnprintf                       
00001e31  wifi_continue                   


GLOBAL SYMBOLS: SORTED BY Symbol Address 

address   name                            
-------   ----                            
00000000  __TI_static_base__              
00000000  g_pfnVectors                    
00000400  __SYSMEM_SIZE                   
00000800  __STACK_SIZE                    
00000ab1  __TI_printfi                    
000013ab  __mpu_init                      
000013ad  oi_alloc                        
000013b9  oi_free                         
000013c9  oi_init_noupdate                
000013ed  oi_init                         
00001403  oi_close                        
00001415  oi_update                       
00001467  oi_parsePacket                  
00001961  oi_setLeds                      
000019a5  oi_setWheels                    
000019e7  oi_loadSong                     
00001a3d  oi_play_song                    
00001a51  go_charge                       
00001a5f  oi_uartInit                     
00001ae7  oi_uartSendChar                 
00001b03  oi_uartReceive                  
00001b2b  oi_uartSendStr                  
00001b49  oi_uartSendBuff                 
00001b7b  oi_checkFirmware                
00001c31  oi_shutoff_init                 
00001ca3  GPIOF_Handler                   
00001cc5  getDegrees                      
00001e31  wifi_continue                   
00001e4b  init_all                        
00001e73  readSensors                     
00001e9b  main                            
0000224d  minit                           
000022cd  malloc                          
00002337  free                            
000023f9  realloc                         
00002501  memalign                        
000025ed  calloc                          
0000261d  lcd_init                        
000026dd  lcd_putc                        
00002715  lcd_puts                        
00002733  lcd_sendCommand                 
00002771  lcd_sendNibble                  
000027b5  lcd_gotoLine                    
000027dd  lcd_setCursorPos                
0000281b  lcd_printf                      
00002909  move_cm_at_full_speed           
0000291d  move_mm_at_speed                
0000296d  move_back_mm_at_speed           
000029c1  move_mm_at_speed_until_collision
00002ad3  move_at_speed                   
00002ae7  move_stop                       
00002af3  turn_right                      
00002b53  turn_left                       
00002bdd  transmit_str                    
00002c0f  readLChar                       
00002c15  readLCharRead                   
00002c1b  setLCharRead                    
00002c23  uart_init                       
00002ce9  uart_transmit                   
00002d05  translate_and_transmit          
00002d25  uart_receive                    
00002d47  UART1_Handler                   
00002d75  uart_receive2                   
00002df1  gpio_read                       
00002dfd  gpio_set_out                    
00002e09  gpio_set_in                     
00002e15  ping_gpioInit                   
00002e49  gpio_ping_on                    
00002e55  gpio_ping_off                   
00002e61  gpio_ping_micros                
00002e93  aaaa                            
00002e99  read_ping_when_done             
00002eb5  delta_with_overflow             
00002edf  read_distance                   
00002f09  input_capture_interrupt         
00002f37  timer_3_init                    
00002ff1  __aeabi_uldivmod                
000031e5  gpio_pb5_init                   
00003223  timer1_init                     
0000326b  servo_bound_to                  
000032b3  servo_set_degrees               
000032f1  servo_set_degrees_bounded       
00003347  calibration_test                
000033ad  __aeabi_dsub                    
000033b7  __aeabi_dadd                    
00003563  _system_post_cinit              
00003565  timer_waitMillis                
00003599  timer_waitMicros                
000035c3  timer_startTimer                
00003613  timer_stopTimer                 
00003629  timer_startClock                
00003675  timer_getClock                  
0000367b  timer_stopClock                 
000036bd  IR_init                         
0000372f  IR_ReadMM                       
00003805  __aeabi_ddiv                    
0000393b  __aeabi_dmul                    
00003a39  ldexp                           
00003a39  ldexpl                          
00003a39  scalbn                          
00003a39  scalbnl                         
00003b35  button_init                     
00003b61  button_checkButtons             
00003b6b  button_getButton                
00003bb1  button_getButtonBlocking        
00003bc5  button_getButtonChange          
00003bef  button_getButtonChangeBlocking  
00003c1d  __aeabi_memcpy                  
00003c1d  __aeabi_memcpy4                 
00003c1d  __aeabi_memcpy8                 
00003c1d  memcpy                          
00003cb9  vsnprintf                       
00003d41  __aeabi_cdcmpeq                 
00003d41  __aeabi_cdcmple                 
00003dc7  __aeabi_cdrcmple                
00003e4d  __aeabi_memclr                  
00003e4d  __aeabi_memclr4                 
00003e4d  __aeabi_memclr8                 
00003e4f  __aeabi_memset                  
00003e4f  __aeabi_memset4                 
00003e4f  __aeabi_memset8                 
00003e55  memset                          
00003ec9  __TI_auto_init                  
00003f39  __TI_decompress_lzss            
00003fa1  frexp                           
00003fa1  frexpl                          
00004005  _c_int00                        
00004059  C$$EXIT                         
0000405d  abort                           
00004065  exit                            
000040ad  ltoa                            
00004101  atoi                            
0000414d  copy_in                         
00004199  __aeabi_d2iz                    
000041e1  __aeabi_d2uiz                   
00004225  IntRegister                     
00004259  __aeabi_i2d                     
00004287  __aeabi_ui2d                    
000042a7  memccpy                         
000042c3  oi_parseInt                     
000042dd  _args_main                      
000042f5  strcmp                          
0000430d  strchr                          
00004325  _register_unlock                
0000432b  _register_lock                  
00004333  _nop                            
00004339  copysign                        
00004339  copysignl                       
0000434d  strcpy                          
00004361  strlen                          
00004375  IntMasterEnable                 
00004385  lcd_clear                       
00004395  __TI_decompress_none            
000043a3  CPUcpsie                        
000043af  __TI_zero_init                  
000043bb  ResetISR                        
000043c7  _system_pre_init                
000043ca  _ctypes_                        
00004508  __TI_Handler_Table_Base         
00004514  __TI_Handler_Table_Limit        
00004528  __TI_CINIT_Base                 
00004540  __TI_CINIT_Limit                
20000000  g_pfnRAMVectors                 
2000026c  __stack                         
2000046c  __STACK_TOP                     
20000a6c  __STACK_END                     
20000a70  _sys_memory                     
20000edc  _prevButton                     
20000edd  lastCharacter                   
20000ef0  __TI_cleanup_ptr                
20000ef4  __TI_dtors_ptr                  
20000ef8  __TI_enable_exit_profile_output 
20000f08  current_distance                
20000f0c  last_distance                   
20000f10  current_read                    
20000f12  lastCharacterRead               
20000f14  _lock                           
20000f18  _unlock                         
20000f1c  errno                           
20000f20  main_func_sp                    
ffffffff  __TI_pprof_out_hndl             
ffffffff  __TI_prof_data_size             
ffffffff  __TI_prof_data_start            
ffffffff  __binit__                       
ffffffff  __c_args__                      
ffffffff  binit                           
UNDEFED   SHT$$INIT_ARRAY$$Base           
UNDEFED   SHT$$INIT_ARRAY$$Limit          

[188 symbols]
