******************************************************************************
                  TI ARM Linker PC v16.9.1                     
******************************************************************************
>> Linked Tue Aug 29 13:58:46 2017

OUTPUT FILE NAME:   <helloworld.out>
ENTRY POINT SYMBOL: "_c_int00"  address: 0000238d


MEMORY CONFIGURATION

         name            origin    length      used     unused   attr    fill
----------------------  --------  ---------  --------  --------  ----  --------
  FLASH                 00000000   00040000  000027c7  0003d839  R  X
  SRAM                  20000000   00008000  00000870  00007790  RW X


SEGMENT ALLOCATION MAP

run origin  load origin   length   init length attrs members
----------  ----------- ---------- ----------- ----- -------
00000000    00000000    000027c8   000027c8    r-x
  00000000    00000000    0000026c   0000026c    r-- .intvecs
  0000026c    0000026c    0000241a   0000241a    r-x .text
  00002686    00002686    00000109   00000109    r-- .const
  00002790    00002790    00000038   00000038    r-- .cinit
20000000    20000000    00000870   00000000    rw-
  20000000    20000000    00000800   00000000    rw- .stack
  20000800    20000800    00000054   00000000    rw- .bss
  20000854    20000854    0000001c   00000000    rw- .data


SECTION ALLOCATION MAP

 output                                  attributes/
section   page    origin      length       input sections
--------  ----  ----------  ----------   ----------------
.intvecs   0    00000000    0000026c     
                  00000000    0000026c     tm4c123gh6pm_startup_ccs.obj (.intvecs)

.text      0    0000026c    0000241a     
                  0000026c    0000113e     rtsv7M4_T_le_v4SPD16_eabi.lib : _printfi.obj (.text)
                  000013aa    00000002                                   : mpu_init.obj (.text)
                  000013ac    000002ec     lcd.obj (.text)
                  00001698    000001f4     rtsv7M4_T_le_v4SPD16_eabi.lib : ull_div_t2.obj (.text)
                  0000188c    000001b6                                   : fd_add_t2.obj (.text)
                  00001a42    00000002                                   : startup.obj (.text)
                  00001a44    00000158     timer.obj (.text)
                  00001b9c    00000136     rtsv7M4_T_le_v4SPD16_eabi.lib : fd_div_t2.obj (.text)
                  00001cd2    000000fc                                   : fd_mul_t2.obj (.text)
                  00001dce    00000002     --HOLE-- [fill = 0]
                  00001dd0    000000fc                                   : s_scalbn.obj (.text)
                  00001ecc    000000d8     helloworld.obj (.text)
                  00001fa4    0000009c     rtsv7M4_T_le_v4SPD16_eabi.lib : memcpy_t2.obj (.text)
                  00002040    00000088                                   : vsnprintf.obj (.text)
                  000020c8    00000086                                   : fd_cmp_t2.obj (.text:__aeabi_cdcmple)
                  0000214e    00000086                                   : fd_cmp_t2.obj (.text:__aeabi_cdrcmple)
                  000021d4    0000007a                                   : memset_t2.obj (.text)
                  0000224e    00000002     --HOLE-- [fill = 0]
                  00002250    00000070                                   : autoinit.obj (.text)
                  000022c0    00000068                                   : copy_decompress_lzss.obj (.text:decompress:lzss)
                  00002328    00000064                                   : s_frexp.obj (.text)
                  0000238c    00000054                                   : boot.obj (.text)
                  000023e0    00000054                                   : exit.obj (.text)
                  00002434    00000054                                   : ltoa.obj (.text)
                  00002488    0000004c                                   : atoi.obj (.text)
                  000024d4    0000004c                                   : cpy_tbl.obj (.text)
                  00002520    00000048                                   : fd_toi_t2.obj (.text)
                  00002568    0000002e                                   : i_tofd_t2.obj (.text)
                  00002596    0000001c                                   : memccpy.obj (.text)
                  000025b2    00000002     --HOLE-- [fill = 0]
                  000025b4    00000018                                   : args_main.obj (.text)
                  000025cc    00000018                                   : strcmp.obj (.text)
                  000025e4    00000016                                   : strchr.obj (.text)
                  000025fa    00000002     --HOLE-- [fill = 0]
                  000025fc    00000014                                   : _lock.obj (.text)
                  00002610    00000014                                   : s_copysign.obj (.text)
                  00002624    00000014                                   : strcpy.obj (.text)
                  00002638    00000014                                   : strlen.obj (.text)
                  0000264c    00000010     lcd.obj (.text:lcd_clear)
                  0000265c    0000000e     rtsv7M4_T_le_v4SPD16_eabi.lib : copy_decompress_none.obj (.text:decompress:none)
                  0000266a    0000000c                                   : copy_zero_init.obj (.text:decompress:ZI)
                  00002676    0000000c     tm4c123gh6pm_startup_ccs.obj (.text)
                  00002682    00000004     rtsv7M4_T_le_v4SPD16_eabi.lib : pre_init.obj (.text)

.const     0    00002686    00000109     
                  00002686    00000101     rtsv7M4_T_le_v4SPD16_eabi.lib : ctype.obj (.const:.string:_ctypes_)
                  00002787    00000004     lcd.obj (.const:.string:lineAddress$1)
                  0000278b    00000004     lcd.obj (.const:.string:lineAddresses$2)

.cinit     0    00002790    00000038     
                  00002790    00000011     (.cinit..data.load) [load image, compression = lzss]
                  000027a1    00000003     --HOLE-- [fill = 0]
                  000027a4    0000000c     (__TI_handler_table)
                  000027b0    00000008     (.cinit..bss.load) [load image, compression = zero_init]
                  000027b8    00000010     (__TI_cinit_table)

.init_array 
*          0    00000000    00000000     UNINITIALIZED

.stack     0    20000000    00000800     UNINITIALIZED
                  20000000    00000800     --HOLE--

.bss       0    20000800    00000054     UNINITIALIZED
                  20000800    00000054     lcd.obj (.bss:lastbuffer$3)

.data      0    20000854    0000001c     UNINITIALIZED
                  20000854    0000000c     rtsv7M4_T_le_v4SPD16_eabi.lib : exit.obj (.data:$O1$$)
                  20000860    00000008                                   : _lock.obj (.data:$O1$$)
                  20000868    00000004                                   : errno.obj (.data)
                  2000086c    00000004                                   : stkdepth_vars.obj (.data)

MODULE SUMMARY

       Module                         code   ro data   rw data
       ------                         ----   -------   -------
    .\
       lcd.obj                        764    8         84     
       tm4c123gh6pm_startup_ccs.obj   12     620       0      
       timer.obj                      344    0         0      
       helloworld.obj                 216    0         0      
    +--+------------------------------+------+---------+---------+
       Total:                         1336   628       84     
                                                              
    C:\ti\ccsv7\tools\compiler\ti-cgt-arm_16.9.1.LTS\lib\rtsv7M4_T_le_v4SPD16_eabi.lib
       _printfi.obj                   4414   0         0      
       ull_div_t2.obj                 500    0         0      
       fd_add_t2.obj                  438    0         0      
       fd_div_t2.obj                  310    0         0      
       fd_cmp_t2.obj                  268    0         0      
       ctype.obj                      0      257       0      
       fd_mul_t2.obj                  252    0         0      
       s_scalbn.obj                   252    0         0      
       memcpy_t2.obj                  156    0         0      
       vsnprintf.obj                  136    0         0      
       memset_t2.obj                  122    0         0      
       autoinit.obj                   112    0         0      
       copy_decompress_lzss.obj       104    0         0      
       s_frexp.obj                    100    0         0      
       exit.obj                       84     0         12     
       boot.obj                       84     0         0      
       ltoa.obj                       84     0         0      
       atoi.obj                       76     0         0      
       cpy_tbl.obj                    76     0         0      
       fd_toi_t2.obj                  72     0         0      
       i_tofd_t2.obj                  46     0         0      
       _lock.obj                      20     0         8      
       memccpy.obj                    28     0         0      
       args_main.obj                  24     0         0      
       strcmp.obj                     24     0         0      
       strchr.obj                     22     0         0      
       s_copysign.obj                 20     0         0      
       strcpy.obj                     20     0         0      
       strlen.obj                     20     0         0      
       copy_decompress_none.obj       14     0         0      
       copy_zero_init.obj             12     0         0      
       errno.obj                      0      0         4      
       pre_init.obj                   4      0         0      
       stkdepth_vars.obj              0      0         4      
       mpu_init.obj                   2      0         0      
       startup.obj                    2      0         0      
    +--+------------------------------+------+---------+---------+
       Total:                         7898   257       28     
                                                              
       Stack:                         0      0         2048   
       Linker Generated:              0      53        0      
    +--+------------------------------+------+---------+---------+
       Grand Total:                   9234   938       2160   


LINKER GENERATED COPY TABLES

__TI_cinit_table @ 000027b8 records: 2, size/record: 8, table size: 16
	.data: load addr=00002790, load size=00000011 bytes, run addr=20000854, run size=0000001c bytes, compression=lzss
	.bss: load addr=000027b0, load size=00000008 bytes, run addr=20000800, run size=00000054 bytes, compression=zero_init


LINKER GENERATED HANDLER TABLE

__TI_handler_table @ 000027a4 records: 3, size/record: 4, table size: 12
	index: 0, handler: __TI_decompress_lzss
	index: 1, handler: __TI_decompress_none
	index: 2, handler: __TI_zero_init


GLOBAL SYMBOLS: SORTED ALPHABETICALLY BY Name 

address   name                           
-------   ----                           
000023e1  C$$EXIT                        
00002677  ResetISR                       
UNDEFED   SHT$$INIT_ARRAY$$Base          
UNDEFED   SHT$$INIT_ARRAY$$Limit         
20000800  __STACK_END                    
00000800  __STACK_SIZE                   
20000200  __STACK_TOP                    
000027b8  __TI_CINIT_Base                
000027c8  __TI_CINIT_Limit               
000027a4  __TI_Handler_Table_Base        
000027b0  __TI_Handler_Table_Limit       
00002251  __TI_auto_init                 
20000854  __TI_cleanup_ptr               
000022c1  __TI_decompress_lzss           
0000265d  __TI_decompress_none           
20000858  __TI_dtors_ptr                 
2000085c  __TI_enable_exit_profile_output
ffffffff  __TI_pprof_out_hndl            
00000ab1  __TI_printfi                   
ffffffff  __TI_prof_data_size            
ffffffff  __TI_prof_data_start           
00000000  __TI_static_base__             
0000266b  __TI_zero_init                 
000020c9  __aeabi_cdcmpeq                
000020c9  __aeabi_cdcmple                
0000214f  __aeabi_cdrcmple               
00002521  __aeabi_d2iz                   
00001897  __aeabi_dadd                   
00001b9d  __aeabi_ddiv                   
00001cd3  __aeabi_dmul                   
0000188d  __aeabi_dsub                   
00002569  __aeabi_i2d                    
000021d5  __aeabi_memclr                 
000021d5  __aeabi_memclr4                
000021d5  __aeabi_memclr8                
00001fa5  __aeabi_memcpy                 
00001fa5  __aeabi_memcpy4                
00001fa5  __aeabi_memcpy8                
000021d7  __aeabi_memset                 
000021d7  __aeabi_memset4                
000021d7  __aeabi_memset8                
00001699  __aeabi_uldivmod               
ffffffff  __binit__                      
ffffffff  __c_args__                     
000013ab  __mpu_init                     
20000000  __stack                        
000025b5  _args_main                     
0000238d  _c_int00                       
00002686  _ctypes_                       
20000860  _lock                          
0000260b  _nop                           
00002603  _register_lock                 
000025fd  _register_unlock               
00001a43  _system_post_cinit             
00002683  _system_pre_init               
20000864  _unlock                        
000023e5  abort                          
00002489  atoi                           
ffffffff  binit                          
000024d5  copy_in                        
00002611  copysign                       
00002611  copysignl                      
20000868  errno                          
000023ed  exit                           
00002329  frexp                          
00002329  frexpl                         
00000000  g_pfnVectors                   
0000264d  lcd_clear                      
00001545  lcd_gotoLine                   
000013ad  lcd_init                       
000015ab  lcd_printf                     
0000146d  lcd_putc                       
000014a5  lcd_puts                       
000014c3  lcd_sendCommand                
00001501  lcd_sendNibble                 
0000156d  lcd_setCursorPos               
00001dd1  ldexp                          
00001dd1  ldexpl                         
00002435  ltoa                           
00001f7f  main                           
2000086c  main_func_sp                   
00002597  memccpy                        
00001fa5  memcpy                         
000021dd  memset                         
00001f4b  printChars                     
00001ecd  printMessage                   
00001dd1  scalbn                         
00001dd1  scalbnl                        
000025e5  strchr                         
000025cd  strcmp                         
00002625  strcpy                         
00002639  strlen                         
00001b55  timer_getClock                 
00001b09  timer_startClock               
00001aa3  timer_startTimer               
00001b5b  timer_stopClock                
00001af3  timer_stopTimer                
00001a79  timer_waitMicros               
00001a45  timer_waitMillis               
00002041  vsnprintf                      


GLOBAL SYMBOLS: SORTED BY Symbol Address 

address   name                           
-------   ----                           
00000000  __TI_static_base__             
00000000  g_pfnVectors                   
00000800  __STACK_SIZE                   
00000ab1  __TI_printfi                   
000013ab  __mpu_init                     
000013ad  lcd_init                       
0000146d  lcd_putc                       
000014a5  lcd_puts                       
000014c3  lcd_sendCommand                
00001501  lcd_sendNibble                 
00001545  lcd_gotoLine                   
0000156d  lcd_setCursorPos               
000015ab  lcd_printf                     
00001699  __aeabi_uldivmod               
0000188d  __aeabi_dsub                   
00001897  __aeabi_dadd                   
00001a43  _system_post_cinit             
00001a45  timer_waitMillis               
00001a79  timer_waitMicros               
00001aa3  timer_startTimer               
00001af3  timer_stopTimer                
00001b09  timer_startClock               
00001b55  timer_getClock                 
00001b5b  timer_stopClock                
00001b9d  __aeabi_ddiv                   
00001cd3  __aeabi_dmul                   
00001dd1  ldexp                          
00001dd1  ldexpl                         
00001dd1  scalbn                         
00001dd1  scalbnl                        
00001ecd  printMessage                   
00001f4b  printChars                     
00001f7f  main                           
00001fa5  __aeabi_memcpy                 
00001fa5  __aeabi_memcpy4                
00001fa5  __aeabi_memcpy8                
00001fa5  memcpy                         
00002041  vsnprintf                      
000020c9  __aeabi_cdcmpeq                
000020c9  __aeabi_cdcmple                
0000214f  __aeabi_cdrcmple               
000021d5  __aeabi_memclr                 
000021d5  __aeabi_memclr4                
000021d5  __aeabi_memclr8                
000021d7  __aeabi_memset                 
000021d7  __aeabi_memset4                
000021d7  __aeabi_memset8                
000021dd  memset                         
00002251  __TI_auto_init                 
000022c1  __TI_decompress_lzss           
00002329  frexp                          
00002329  frexpl                         
0000238d  _c_int00                       
000023e1  C$$EXIT                        
000023e5  abort                          
000023ed  exit                           
00002435  ltoa                           
00002489  atoi                           
000024d5  copy_in                        
00002521  __aeabi_d2iz                   
00002569  __aeabi_i2d                    
00002597  memccpy                        
000025b5  _args_main                     
000025cd  strcmp                         
000025e5  strchr                         
000025fd  _register_unlock               
00002603  _register_lock                 
0000260b  _nop                           
00002611  copysign                       
00002611  copysignl                      
00002625  strcpy                         
00002639  strlen                         
0000264d  lcd_clear                      
0000265d  __TI_decompress_none           
0000266b  __TI_zero_init                 
00002677  ResetISR                       
00002683  _system_pre_init               
00002686  _ctypes_                       
000027a4  __TI_Handler_Table_Base        
000027b0  __TI_Handler_Table_Limit       
000027b8  __TI_CINIT_Base                
000027c8  __TI_CINIT_Limit               
20000000  __stack                        
20000200  __STACK_TOP                    
20000800  __STACK_END                    
20000854  __TI_cleanup_ptr               
20000858  __TI_dtors_ptr                 
2000085c  __TI_enable_exit_profile_output
20000860  _lock                          
20000864  _unlock                        
20000868  errno                          
2000086c  main_func_sp                   
ffffffff  __TI_pprof_out_hndl            
ffffffff  __TI_prof_data_size            
ffffffff  __TI_prof_data_start           
ffffffff  __binit__                      
ffffffff  __c_args__                     
ffffffff  binit                          
UNDEFED   SHT$$INIT_ARRAY$$Base          
UNDEFED   SHT$$INIT_ARRAY$$Limit         

[100 symbols]
