******************************************************************************
                  TI ARM Linker PC v16.9.1                     
******************************************************************************
>> Linked Tue Oct 03 12:35:34 2017

OUTPUT FILE NAME:   <Serial UART WIFI.out>
ENTRY POINT SYMBOL: "_c_int00"  address: 000026b5


MEMORY CONFIGURATION

         name            origin    length      used     unused   attr    fill
----------------------  --------  ---------  --------  --------  ----  --------
  FLASH                 00000000   00040000  00002b7b  0003d485  R  X
  SRAM                  20000000   00008000  00000ae0  00007520  RW X


SEGMENT ALLOCATION MAP

run origin  load origin   length   init length attrs members
----------  ----------- ---------- ----------- ----- -------
00000000    00000000    00002b80   00002b80    r-x
  00000000    00000000    0000026c   0000026c    r-- .intvecs
  0000026c    0000026c    000027be   000027be    r-x .text
  00002a2a    00002a2a    00000109   00000109    r-- .const
  00002b38    00002b38    00000048   00000048    r-- .cinit
20000000    20000000    00000ae2   00000000    rw-
  20000000    20000000    0000026c   00000000    rw- .vtable
  2000026c    2000026c    00000800   00000000    rw- .stack
  20000a6c    20000a6c    00000056   00000000    rw- .bss
  20000ac4    20000ac4    0000001e   00000000    rw- .data


SECTION ALLOCATION MAP

 output                                  attributes/
section   page    origin      length       input sections
--------  ----  ----------  ----------   ----------------
.intvecs   0    00000000    0000026c     
                  00000000    0000026c     tm4c123gh6pm_startup_ccs.obj (.intvecs)

.text      0    0000026c    000027be     
                  0000026c    0000113e     rtsv7M4_T_le_v4SPD16_eabi.lib : _printfi.obj (.text)
                  000013aa    00000002                                   : mpu_init.obj (.text)
                  000013ac    00000318     helloworld.obj (.text)
                  000016c4    000002ec     lcd.obj (.text)
                  000019b0    000001f4     rtsv7M4_T_le_v4SPD16_eabi.lib : ull_div_t2.obj (.text)
                  00001ba4    000001b6                                   : fd_add_t2.obj (.text)
                  00001d5a    00000002                                   : startup.obj (.text)
                  00001d5c    00000158     timer.obj (.text)
                  00001eb4    00000136     rtsv7M4_T_le_v4SPD16_eabi.lib : fd_div_t2.obj (.text)
                  00001fea    000000fc                                   : fd_mul_t2.obj (.text)
                  000020e6    00000002     --HOLE-- [fill = 0]
                  000020e8    000000fc                                   : s_scalbn.obj (.text)
                  000021e4    000000e8     button.obj (.text)
                  000022cc    0000009c     rtsv7M4_T_le_v4SPD16_eabi.lib : memcpy_t2.obj (.text)
                  00002368    00000088                                   : vsnprintf.obj (.text)
                  000023f0    00000086                                   : fd_cmp_t2.obj (.text:__aeabi_cdcmple)
                  00002476    00000086                                   : fd_cmp_t2.obj (.text:__aeabi_cdrcmple)
                  000024fc    0000007a                                   : memset_t2.obj (.text)
                  00002576    00000002     --HOLE-- [fill = 0]
                  00002578    00000070                                   : autoinit.obj (.text)
                  000025e8    00000068                                   : copy_decompress_lzss.obj (.text:decompress:lzss)
                  00002650    00000064                                   : s_frexp.obj (.text)
                  000026b4    00000054                                   : boot.obj (.text)
                  00002708    00000054                                   : exit.obj (.text)
                  0000275c    00000054                                   : ltoa.obj (.text)
                  000027b0    0000004c                                   : atoi.obj (.text)
                  000027fc    0000004c                                   : cpy_tbl.obj (.text)
                  00002848    00000048                                   : fd_toi_t2.obj (.text)
                  00002890    00000034     driverlib.lib : interrupt.obj (.text:IntRegister)
                  000028c4    0000002e     rtsv7M4_T_le_v4SPD16_eabi.lib : i_tofd_t2.obj (.text)
                  000028f2    0000002e                                   : strncat.obj (.text)
                  00002920    0000001c                                   : memccpy.obj (.text)
                  0000293c    00000018                                   : args_main.obj (.text)
                  00002954    00000018                                   : strcmp.obj (.text)
                  0000296c    00000016                                   : strchr.obj (.text)
                  00002982    00000002     --HOLE-- [fill = 0]
                  00002984    00000014                                   : _lock.obj (.text)
                  00002998    00000014                                   : s_copysign.obj (.text)
                  000029ac    00000014                                   : strcpy.obj (.text)
                  000029c0    00000014                                   : strlen.obj (.text)
                  000029d4    00000010     driverlib.lib : interrupt.obj (.text:IntMasterEnable)
                  000029e4    00000010     lcd.obj (.text:lcd_clear)
                  000029f4    0000000e     rtsv7M4_T_le_v4SPD16_eabi.lib : copy_decompress_none.obj (.text:decompress:none)
                  00002a02    0000000c     driverlib.lib : cpu.obj (.text:CPUcpsie)
                  00002a0e    0000000c     rtsv7M4_T_le_v4SPD16_eabi.lib : copy_zero_init.obj (.text:decompress:ZI)
                  00002a1a    0000000c     tm4c123gh6pm_startup_ccs.obj (.text)
                  00002a26    00000004     rtsv7M4_T_le_v4SPD16_eabi.lib : pre_init.obj (.text)

.const     0    00002a2a    00000109     
                  00002a2a    00000101     rtsv7M4_T_le_v4SPD16_eabi.lib : ctype.obj (.const:.string:_ctypes_)
                  00002b2b    00000004     lcd.obj (.const:.string:lineAddress$1)
                  00002b2f    00000004     lcd.obj (.const:.string:lineAddresses$2)

.cinit     0    00002b38    00000048     
                  00002b38    00000012     (.cinit..data.load) [load image, compression = lzss]
                  00002b4a    00000002     --HOLE-- [fill = 0]
                  00002b4c    0000000c     (__TI_handler_table)
                  00002b58    00000008     (.cinit..bss.load) [load image, compression = zero_init]
                  00002b60    00000008     (.cinit..vtable.load) [load image, compression = zero_init]
                  00002b68    00000018     (__TI_cinit_table)

.init_array 
*          0    00000000    00000000     UNINITIALIZED

.vtable    0    20000000    0000026c     UNINITIALIZED
                  20000000    0000026c     driverlib.lib : interrupt.obj (.vtable)

.stack     0    2000026c    00000800     UNINITIALIZED
                  2000026c    00000800     --HOLE--

.bss       0    20000a6c    00000056     UNINITIALIZED
                  20000a6c    00000054     lcd.obj (.bss:lastbuffer$3)
                  20000ac0    00000001     (.common:_prevButton)
                  20000ac1    00000001     (.common:lastCharacter)

.data      0    20000ac4    0000001e     UNINITIALIZED
                  20000ac4    0000000c     rtsv7M4_T_le_v4SPD16_eabi.lib : exit.obj (.data:$O1$$)
                  20000ad0    00000008                                   : _lock.obj (.data:$O1$$)
                  20000ad8    00000004                                   : errno.obj (.data)
                  20000adc    00000004                                   : stkdepth_vars.obj (.data)
                  20000ae0    00000001     button.obj (.data)
                  20000ae1    00000001     helloworld.obj (.data)

MODULE SUMMARY

       Module                         code    ro data   rw data
       ------                         ----    -------   -------
    .\
       lcd.obj                        764     8         84     
       helloworld.obj                 792     0         2      
       tm4c123gh6pm_startup_ccs.obj   12      620       0      
       timer.obj                      344     0         0      
       button.obj                     232     0         2      
    +--+------------------------------+-------+---------+---------+
       Total:                         2144    628       88     
                                                               
    C:/ti/TivaWare_C_Series-2.1.2.111/driverlib/ccs/Debug/driverlib.lib
       interrupt.obj                  68      0         620    
       cpu.obj                        12      0         0      
    +--+------------------------------+-------+---------+---------+
       Total:                         80      0         620    
                                                               
    C:\ti\ccsv7\tools\compiler\ti-cgt-arm_16.9.1.LTS\lib\rtsv7M4_T_le_v4SPD16_eabi.lib
       _printfi.obj                   4414    0         0      
       ull_div_t2.obj                 500     0         0      
       fd_add_t2.obj                  438     0         0      
       fd_div_t2.obj                  310     0         0      
       fd_cmp_t2.obj                  268     0         0      
       ctype.obj                      0       257       0      
       fd_mul_t2.obj                  252     0         0      
       s_scalbn.obj                   252     0         0      
       memcpy_t2.obj                  156     0         0      
       vsnprintf.obj                  136     0         0      
       memset_t2.obj                  122     0         0      
       autoinit.obj                   112     0         0      
       copy_decompress_lzss.obj       104     0         0      
       s_frexp.obj                    100     0         0      
       exit.obj                       84      0         12     
       boot.obj                       84      0         0      
       ltoa.obj                       84      0         0      
       atoi.obj                       76      0         0      
       cpy_tbl.obj                    76      0         0      
       fd_toi_t2.obj                  72      0         0      
       i_tofd_t2.obj                  46      0         0      
       strncat.obj                    46      0         0      
       _lock.obj                      20      0         8      
       memccpy.obj                    28      0         0      
       args_main.obj                  24      0         0      
       strcmp.obj                     24      0         0      
       strchr.obj                     22      0         0      
       s_copysign.obj                 20      0         0      
       strcpy.obj                     20      0         0      
       strlen.obj                     20      0         0      
       copy_decompress_none.obj       14      0         0      
       copy_zero_init.obj             12      0         0      
       errno.obj                      0       0         4      
       pre_init.obj                   4       0         0      
       stkdepth_vars.obj              0       0         4      
       mpu_init.obj                   2       0         0      
       startup.obj                    2       0         0      
    +--+------------------------------+-------+---------+---------+
       Total:                         7944    257       28     
                                                               
       Stack:                         0       0         2048   
       Linker Generated:              0       70        0      
    +--+------------------------------+-------+---------+---------+
       Grand Total:                   10168   955       2784   


LINKER GENERATED COPY TABLES

__TI_cinit_table @ 00002b68 records: 3, size/record: 8, table size: 24
	.data: load addr=00002b38, load size=00000012 bytes, run addr=20000ac4, run size=0000001e bytes, compression=lzss
	.bss: load addr=00002b58, load size=00000008 bytes, run addr=20000a6c, run size=00000056 bytes, compression=zero_init
	.vtable: load addr=00002b60, load size=00000008 bytes, run addr=20000000, run size=0000026c bytes, compression=zero_init


LINKER GENERATED HANDLER TABLE

__TI_handler_table @ 00002b4c records: 3, size/record: 4, table size: 12
	index: 0, handler: __TI_zero_init
	index: 1, handler: __TI_decompress_lzss
	index: 2, handler: __TI_decompress_none


GLOBAL SYMBOLS: SORTED ALPHABETICALLY BY Name 

address   name                           
-------   ----                           
00002709  C$$EXIT                        
00002a03  CPUcpsie                       
000029d5  IntMasterEnable                
00002891  IntRegister                    
00002a1b  ResetISR                       
UNDEFED   SHT$$INIT_ARRAY$$Base          
UNDEFED   SHT$$INIT_ARRAY$$Limit         
0000140b  UART1_Handler                  
20000a6c  __STACK_END                    
00000800  __STACK_SIZE                   
2000046c  __STACK_TOP                    
00002b68  __TI_CINIT_Base                
00002b80  __TI_CINIT_Limit               
00002b4c  __TI_Handler_Table_Base        
00002b58  __TI_Handler_Table_Limit       
00002579  __TI_auto_init                 
20000ac4  __TI_cleanup_ptr               
000025e9  __TI_decompress_lzss           
000029f5  __TI_decompress_none           
20000ac8  __TI_dtors_ptr                 
20000acc  __TI_enable_exit_profile_output
ffffffff  __TI_pprof_out_hndl            
00000ab1  __TI_printfi                   
ffffffff  __TI_prof_data_size            
ffffffff  __TI_prof_data_start           
00000000  __TI_static_base__             
00002a0f  __TI_zero_init                 
000023f1  __aeabi_cdcmpeq                
000023f1  __aeabi_cdcmple                
00002477  __aeabi_cdrcmple               
00002849  __aeabi_d2iz                   
00001baf  __aeabi_dadd                   
00001eb5  __aeabi_ddiv                   
00001feb  __aeabi_dmul                   
00001ba5  __aeabi_dsub                   
000028c5  __aeabi_i2d                    
000024fd  __aeabi_memclr                 
000024fd  __aeabi_memclr4                
000024fd  __aeabi_memclr8                
000022cd  __aeabi_memcpy                 
000022cd  __aeabi_memcpy4                
000022cd  __aeabi_memcpy8                
000024ff  __aeabi_memset                 
000024ff  __aeabi_memset4                
000024ff  __aeabi_memset8                
000019b1  __aeabi_uldivmod               
ffffffff  __binit__                      
ffffffff  __c_args__                     
000013ab  __mpu_init                     
2000026c  __stack                        
0000293d  _args_main                     
000026b5  _c_int00                       
00002a2a  _ctypes_                       
20000ad0  _lock                          
00002993  _nop                           
20000ac0  _prevButton                    
0000298b  _register_lock                 
00002985  _register_unlock               
00001d5b  _system_post_cinit             
00002a27  _system_pre_init               
20000ad4  _unlock                        
0000270d  abort                          
000027b1  atoi                           
ffffffff  binit                          
00002211  button_checkButtons            
0000221b  button_getButton               
00002261  button_getButtonBlocking       
00002275  button_getButtonChange         
0000229f  button_getButtonChangeBlocking 
000021e5  button_init                    
00001531  clearStr                       
000027fd  copy_in                        
00002999  copysign                       
00002999  copysignl                      
20000ad8  errno                          
00002715  exit                           
00002651  frexp                          
00002651  frexpl                         
20000000  g_pfnRAMVectors                
00000000  g_pfnVectors                   
20000ac1  lastCharacter                  
20000ae1  lastCharacterRead              
000029e5  lcd_clear                      
0000185d  lcd_gotoLine                   
000016c5  lcd_init                       
000018c3  lcd_printf                     
00001785  lcd_putc                       
000017bd  lcd_puts                       
000017db  lcd_sendCommand                
00001819  lcd_sendNibble                 
00001885  lcd_setCursorPos               
000020e9  ldexp                          
000020e9  ldexpl                         
0000275d  ltoa                           
0000155f  main                           
20000adc  main_func_sp                   
00002921  memccpy                        
000022cd  memcpy                         
00002505  memset                         
000020e9  scalbn                         
000020e9  scalbnl                        
0000296d  strchr                         
00002955  strcmp                         
000029ad  strcpy                         
000029c1  strlen                         
000028f3  strncat                        
00001e6d  timer_getClock                 
00001e21  timer_startClock               
00001dbb  timer_startTimer               
00001e73  timer_stopClock                
00001e0b  timer_stopTimer                
00001d91  timer_waitMicros               
00001d5d  timer_waitMillis               
000013c9  translate_and_transmit         
000014ff  transmit_str                   
00001439  uart_init                      
000013e9  uart_receive                   
000013ad  uart_transmit                  
00002369  vsnprintf                      


GLOBAL SYMBOLS: SORTED BY Symbol Address 

address   name                           
-------   ----                           
00000000  __TI_static_base__             
00000000  g_pfnVectors                   
00000800  __STACK_SIZE                   
00000ab1  __TI_printfi                   
000013ab  __mpu_init                     
000013ad  uart_transmit                  
000013c9  translate_and_transmit         
000013e9  uart_receive                   
0000140b  UART1_Handler                  
00001439  uart_init                      
000014ff  transmit_str                   
00001531  clearStr                       
0000155f  main                           
000016c5  lcd_init                       
00001785  lcd_putc                       
000017bd  lcd_puts                       
000017db  lcd_sendCommand                
00001819  lcd_sendNibble                 
0000185d  lcd_gotoLine                   
00001885  lcd_setCursorPos               
000018c3  lcd_printf                     
000019b1  __aeabi_uldivmod               
00001ba5  __aeabi_dsub                   
00001baf  __aeabi_dadd                   
00001d5b  _system_post_cinit             
00001d5d  timer_waitMillis               
00001d91  timer_waitMicros               
00001dbb  timer_startTimer               
00001e0b  timer_stopTimer                
00001e21  timer_startClock               
00001e6d  timer_getClock                 
00001e73  timer_stopClock                
00001eb5  __aeabi_ddiv                   
00001feb  __aeabi_dmul                   
000020e9  ldexp                          
000020e9  ldexpl                         
000020e9  scalbn                         
000020e9  scalbnl                        
000021e5  button_init                    
00002211  button_checkButtons            
0000221b  button_getButton               
00002261  button_getButtonBlocking       
00002275  button_getButtonChange         
0000229f  button_getButtonChangeBlocking 
000022cd  __aeabi_memcpy                 
000022cd  __aeabi_memcpy4                
000022cd  __aeabi_memcpy8                
000022cd  memcpy                         
00002369  vsnprintf                      
000023f1  __aeabi_cdcmpeq                
000023f1  __aeabi_cdcmple                
00002477  __aeabi_cdrcmple               
000024fd  __aeabi_memclr                 
000024fd  __aeabi_memclr4                
000024fd  __aeabi_memclr8                
000024ff  __aeabi_memset                 
000024ff  __aeabi_memset4                
000024ff  __aeabi_memset8                
00002505  memset                         
00002579  __TI_auto_init                 
000025e9  __TI_decompress_lzss           
00002651  frexp                          
00002651  frexpl                         
000026b5  _c_int00                       
00002709  C$$EXIT                        
0000270d  abort                          
00002715  exit                           
0000275d  ltoa                           
000027b1  atoi                           
000027fd  copy_in                        
00002849  __aeabi_d2iz                   
00002891  IntRegister                    
000028c5  __aeabi_i2d                    
000028f3  strncat                        
00002921  memccpy                        
0000293d  _args_main                     
00002955  strcmp                         
0000296d  strchr                         
00002985  _register_unlock               
0000298b  _register_lock                 
00002993  _nop                           
00002999  copysign                       
00002999  copysignl                      
000029ad  strcpy                         
000029c1  strlen                         
000029d5  IntMasterEnable                
000029e5  lcd_clear                      
000029f5  __TI_decompress_none           
00002a03  CPUcpsie                       
00002a0f  __TI_zero_init                 
00002a1b  ResetISR                       
00002a27  _system_pre_init               
00002a2a  _ctypes_                       
00002b4c  __TI_Handler_Table_Base        
00002b58  __TI_Handler_Table_Limit       
00002b68  __TI_CINIT_Base                
00002b80  __TI_CINIT_Limit               
20000000  g_pfnRAMVectors                
2000026c  __stack                        
2000046c  __STACK_TOP                    
20000a6c  __STACK_END                    
20000ac0  _prevButton                    
20000ac1  lastCharacter                  
20000ac4  __TI_cleanup_ptr               
20000ac8  __TI_dtors_ptr                 
20000acc  __TI_enable_exit_profile_output
20000ad0  _lock                          
20000ad4  _unlock                        
20000ad8  errno                          
20000adc  main_func_sp                   
20000ae1  lastCharacterRead              
ffffffff  __TI_pprof_out_hndl            
ffffffff  __TI_prof_data_size            
ffffffff  __TI_prof_data_start           
ffffffff  __binit__                      
ffffffff  __c_args__                     
ffffffff  binit                          
UNDEFED   SHT$$INIT_ARRAY$$Base          
UNDEFED   SHT$$INIT_ARRAY$$Limit         

[119 symbols]
