******************************************************************************
                  TI ARM Linker PC v16.9.1                     
******************************************************************************
>> Linked Tue Oct 24 12:41:06 2017

OUTPUT FILE NAME:   <Servo Position Control with PWM.out>
ENTRY POINT SYMBOL: "_c_int00"  address: 00002785


MEMORY CONFIGURATION

         name            origin    length      used     unused   attr    fill
----------------------  --------  ---------  --------  --------  ----  --------
  FLASH                 00000000   00040000  00002bf7  0003d409  R  X
  SRAM                  20000000   00008000  00000872  0000778e  RW X


SEGMENT ALLOCATION MAP

run origin  load origin   length   init length attrs members
----------  ----------- ---------- ----------- ----- -------
00000000    00000000    00002bf8   00002bf8    r-x
  00000000    00000000    0000026c   0000026c    r-- .intvecs
  0000026c    0000026c    0000284a   0000284a    r-x .text
  00002ab6    00002ab6    00000109   00000109    r-- .const
  00002bc0    00002bc0    00000038   00000038    r-- .cinit
20000000    20000000    00000875   00000000    rw-
  20000000    20000000    00000800   00000000    rw- .stack
  20000800    20000800    00000055   00000000    rw- .bss
  20000858    20000858    0000001d   00000000    rw- .data


SECTION ALLOCATION MAP

 output                                  attributes/
section   page    origin      length       input sections
--------  ----  ----------  ----------   ----------------
.intvecs   0    00000000    0000026c     
                  00000000    0000026c     tm4c123gh6pm_startup_ccs.obj (.intvecs)

.text      0    0000026c    0000284a     
                  0000026c    0000113e     rtsv7M4_T_le_v4SPD16_eabi.lib : _printfi.obj (.text)
                  000013aa    00000002                                   : mpu_init.obj (.text)
                  000013ac    000002ec     lcd.obj (.text)
                  00001698    000001f4     rtsv7M4_T_le_v4SPD16_eabi.lib : ull_div_t2.obj (.text)
                  0000188c    000001c8     servo.obj (.text)
                  00001a54    000001b6     rtsv7M4_T_le_v4SPD16_eabi.lib : fd_add_t2.obj (.text)
                  00001c0a    00000002                                   : startup.obj (.text)
                  00001c0c    000001b0     helloworld.obj (.text)
                  00001dbc    00000158     timer.obj (.text)
                  00001f14    00000136     rtsv7M4_T_le_v4SPD16_eabi.lib : fd_div_t2.obj (.text)
                  0000204a    000000fc                                   : fd_mul_t2.obj (.text)
                  00002146    00000002     --HOLE-- [fill = 0]
                  00002148    000000fc                                   : s_scalbn.obj (.text)
                  00002244    000000e8     button.obj (.text)
                  0000232c    0000009c     rtsv7M4_T_le_v4SPD16_eabi.lib : memcpy_t2.obj (.text)
                  000023c8    00000088                                   : vsnprintf.obj (.text)
                  00002450    00000086                                   : fd_cmp_t2.obj (.text:__aeabi_cdcmple)
                  000024d6    00000086                                   : fd_cmp_t2.obj (.text:__aeabi_cdrcmple)
                  0000255c    0000007a                                   : memset_t2.obj (.text)
                  000025d6    00000002     --HOLE-- [fill = 0]
                  000025d8    00000070                                   : autoinit.obj (.text)
                  00002648    0000006e                                   : fd_tos_t2.obj (.text)
                  000026b6    00000068                                   : copy_decompress_lzss.obj (.text:decompress:lzss)
                  0000271e    00000002     --HOLE-- [fill = 0]
                  00002720    00000064                                   : s_frexp.obj (.text)
                  00002784    00000054                                   : boot.obj (.text)
                  000027d8    00000054                                   : exit.obj (.text)
                  0000282c    00000054                                   : ltoa.obj (.text)
                  00002880    0000004c                                   : atoi.obj (.text)
                  000028cc    0000004c                                   : cpy_tbl.obj (.text)
                  00002918    00000048                                   : fd_toi_t2.obj (.text)
                  00002960    00000038                                   : fs_tod_t2.obj (.text)
                  00002998    0000002e                                   : i_tofd_t2.obj (.text)
                  000029c6    0000001c                                   : memccpy.obj (.text)
                  000029e2    00000002     --HOLE-- [fill = 0]
                  000029e4    00000018                                   : args_main.obj (.text)
                  000029fc    00000018                                   : strcmp.obj (.text)
                  00002a14    00000016                                   : strchr.obj (.text)
                  00002a2a    00000002     --HOLE-- [fill = 0]
                  00002a2c    00000014                                   : _lock.obj (.text)
                  00002a40    00000014                                   : s_copysign.obj (.text)
                  00002a54    00000014                                   : strcpy.obj (.text)
                  00002a68    00000014                                   : strlen.obj (.text)
                  00002a7c    00000010     lcd.obj (.text:lcd_clear)
                  00002a8c    0000000e     rtsv7M4_T_le_v4SPD16_eabi.lib : copy_decompress_none.obj (.text:decompress:none)
                  00002a9a    0000000c                                   : copy_zero_init.obj (.text:decompress:ZI)
                  00002aa6    0000000c     tm4c123gh6pm_startup_ccs.obj (.text)
                  00002ab2    00000004     rtsv7M4_T_le_v4SPD16_eabi.lib : pre_init.obj (.text)

.const     0    00002ab6    00000109     
                  00002ab6    00000101     rtsv7M4_T_le_v4SPD16_eabi.lib : ctype.obj (.const:.string:_ctypes_)
                  00002bb7    00000004     lcd.obj (.const:.string:lineAddress$1)
                  00002bbb    00000004     lcd.obj (.const:.string:lineAddresses$2)

.cinit     0    00002bc0    00000038     
                  00002bc0    00000011     (.cinit..data.load) [load image, compression = lzss]
                  00002bd1    00000003     --HOLE-- [fill = 0]
                  00002bd4    0000000c     (__TI_handler_table)
                  00002be0    00000008     (.cinit..bss.load) [load image, compression = zero_init]
                  00002be8    00000010     (__TI_cinit_table)

.init_array 
*          0    00000000    00000000     UNINITIALIZED

.stack     0    20000000    00000800     UNINITIALIZED
                  20000000    00000800     --HOLE--

.bss       0    20000800    00000055     UNINITIALIZED
                  20000800    00000054     lcd.obj (.bss:lastbuffer$3)
                  20000854    00000001     (.common:_prevButton)

.data      0    20000858    0000001d     UNINITIALIZED
                  20000858    0000000c     rtsv7M4_T_le_v4SPD16_eabi.lib : exit.obj (.data:$O1$$)
                  20000864    00000008                                   : _lock.obj (.data:$O1$$)
                  2000086c    00000004                                   : errno.obj (.data)
                  20000870    00000004                                   : stkdepth_vars.obj (.data)
                  20000874    00000001     button.obj (.data)

MODULE SUMMARY

       Module                         code    ro data   rw data
       ------                         ----    -------   -------
    .\
       lcd.obj                        764     8         84     
       tm4c123gh6pm_startup_ccs.obj   12      620       0      
       servo.obj                      456     0         0      
       helloworld.obj                 432     0         0      
       timer.obj                      344     0         0      
       button.obj                     232     0         2      
    +--+------------------------------+-------+---------+---------+
       Total:                         2240    628       86     
                                                               
    C:\ti\ccsv7\tools\compiler\ti-cgt-arm_16.9.1.LTS\lib\rtsv7M4_T_le_v4SPD16_eabi.lib
       _printfi.obj                   4414    0         0      
       ull_div_t2.obj                 500     0         0      
       fd_add_t2.obj                  438     0         0      
       fd_div_t2.obj                  310     0         0      
       fd_cmp_t2.obj                  268     0         0      
       ctype.obj                      0       257       0      
       fd_mul_t2.obj                  252     0         0      
       s_scalbn.obj                   252     0         0      
       memcpy_t2.obj                  156     0         0      
       vsnprintf.obj                  136     0         0      
       memset_t2.obj                  122     0         0      
       autoinit.obj                   112     0         0      
       fd_tos_t2.obj                  110     0         0      
       copy_decompress_lzss.obj       104     0         0      
       s_frexp.obj                    100     0         0      
       exit.obj                       84      0         12     
       boot.obj                       84      0         0      
       ltoa.obj                       84      0         0      
       atoi.obj                       76      0         0      
       cpy_tbl.obj                    76      0         0      
       fd_toi_t2.obj                  72      0         0      
       fs_tod_t2.obj                  56      0         0      
       i_tofd_t2.obj                  46      0         0      
       _lock.obj                      20      0         8      
       memccpy.obj                    28      0         0      
       args_main.obj                  24      0         0      
       strcmp.obj                     24      0         0      
       strchr.obj                     22      0         0      
       s_copysign.obj                 20      0         0      
       strcpy.obj                     20      0         0      
       strlen.obj                     20      0         0      
       copy_decompress_none.obj       14      0         0      
       copy_zero_init.obj             12      0         0      
       errno.obj                      0       0         4      
       pre_init.obj                   4       0         0      
       stkdepth_vars.obj              0       0         4      
       mpu_init.obj                   2       0         0      
       startup.obj                    2       0         0      
    +--+------------------------------+-------+---------+---------+
       Total:                         8064    257       28     
                                                               
       Stack:                         0       0         2048   
       Linker Generated:              0       53        0      
    +--+------------------------------+-------+---------+---------+
       Grand Total:                   10304   938       2162   


LINKER GENERATED COPY TABLES

__TI_cinit_table @ 00002be8 records: 2, size/record: 8, table size: 16
	.data: load addr=00002bc0, load size=00000011 bytes, run addr=20000858, run size=0000001d bytes, compression=lzss
	.bss: load addr=00002be0, load size=00000008 bytes, run addr=20000800, run size=00000055 bytes, compression=zero_init


LINKER GENERATED HANDLER TABLE

__TI_handler_table @ 00002bd4 records: 3, size/record: 4, table size: 12
	index: 0, handler: __TI_decompress_lzss
	index: 1, handler: __TI_decompress_none
	index: 2, handler: __TI_zero_init


GLOBAL SYMBOLS: SORTED ALPHABETICALLY BY Name 

address   name                           
-------   ----                           
000027d9  C$$EXIT                        
00002aa7  ResetISR                       
UNDEFED   SHT$$INIT_ARRAY$$Base          
UNDEFED   SHT$$INIT_ARRAY$$Limit         
20000800  __STACK_END                    
00000800  __STACK_SIZE                   
20000200  __STACK_TOP                    
00002be8  __TI_CINIT_Base                
00002bf8  __TI_CINIT_Limit               
00002bd4  __TI_Handler_Table_Base        
00002be0  __TI_Handler_Table_Limit       
000025d9  __TI_auto_init                 
20000858  __TI_cleanup_ptr               
000026b7  __TI_decompress_lzss           
00002a8d  __TI_decompress_none           
2000085c  __TI_dtors_ptr                 
20000860  __TI_enable_exit_profile_output
ffffffff  __TI_pprof_out_hndl            
00000ab1  __TI_printfi                   
ffffffff  __TI_prof_data_size            
ffffffff  __TI_prof_data_start           
00000000  __TI_static_base__             
00002a9b  __TI_zero_init                 
00002451  __aeabi_cdcmpeq                
00002451  __aeabi_cdcmple                
000024d7  __aeabi_cdrcmple               
00002649  __aeabi_d2f                    
00002919  __aeabi_d2iz                   
00001a5f  __aeabi_dadd                   
00001f15  __aeabi_ddiv                   
0000204b  __aeabi_dmul                   
00001a55  __aeabi_dsub                   
00002961  __aeabi_f2d                    
00002999  __aeabi_i2d                    
0000255d  __aeabi_memclr                 
0000255d  __aeabi_memclr4                
0000255d  __aeabi_memclr8                
0000232d  __aeabi_memcpy                 
0000232d  __aeabi_memcpy4                
0000232d  __aeabi_memcpy8                
0000255f  __aeabi_memset                 
0000255f  __aeabi_memset4                
0000255f  __aeabi_memset8                
00001699  __aeabi_uldivmod               
ffffffff  __binit__                      
ffffffff  __c_args__                     
000013ab  __mpu_init                     
20000000  __stack                        
000029e5  _args_main                     
00002785  _c_int00                       
00002ab6  _ctypes_                       
20000864  _lock                          
00002a3b  _nop                           
20000854  _prevButton                    
00002a33  _register_lock                 
00002a2d  _register_unlock               
00001c0b  _system_post_cinit             
00002ab3  _system_pre_init               
20000868  _unlock                        
000027dd  abort                          
00002881  atoi                           
ffffffff  binit                          
00001c0d  bound_to                       
00002271  button_checkButtons            
0000227b  button_getButton               
000022c1  button_getButtonBlocking       
000022d5  button_getButtonChange         
000022ff  button_getButtonChangeBlocking 
00002245  button_init                    
000019ef  calibration_test               
000028cd  copy_in                        
00002a41  copysign                       
00002a41  copysignl                      
2000086c  errno                          
000027e5  exit                           
00002721  frexp                          
00002721  frexpl                         
00000000  g_pfnVectors                   
0000188d  gpio_pb5_init                  
00002a7d  lcd_clear                      
00001545  lcd_gotoLine                   
000013ad  lcd_init                       
000015ab  lcd_printf                     
0000146d  lcd_putc                       
000014a5  lcd_puts                       
000014c3  lcd_sendCommand                
00001501  lcd_sendNibble                 
0000156d  lcd_setCursorPos               
00002149  ldexp                          
00002149  ldexpl                         
0000282d  ltoa                           
00001c55  main                           
20000870  main_func_sp                   
000029c7  memccpy                        
0000232d  memcpy                         
00002565  memset                         
00002149  scalbn                         
00002149  scalbnl                        
00001913  servo_bound_to                 
0000195b  servo_set_degrees              
00001999  servo_set_degrees_bounded      
00002a15  strchr                         
000029fd  strcmp                         
00002a55  strcpy                         
00002a69  strlen                         
000018cb  timer1_init                    
00001ecd  timer_getClock                 
00001e81  timer_startClock               
00001e1b  timer_startTimer               
00001ed3  timer_stopClock                
00001e6b  timer_stopTimer                
00001df1  timer_waitMicros               
00001dbd  timer_waitMillis               
000023c9  vsnprintf                      


GLOBAL SYMBOLS: SORTED BY Symbol Address 

address   name                           
-------   ----                           
00000000  __TI_static_base__             
00000000  g_pfnVectors                   
00000800  __STACK_SIZE                   
00000ab1  __TI_printfi                   
000013ab  __mpu_init                     
000013ad  lcd_init                       
0000146d  lcd_putc                       
000014a5  lcd_puts                       
000014c3  lcd_sendCommand                
00001501  lcd_sendNibble                 
00001545  lcd_gotoLine                   
0000156d  lcd_setCursorPos               
000015ab  lcd_printf                     
00001699  __aeabi_uldivmod               
0000188d  gpio_pb5_init                  
000018cb  timer1_init                    
00001913  servo_bound_to                 
0000195b  servo_set_degrees              
00001999  servo_set_degrees_bounded      
000019ef  calibration_test               
00001a55  __aeabi_dsub                   
00001a5f  __aeabi_dadd                   
00001c0b  _system_post_cinit             
00001c0d  bound_to                       
00001c55  main                           
00001dbd  timer_waitMillis               
00001df1  timer_waitMicros               
00001e1b  timer_startTimer               
00001e6b  timer_stopTimer                
00001e81  timer_startClock               
00001ecd  timer_getClock                 
00001ed3  timer_stopClock                
00001f15  __aeabi_ddiv                   
0000204b  __aeabi_dmul                   
00002149  ldexp                          
00002149  ldexpl                         
00002149  scalbn                         
00002149  scalbnl                        
00002245  button_init                    
00002271  button_checkButtons            
0000227b  button_getButton               
000022c1  button_getButtonBlocking       
000022d5  button_getButtonChange         
000022ff  button_getButtonChangeBlocking 
0000232d  __aeabi_memcpy                 
0000232d  __aeabi_memcpy4                
0000232d  __aeabi_memcpy8                
0000232d  memcpy                         
000023c9  vsnprintf                      
00002451  __aeabi_cdcmpeq                
00002451  __aeabi_cdcmple                
000024d7  __aeabi_cdrcmple               
0000255d  __aeabi_memclr                 
0000255d  __aeabi_memclr4                
0000255d  __aeabi_memclr8                
0000255f  __aeabi_memset                 
0000255f  __aeabi_memset4                
0000255f  __aeabi_memset8                
00002565  memset                         
000025d9  __TI_auto_init                 
00002649  __aeabi_d2f                    
000026b7  __TI_decompress_lzss           
00002721  frexp                          
00002721  frexpl                         
00002785  _c_int00                       
000027d9  C$$EXIT                        
000027dd  abort                          
000027e5  exit                           
0000282d  ltoa                           
00002881  atoi                           
000028cd  copy_in                        
00002919  __aeabi_d2iz                   
00002961  __aeabi_f2d                    
00002999  __aeabi_i2d                    
000029c7  memccpy                        
000029e5  _args_main                     
000029fd  strcmp                         
00002a15  strchr                         
00002a2d  _register_unlock               
00002a33  _register_lock                 
00002a3b  _nop                           
00002a41  copysign                       
00002a41  copysignl                      
00002a55  strcpy                         
00002a69  strlen                         
00002a7d  lcd_clear                      
00002a8d  __TI_decompress_none           
00002a9b  __TI_zero_init                 
00002aa7  ResetISR                       
00002ab3  _system_pre_init               
00002ab6  _ctypes_                       
00002bd4  __TI_Handler_Table_Base        
00002be0  __TI_Handler_Table_Limit       
00002be8  __TI_CINIT_Base                
00002bf8  __TI_CINIT_Limit               
20000000  __stack                        
20000200  __STACK_TOP                    
20000800  __STACK_END                    
20000854  _prevButton                    
20000858  __TI_cleanup_ptr               
2000085c  __TI_dtors_ptr                 
20000860  __TI_enable_exit_profile_output
20000864  _lock                          
20000868  _unlock                        
2000086c  errno                          
20000870  main_func_sp                   
ffffffff  __TI_pprof_out_hndl            
ffffffff  __TI_prof_data_size            
ffffffff  __TI_prof_data_start           
ffffffff  __binit__                      
ffffffff  __c_args__                     
ffffffff  binit                          
UNDEFED   SHT$$INIT_ARRAY$$Base          
UNDEFED   SHT$$INIT_ARRAY$$Limit         

[114 symbols]
